<html>
<body>
<pre>
<h1>µVision Build Log</h1>
<h2>Tool Versions:</h2>
IDE-Version: µVision V5.27.0.0
Copyright (C) 2018 ARM Ltd and ARM Germany GmbH. All rights reserved.
License Information: Tyler Wise, Student, LIC=----
 
Tool Versions:
Toolchain:       MDK-Lite  Version: 5.27.0.0
Toolchain Path:  C:\Keil_v5\ARM\ARMCLANG\Bin
C Compiler:      ArmClang.exe V6.11
Assembler:       Armasm.exe V6.11
Linker/Locator:  ArmLink.exe V6.11
Library Manager: ArmAr.exe V6.11
Hex Converter:   FromElf.exe V6.11
CPU DLL:         SARMCM3.DLL V5.27.0.0
Dialog DLL:      DCM.DLL V1.17.2.0
Target DLL:      UL2CM3.DLL V1.162.7.0
Dialog DLL:      TCM.DLL V1.36.1.0
 
<h2>Project:</h2>
Z:\Workshop 4\workshop4_prob.uvprojx
Project File Date:  03/18/2019

<h2>Output:</h2>
*** Using Compiler 'V6.11', folder: 'C:\Keil_v5\ARM\ARMCLANG\Bin'
Build target 'prob'
assembling workshop4_asm_functions_prob.s...
linking...
Program Size: Code=15272 RO-data=1688 RW-data=88 ZI-data=4600  
".\Objects\target_sim.axf" - 0 Error(s), 0 Warning(s).

<h2>Software Packages used:</h2>

Package Vendor: ARM
                http://www.keil.com/pack/ARM.CMSIS.5.4.0.pack
                ARM.CMSIS.5.4.0
                CMSIS (Cortex Microcontroller Software Interface Standard)
   * Component: CORE Version: 5.1.2
   * Component: Startup Version: 1.0.1

Package Vendor: Keil
                http://www.keil.com/pack/Keil.ARM_Compiler.1.6.1.pack
                Keil.ARM_Compiler.1.6.1
                Keil ARM Compiler extensions for ARM Compiler 5 and ARM Compiler 6
   * Component: STDOUT Variant: ITM Version: 1.2.0

<h2>Collection of Component include folders:</h2>
  .\RTE\_prob
  C:\Keil_v5\ARM\PACK\ARM\CMSIS\5.4.0\CMSIS\Core\Include
  C:\Keil_v5\ARM\PACK\ARM\CMSIS\5.4.0\Device\ARM\ARMCM4\Include

<h2>Collection of Component Files used:</h2>

   * Component: ARM::CMSIS:CORE:5.1.2

   * Component: ARM::Device:Startup:1.0.1
      Source file:   Device\ARM\ARMCM4\Source\ARM\startup_ARMCM4.s
      Source file:   Device\ARM\ARMCM4\Source\system_ARMCM4.c

   * Component: Keil.ARM Compiler::Compiler:I/O:STDOUT:ITM:1.2.0
      Source file:   Source\retarget_io.c
Build Time Elapsed:  00:00:00
</pre>
</body>
</html>
