Component: ARM Compiler 5.06 update 6 (build 750) Tool: armlink [4d35ed]

==============================================================================

Section Cross References

    lab10_main_prob.o(i.main) refers to _printf_percent.o(.ARM.Collect$$_printf_percent$$00000000) for _printf_percent
    lab10_main_prob.o(i.main) refers to _printf_d.o(.ARM.Collect$$_printf_percent$$00000009) for _printf_d
    lab10_main_prob.o(i.main) refers to _printf_dec.o(.text) for _printf_int_dec
    lab10_main_prob.o(i.main) refers to _printf_x.o(.ARM.Collect$$_printf_percent$$0000000C) for _printf_x
    lab10_main_prob.o(i.main) refers to _printf_hex_int.o(.text) for _printf_longlong_hex
    lab10_main_prob.o(i.main) refers to rand.o(.text) for srand
    lab10_main_prob.o(i.main) refers to rand.o(.emb_text) for rand
    lab10_main_prob.o(i.main) refers to lab10_c_functions.o(i.C_number_of_1s_alg1) for C_number_of_1s_alg1
    lab10_main_prob.o(i.main) refers to noretval__2printf.o(.text) for __2printf
    lab10_main_prob.o(i.main) refers to lab10_c_functions.o(i.C_number_of_1s_alg2) for C_number_of_1s_alg2
    lab10_main_prob.o(i.main) refers to lab10_c_functions.o(i.C_number_of_1s_alg3) for C_number_of_1s_alg3
    lab10_main_prob.o(i.main) refers to lab10_asm_functions_prob.o(my_asm_code) for asm_number_of_1s_alg1
    lab10_main_prob.o(i.main) refers to lab10_main_prob.o(.bss) for array_data
    lab10_main_prob.o(i.main) refers to lab10_main_prob.o(.data) for A
    retarget_io.o(i.ITM_ReceiveChar) refers to retarget_io.o(.data) for ITM_RxBuffer
    retarget_io.o(i._sys_open) refers to strcmpv7m.o(.text) for strcmp
    retarget_io.o(i._sys_write) refers to retarget_io.o(i.stdout_putchar) for stdout_putchar
    retarget_io.o(i.stdout_putchar) refers to retarget_io.o(i.ITM_SendChar) for ITM_SendChar
    startup_armcm4.o(RESET) refers to startup_armcm4.o(STACK) for __initial_sp
    startup_armcm4.o(RESET) refers to startup_armcm4.o(.text) for Reset_Handler
    startup_armcm4.o(.text) refers to system_armcm4.o(i.SystemInit) for SystemInit
    startup_armcm4.o(.text) refers to __main.o(!!!main) for __main
    system_armcm4.o(i.SystemCoreClockUpdate) refers to system_armcm4.o(.data) for SystemCoreClock
    system_armcm4.o(i.SystemInit) refers to startup_armcm4.o(RESET) for __Vectors
    system_armcm4.o(i.SystemInit) refers to system_armcm4.o(.data) for SystemCoreClock
    __2printf.o(.text) refers to _printf_char_file.o(.text) for _printf_char_file
    __2printf.o(.text) refers to stdio_streams.o(.bss) for __stdout
    noretval__2printf.o(.text) refers to _printf_char_file.o(.text) for _printf_char_file
    noretval__2printf.o(.text) refers to stdio_streams.o(.bss) for __stdout
    __printf.o(.text) refers to _printf_percent.o(.ARM.Collect$$_printf_percent$$00000000) for _printf_percent
    _printf_dec.o(.text) refers to _printf_intcommon.o(.text) for _printf_int_common
    _printf_hex_ll.o(.text) refers to _printf_intcommon.o(.text) for _printf_int_common
    _printf_hex_ll.o(.text) refers to _printf_hex_ll.o(.constdata) for .constdata
    _printf_hex_int.o(.text) refers to _printf_intcommon.o(.text) for _printf_int_common
    _printf_hex_int.o(.text) refers to _printf_hex_int.o(.constdata) for .constdata
    _printf_hex_int_ll.o(.text) refers to _printf_intcommon.o(.text) for _printf_int_common
    _printf_hex_int_ll.o(.text) refers to _printf_hex_int_ll.o(.constdata) for .constdata
    _printf_hex_ptr.o(.text) refers to _printf_intcommon.o(.text) for _printf_int_common
    _printf_hex_ptr.o(.text) refers to _printf_hex_ptr.o(.constdata) for .constdata
    _printf_hex_int_ptr.o(.text) refers to _printf_intcommon.o(.text) for _printf_int_common
    _printf_hex_int_ptr.o(.text) refers to _printf_hex_int_ptr.o(.constdata) for .constdata
    _printf_hex_ll_ptr.o(.text) refers to _printf_intcommon.o(.text) for _printf_int_common
    _printf_hex_ll_ptr.o(.text) refers to _printf_hex_ll_ptr.o(.constdata) for .constdata
    _printf_hex_int_ll_ptr.o(.text) refers to _printf_intcommon.o(.text) for _printf_int_common
    _printf_hex_int_ll_ptr.o(.text) refers to _printf_hex_int_ll_ptr.o(.constdata) for .constdata
    __printf_flags.o(.text) refers to _printf_percent.o(.ARM.Collect$$_printf_percent$$00000000) for _printf_percent
    __printf_flags.o(.text) refers to __printf_flags.o(.constdata) for .constdata
    __printf_ss.o(.text) refers to _printf_percent.o(.ARM.Collect$$_printf_percent$$00000000) for _printf_percent
    __printf_flags_ss.o(.text) refers to _printf_percent.o(.ARM.Collect$$_printf_percent$$00000000) for _printf_percent
    __printf_flags_ss.o(.text) refers to __printf_flags_ss.o(.constdata) for .constdata
    __printf_wp.o(.text) refers to __printf_wp.o(i._is_digit) for _is_digit
    __printf_wp.o(.text) refers to _printf_percent.o(.ARM.Collect$$_printf_percent$$00000000) for _printf_percent
    __printf_flags_wp.o(.text) refers to __printf_wp.o(i._is_digit) for _is_digit
[...]
    heap2mt.o(i._malloc$realtime$concurrent) refers to fdtree.o(i._FDTree_Insert) for _FDTree_Insert
    heap2mt.o(i._posix_memalign$realtime$concurrent) refers to rt_heap_descriptor_intlibspace.o(.text) for __rt_heap_descriptor
    heap2mt.o(i._posix_memalign$realtime$concurrent) refers to fdtree.o(i._FDTree_FindFirst) for _FDTree_FindFirst
    heap2mt.o(i._posix_memalign$realtime$concurrent) refers to init_alloc.o(.text) for __Heap_Full
    heap2mt.o(i._posix_memalign$realtime$concurrent) refers to fdtree.o(i._FDTree_RemoveNode) for _FDTree_RemoveNode
    heap2mt.o(i._posix_memalign$realtime$concurrent) refers to fdtree.o(i._FDTree_Insert) for _FDTree_Insert
    heap2mt.o(i._realloc$realtime$concurrent) refers to rt_heap_descriptor_intlibspace.o(.text) for __rt_heap_descriptor
    heap2mt.o(i._realloc$realtime$concurrent) refers to fdtree.o(i._FDTree_Insert) for _FDTree_Insert
    heap2mt.o(i._realloc$realtime$concurrent) refers to h1_free.o(.text) for free
    heap2mt.o(i._realloc$realtime$concurrent) refers to h1_alloc.o(.text) for malloc
    heap2mt.o(i._realloc$realtime$concurrent) refers to fdtree.o(i._FDTree_Delete) for _FDTree_Delete
    heap2mt.o(i._realloc$realtime$concurrent) refers to rt_memcpy_w.o(.text) for __aeabi_memcpy4
    flsbuf.o(.text) refers to stdio.o(.text) for _deferredlazyseek
    flsbuf.o(.text) refers to retarget_io.o(i._sys_flen) for _sys_flen
    flsbuf.o(.text) refers to retarget_io.o(i._sys_istty) for _sys_istty
    flsbuf.o(.text) refers to h1_alloc.o(.text) for malloc
    streamlock.o(.data) refers (Special) to initio.o(.text) for _initio
    fopen.o(.text) refers to fclose.o(.text) for _fclose_internal
    fopen.o(.text) refers to retarget_io.o(i._sys_open) for _sys_open
    fopen.o(.text) refers to fseek.o(.text) for _fseek
    fopen.o(.text) refers to h1_alloc.o(.text) for malloc
    fopen.o(.text) refers to rt_memclr_w.o(.text) for __aeabi_memclr4
    fopen.o(.text) refers to stdio_streams.o(.bss) for __stdin
    fclose.o(.text) refers to stdio.o(.text) for _fflush
    fclose.o(.text) refers to retarget_io.o(i._sys_close) for _sys_close
    fclose.o(.text) refers to h1_free.o(.text) for free
    fclose.o(.text) refers to rt_memclr_w.o(.text) for __aeabi_memclr4
    fopen_locked.o(.text) refers to fclose.o(.text) for _fclose_internal
    fopen_locked.o(.text) refers to retarget_io.o(i._sys_open) for _sys_open
    fopen_locked.o(.text) refers to fseek.o(.text) for _fseek
    fopen_locked.o(.text) refers to h1_alloc.o(.text) for malloc
    fopen_locked.o(.text) refers to rt_memclr_w.o(.text) for __aeabi_memclr4
    fopen_locked.o(.text) refers to streamlock.o(.data) for _stream_list_lock
    fopen_locked.o(.text) refers to stdio_streams.o(.bss) for __stdin
    exit.o(.text) refers to rtexit.o(.ARM.Collect$$rtexit$$00000000) for __rt_exit
    defsig_rtred_outer.o(.text) refers to defsig_rtred_inner.o(.text) for __rt_SIGRTRED_inner
    defsig_rtred_outer.o(.text) refers to defsig_exit.o(.text) for __sig_exit
    defsig_rtred_formal.o(.text) refers to rt_raise.o(.text) for __rt_raise
    _get_argv_nomalloc.o(.text) refers (Special) to hrguard.o(.text) for __heap_region$guard
    _get_argv_nomalloc.o(.text) refers to defsig_rtmem_outer.o(.text) for __rt_SIGRTMEM
    _get_argv_nomalloc.o(.text) refers to sys_command.o(.text) for _sys_command_string
    libinit.o(.ARM.Collect$$libinit$$00000000) refers (Special) to libinit2.o(.ARM.Collect$$libinit$$0000002E) for __rt_lib_init_alloca_1
    libinit.o(.ARM.Collect$$libinit$$00000000) refers (Special) to libinit2.o(.ARM.Collect$$libinit$$0000002C) for __rt_lib_init_argv_1
    libinit.o(.ARM.Collect$$libinit$$00000000) refers (Special) to libinit2.o(.ARM.Collect$$libinit$$0000001B) for __rt_lib_init_atexit_1
    libinit.o(.ARM.Collect$$libinit$$00000000) refers (Special) to libinit2.o(.ARM.Collect$$libinit$$00000021) for __rt_lib_init_clock_1
    libinit.o(.ARM.Collect$$libinit$$00000000) refers (Special) to libinit2.o(.ARM.Collect$$libinit$$00000032) for __rt_lib_init_cpp_1
    libinit.o(.ARM.Collect$$libinit$$00000000) refers (Special) to libinit2.o(.ARM.Collect$$libinit$$00000030) for __rt_lib_init_exceptions_1
    libinit.o(.ARM.Collect$$libinit$$00000000) refers (Special) to libinit2.o(.ARM.Collect$$libinit$$00000001) for __rt_lib_init_fp_1
    libinit.o(.ARM.Collect$$libinit$$00000000) refers (Special) to libinit2.o(.ARM.Collect$$libinit$$0000001F) for __rt_lib_init_fp_trap_1
    libinit.o(.ARM.Collect$$libinit$$00000000) refers (Special) to libinit2.o(.ARM.Collect$$libinit$$00000023) for __rt_lib_init_getenv_1
    libinit.o(.ARM.Collect$$libinit$$00000000) refers (Special) to libinit2.o(.ARM.Collect$$libinit$$0000000A) for __rt_lib_init_heap_1
    libinit.o(.ARM.Collect$$libinit$$00000000) refers (Special) to libinit2.o(.ARM.Collect$$libinit$$00000011) for __rt_lib_init_lc_collate_1
    libinit.o(.ARM.Collect$$libinit$$00000000) refers (Special) to libinit2.o(.ARM.Collect$$libinit$$00000013) for __rt_lib_init_lc_ctype_1
    libinit.o(.ARM.Collect$$libinit$$00000000) refers (Special) to libinit2.o(.ARM.Collect$$libinit$$00000015) for __rt_lib_init_lc_monetary_1
    libinit.o(.ARM.Collect$$libinit$$00000000) refers (Special) to libinit2.o(.ARM.Collect$$libinit$$00000017) for __rt_lib_init_lc_numeric_1
    libinit.o(.ARM.Collect$$libinit$$00000000) refers (Special) to libinit2.o(.ARM.Collect$$libinit$$00000019) for __rt_lib_init_lc_time_1
    libinit.o(.ARM.Collect$$libinit$$00000000) refers (Special) to libinit2.o(.ARM.Collect$$libinit$$00000004) for __rt_lib_init_preinit_1
    libinit.o(.ARM.Collect$$libinit$$00000000) refers (Special) to libinit2.o(.ARM.Collect$$libinit$$0000000E) for __rt_lib_init_rand_1
    libinit.o(.ARM.Collect$$libinit$$00000000) refers (Special) to libinit2.o(.ARM.Collect$$libinit$$00000033) for __rt_lib_init_return
    libinit.o(.ARM.Collect$$libinit$$00000000) refers (Special) to libinit2.o(.ARM.Collect$$libinit$$0000001D) for __rt_lib_init_signal_1
    libinit.o(.ARM.Collect$$libinit$$00000000) refers (Special) to libinit2.o(.ARM.Collect$$libinit$$00000025) for __rt_lib_init_stdio_1
    libinit.o(.ARM.Collect$$libinit$$00000000) refers (Special) to libinit2.o(.ARM.Collect$$libinit$$0000000C) for __rt_lib_init_user_alloc_1
    libshutdown2.o(.ARM.Collect$$libshutdown$$00000003) refers (Weak) to initio.o(.text) for _terminateio
    libshutdown2.o(.ARM.Collect$$libshutdown$$0000000D) refers (Weak) to term_alloc.o(.text) for _terminate_alloc
    flsbuf_fwide.o(.text) refers to flsbuf.o(.text) for __flsbuf
    sys_command.o(.text) refers (Special) to use_no_semi.o(.text) for __I$use$semihosting
    sys_command.o(.text) refers (Special) to indicate_semi.o(.text) for __semihosting_library_function
    libspace.o(.text) refers to libspace.o(.bss) for __libspace_start
    sys_stackheap.o(.text) refers (Special) to indicate_semi.o(.text) for __semihosting_library_function
    sys_stackheap.o(.text) refers to use_no_semi.o(.text) for __I$use$semihosting
    rtexit.o(.ARM.Collect$$rtexit$$00000000) refers (Special) to rtexit2.o(.ARM.Collect$$rtexit$$00000004) for __rt_exit_exit
    rtexit.o(.ARM.Collect$$rtexit$$00000000) refers (Special) to rtexit2.o(.ARM.Collect$$rtexit$$00000003) for __rt_exit_ls
    rtexit.o(.ARM.Collect$$rtexit$$00000000) refers (Special) to rtexit2.o(.ARM.Collect$$rtexit$$00000002) for __rt_exit_prels_1
    rtexit.o(.ARM.exidx) refers (Special) to rtexit2.o(.ARM.Collect$$rtexit$$00000004) for __rt_exit_exit
    rtexit.o(.ARM.exidx) refers (Special) to rtexit2.o(.ARM.Collect$$rtexit$$00000003) for __rt_exit_ls
    rtexit.o(.ARM.exidx) refers (Special) to rtexit2.o(.ARM.Collect$$rtexit$$00000002) for __rt_exit_prels_1
    rtexit.o(.ARM.exidx) refers to rtexit.o(.ARM.Collect$$rtexit$$00000000) for .ARM.Collect$$rtexit$$00000000
    rt_raise.o(.text) refers to __raise.o(.text) for __raise
    rt_raise.o(.text) refers to sys_exit.o(.text) for _sys_exit
    rt_heap_descriptor.o(.text) refers to rt_heap_descriptor.o(.bss) for __rt_heap_descriptor_data
    rt_heap_descriptor_intlibspace.o(.text) refers to libspace.o(.bss) for __libspace_start
    init_alloc.o(.text) refers (Special) to hguard.o(.text) for __heap$guard
    init_alloc.o(.text) refers (Special) to libinit3.o(.ARM.Collect$$libinit$$00000006) for __rt_lib_init_heap_2
    init_alloc.o(.text) refers (Special) to maybetermalloc1.o(.emb_text) for _maybe_terminate_alloc
    init_alloc.o(.text) refers to heapauxa.o(.text) for __rt_heap_expand
    init_alloc.o(.text) refers to h1_extend.o(.text) for __Heap_ProvideMemory
    init_alloc.o(.text) refers to defsig_rtmem_outer.o(.text) for __rt_SIGRTMEM
    init_alloc.o(.text) refers to rt_heap_descriptor_intlibspace.o(.text) for __rt_heap_descriptor
    init_alloc.o(.text) refers to h1_init.o(.text) for __Heap_Initialize
    malloc.o(.text) refers (Special) to hguard.o(.text) for __heap$guard
    malloc.o(.text) refers (Special) to init_alloc.o(.text) for _init_alloc
    malloc.o(.text) refers to rt_heap_descriptor_intlibspace.o(.text) for __rt_heap_descriptor
    malloc.o(.text) refers to heapstubs.o(.text) for __Heap_Alloc
    h1_alloc.o(.text) refers (Special) to h1_init.o(.text) for __Heap_Initialize
    h1_alloc.o(.text) refers to rt_heap_descriptor_intlibspace.o(.text) for __rt_heap_descriptor
    h1_alloc.o(.text) refers to init_alloc.o(.text) for __Heap_Full
    h1_alloc_mt.o(.text) refers (Special) to h1_init.o(.text) for __Heap_Initialize
    h1_alloc_mt.o(.text) refers to init_alloc.o(.text) for __Heap_Full
    h1_alloc_mt.o(.text) refers to rt_heap_descriptor_intlibspace.o(.text) for __rt_heap_descriptor
    _printf_char_file_locked.o(.text) refers to _printf_char_common.o(.text) for _printf_char_common
    _printf_char_file_locked.o(.text) refers to fputc.o(i._fputc$unlocked) for _fputc$unlocked
    fseek.o(.text) refers to retarget_io.o(i._sys_istty) for _sys_istty
    fseek.o(.text) refers to ftell.o(.text) for _ftell_internal
    fseek.o(.text) refers to retarget_io.o(i._sys_flen) for _sys_flen
    fseek.o(.text) refers to stdio.o(.text) for _seterr
    stdio.o(.text) refers to retarget_io.o(i._sys_seek) for _sys_seek
    stdio.o(.text) refers to retarget_io.o(i._sys_write) for _sys_write
    fwritefast.o(.text) refers to stdio.o(.text) for _writebuf
    fwritefast.o(.text) refers to flsbuf.o(.text) for __flsbuf_byte
    fwritefast.o(.text) refers to rt_memcpy_v6.o(.text) for __aeabi_memcpy
    fwritefast_locked.o(.text) refers to stdio.o(.text) for _writebuf
    fwritefast_locked.o(.text) refers to flsbuf.o(.text) for __flsbuf_byte
    fwritefast_locked.o(.text) refers to rt_memcpy_v6.o(.text) for __aeabi_memcpy
    defsig_exit.o(.text) refers to sys_exit.o(.text) for _sys_exit
    defsig_rtred_inner.o(.text) refers to defsig_general.o(.text) for __default_signal_display
    defsig_rtmem_outer.o(.text) refers to defsig_rtmem_inner.o(.text) for __rt_SIGRTMEM_inner
    defsig_rtmem_outer.o(.text) refers to defsig_exit.o(.text) for __sig_exit
    defsig_rtmem_formal.o(.text) refers to rt_raise.o(.text) for __rt_raise
    assert_stdio.o(.text) refers to fputs.o(.text) for fputs
    assert_stdio.o(.text) refers to fflush.o(.text) for fflush
    assert_stdio.o(.text) refers to stdio_streams.o(.bss) for __stderr
    libinit3.o(.ARM.Collect$$libinit$$00000006) refers to libinit3.o(.ARM.Collect$$libinit$$00002717) for __lit__00000000
    libinit3.o(.ARM.Collect$$libinit$$00000006) refers (Weak) to init_alloc.o(.text) for _init_alloc
    libinit3.o(.ARM.Collect$$libinit$$00002717) refers to startup_armcm4.o(HEAP) for __heap_base
    libinit3.o(.ARM.Collect$$libinit$$00000028) refers to libinit3.o(.ARM.Collect$$libinit$$00002739) for __lit__00000002
    libinit3.o(.ARM.Collect$$libinit$$00000028) refers to argv_veneer.o(.emb_text) for __ARM_argv_veneer
    libinit3.o(.ARM.Collect$$libinit$$00002739) refers to startup_armcm4.o(HEAP) for __heap_base
    sys_exit.o(.text) refers (Special) to use_no_semi.o(.text) for __I$use$semihosting
    sys_exit.o(.text) refers (Special) to indicate_semi.o(.text) for __semihosting_library_function
    rtexit2.o(.ARM.Collect$$rtexit$$00000003) refers to libshutdown.o(.ARM.Collect$$libshutdown$$00000000) for __rt_lib_shutdown
    rtexit2.o(.ARM.Collect$$rtexit$$00000004) refers to sys_exit.o(.text) for _sys_exit
    rtexit2.o(.ARM.exidx) refers to rtexit2.o(.ARM.Collect$$rtexit$$00000001) for .ARM.Collect$$rtexit$$00000001
    rtexit2.o(.ARM.exidx) refers to rtexit2.o(.ARM.Collect$$rtexit$$00000003) for .ARM.Collect$$rtexit$$00000003
    rtexit2.o(.ARM.exidx) refers to rtexit2.o(.ARM.Collect$$rtexit$$00000004) for .ARM.Collect$$rtexit$$00000004
    maybetermalloc2.o(.emb_text) refers (Special) to term_alloc.o(.text) for _terminate_alloc
    h1_extend.o(.text) refers to h1_free.o(.text) for free
    h1_init_mt.o(.text) refers to mutex_dummy.o(.text) for _mutex_initialize
    h1_extend_mt.o(.text) refers to h1_free_mt.o(.text) for _free_internal
    fflush.o(.text) refers to stdio.o(.text) for _fflush
    fflush.o(.text) refers to fseek.o(.text) for _fseek
    fflush.o(.text) refers to stdio_streams.o(.bss) for __stdin
    fputs.o(.text) refers to fputc.o(i.fputc) for fputc
    ftell.o(.text) refers to rt_errno_addr_intlibspace.o(.text) for __aeabi_errno_addr
    fflush_locked.o(.text) refers to stdio.o(.text) for _fflush
    fflush_locked.o(.text) refers to fseek.o(.text) for _fseek
    fflush_locked.o(.text) refers to fflush.o(.text) for _do_fflush
    fflush_locked.o(.text) refers to streamlock.o(.data) for _stream_list_lock
    fflush_locked.o(.text) refers to stdio_streams.o(.bss) for __stdin
    __raise.o(.text) refers to defsig.o(CL$$defsig) for __default_signal_handler
    defsig_general.o(.text) refers to sys_wrch.o(.text) for _ttywrch
    defsig_rtmem_inner.o(.text) refers to defsig_general.o(.text) for __default_signal_display
    rt_memcpy_v6.o(.text) refers to rt_memcpy_w.o(.text) for __aeabi_memcpy4
    heapauxa.o(.text) refers to heapauxa.o(.data) for .data
    _get_argv.o(.text) refers (Special) to hrguard.o(.text) for __heap_region$guard
    _get_argv.o(.text) refers to h1_alloc.o(.text) for malloc
    _get_argv.o(.text) refers to defsig_rtmem_outer.o(.text) for __rt_SIGRTMEM
    _get_argv.o(.text) refers to sys_command.o(.text) for _sys_command_string
    sys_wrch.o(.text) refers (Special) to use_no_semi.o(.text) for __I$use$semihosting
    sys_wrch.o(.text) refers (Special) to indicate_semi.o(.text) for __semihosting_library_function
    rt_errno_addr.o(.text) refers to rt_errno_addr.o(.bss) for __aeabi_errno_addr_data
    rt_errno_addr_intlibspace.o(.text) refers to libspace.o(.bss) for __libspace_start
    term_alloc.o(.text) refers (Special) to libshutdown2.o(.ARM.Collect$$libshutdown$$0000000E) for __rt_lib_shutdown_heap_2
    term_alloc.o(.text) refers to rt_heap_descriptor_intlibspace.o(.text) for __rt_heap_descriptor
    term_alloc.o(.text) refers to h1_final.o(.text) for __Heap_Finalize
    defsig.o(CL$$defsig) refers to defsig_rtred_inner.o(.text) for __rt_SIGRTRED_inner
    defsig.o(CL$$defsig) refers to defsig_rtmem_inner.o(.text) for __rt_SIGRTMEM_inner
    libshutdown.o(.ARM.Collect$$libshutdown$$00000000) refers (Special) to libshutdown2.o(.ARM.Collect$$libshutdown$$00000002) for __rt_lib_shutdown_cpp_1
    libshutdown.o(.ARM.Collect$$libshutdown$$00000000) refers (Special) to libshutdown2.o(.ARM.Collect$$libshutdown$$00000007) for __rt_lib_shutdown_fp_trap_1
    libshutdown.o(.ARM.Collect$$libshutdown$$00000000) refers (Special) to libshutdown2.o(.ARM.Collect$$libshutdown$$0000000F) for __rt_lib_shutdown_heap_1
    libshutdown.o(.ARM.Collect$$libshutdown$$00000000) refers (Special) to libshutdown2.o(.ARM.Collect$$libshutdown$$00000010) for __rt_lib_shutdown_return
    libshutdown.o(.ARM.Collect$$libshutdown$$00000000) refers (Special) to libshutdown2.o(.ARM.Collect$$libshutdown$$0000000A) for __rt_lib_shutdown_signal_1
    libshutdown.o(.ARM.Collect$$libshutdown$$00000000) refers (Special) to libshutdown2.o(.ARM.Collect$$libshutdown$$00000004) for __rt_lib_shutdown_stdio_1
    libshutdown.o(.ARM.Collect$$libshutdown$$00000000) refers (Special) to libshutdown2.o(.ARM.Collect$$libshutdown$$0000000C) for __rt_lib_shutdown_user_alloc_1
    defsig_abrt_inner.o(.text) refers to defsig_general.o(.text) for __default_signal_display
    defsig_fpe_inner.o(.text) refers to defsig_general.o(.text) for __default_signal_display
    defsig_stak_inner.o(.text) refers to defsig_general.o(.text) for __default_signal_display
    defsig_pvfn_inner.o(.text) refers to defsig_general.o(.text) for __default_signal_display
    defsig_cppl_inner.o(.text) refers to defsig_general.o(.text) for __default_signal_display
    defsig_segv_inner.o(.text) refers to defsig_general.o(.text) for __default_signal_display
    defsig_other.o(.text) refers to defsig_general.o(.text) for __default_signal_display


==============================================================================

Removing Unused input sections from the image.

    Removing retarget_io.o(i.ITM_ReceiveChar), (36 bytes).
    Removing retarget_io.o(i._sys_read), (46 bytes).
    Removing retarget_io.o(.data), (4 bytes).
    Removing system_armcm4.o(.rev16_text), (4 bytes).
    Removing system_armcm4.o(.revsh_text), (4 bytes).
    Removing system_armcm4.o(.rrx_text), (6 bytes).
    Removing system_armcm4.o(i.SystemCoreClockUpdate), (16 bytes).

7 unused section(s) (total 116 bytes) removed from the image.

==============================================================================

Image Symbol Table

    Local Symbols

    Symbol Name                              Value     Ov Type        Size  Object(Section)

    RESET                                    0x00000000   Section      960  startup_armcm4.o(RESET)
    ../clib/angel/boardlib.s                 0x00000000   Number         0  boardinit3.o ABSOLUTE
    ../clib/angel/boardlib.s                 0x00000000   Number         0  boardinit1.o ABSOLUTE
    ../clib/angel/boardlib.s                 0x00000000   Number         0  boardinit2.o ABSOLUTE
    ../clib/angel/boardlib.s                 0x00000000   Number         0  boardshut.o ABSOLUTE
    ../clib/angel/handlers.s                 0x00000000   Number         0  __scatter_zi.o ABSOLUTE
    ../clib/angel/handlers.s                 0x00000000   Number         0  __scatter_copy.o ABSOLUTE
    ../clib/angel/kernel.s                   0x00000000   Number         0  __rtentry4.o ABSOLUTE
    ../clib/angel/kernel.s                   0x00000000   Number         0  __rtentry2.o ABSOLUTE
    ../clib/angel/kernel.s                   0x00000000   Number         0  rtexit.o ABSOLUTE
    ../clib/angel/kernel.s                   0x00000000   Number         0  __rtentry5.o ABSOLUTE
    ../clib/angel/kernel.s                   0x00000000   Number         0  __rtentry.o ABSOLUTE
    ../clib/angel/kernel.s                   0x00000000   Number         0  rtexit2.o ABSOLUTE
    ../clib/angel/rt.s                       0x00000000   Number         0  rt_raise.o ABSOLUTE
    ../clib/angel/rt.s                       0x00000000   Number         0  rt_heap_descriptor.o ABSOLUTE
    ../clib/angel/rt.s                       0x00000000   Number         0  rt_heap_descriptor_intlibspace.o ABSOLUTE
    ../clib/angel/rt.s                       0x00000000   Number         0  rt_errno_addr_intlibspace.o ABSOLUTE
    ../clib/angel/rt.s                       0x00000000   Number         0  rt_errno_addr.o ABSOLUTE
    ../clib/angel/scatter.s                  0x00000000   Number         0  __scatter.o ABSOLUTE
    ../clib/angel/startup.s                  0x00000000   Number         0  __main.o ABSOLUTE
    ../clib/angel/sys.s                      0x00000000   Number         0  libspace.o ABSOLUTE
    ../clib/angel/sys.s                      0x00000000   Number         0  sys_stackheap.o ABSOLUTE
    ../clib/angel/sys.s                      0x00000000   Number         0  use_no_semi.o ABSOLUTE
    ../clib/angel/sys.s                      0x00000000   Number         0  indicate_semi.o ABSOLUTE
    ../clib/angel/sys.s                      0x00000000   Number         0  sys_stackheap_outer.o ABSOLUTE
    ../clib/angel/sys.s                      0x00000000   Number         0  mutex_dummy.o ABSOLUTE
    ../clib/angel/sysapp.c                   0x00000000   Number         0  sys_wrch.o ABSOLUTE
    ../clib/angel/sysapp.c                   0x00000000   Number         0  sys_exit.o ABSOLUTE
    ../clib/angel/sysapp.c                   0x00000000   Number         0  sys_command.o ABSOLUTE
    ../clib/armsys.c                         0x00000000   Number         0  argv_veneer.o ABSOLUTE
    ../clib/armsys.c                         0x00000000   Number         0  no_argv.o ABSOLUTE
    ../clib/armsys.c                         0x00000000   Number         0  _get_argv_nomalloc.o ABSOLUTE
    ../clib/armsys.c                         0x00000000   Number         0  argv_veneer.o ABSOLUTE
    ../clib/armsys.c                         0x00000000   Number         0  _get_argv.o ABSOLUTE
    ../clib/assert.c                         0x00000000   Number         0  assert_stdio.o ABSOLUTE
    ../clib/heap1.c                          0x00000000   Number         0  h1_final_mt.o ABSOLUTE
    ../clib/heap1.c                          0x00000000   Number         0  h1_final.o ABSOLUTE
    ../clib/heap1.c                          0x00000000   Number         0  h1_free_mt.o ABSOLUTE
    ../clib/heap1.c                          0x00000000   Number         0  h1_init.o ABSOLUTE
    ../clib/heap1.c                          0x00000000   Number         0  h1_init_mt.o ABSOLUTE
    ../clib/heap1.c                          0x00000000   Number         0  h1_extend.o ABSOLUTE
    ../clib/heap1.c                          0x00000000   Number         0  h1_alloc.o ABSOLUTE
    ../clib/heap1.c                          0x00000000   Number         0  h1_alloc_mt.o ABSOLUTE
    ../clib/heap1.c                          0x00000000   Number         0  h1_extend_mt.o ABSOLUTE
    ../clib/heap1.c                          0x00000000   Number         0  h1_free.o ABSOLUTE
    ../clib/heap2.c                          0x00000000   Number         0  fdtree.o ABSOLUTE
    ../clib/heap2.c                          0x00000000   Number         0  heap2mt.o ABSOLUTE
    ../clib/heap2.c                          0x00000000   Number         0  heap2.o ABSOLUTE
    ../clib/heapalloc.c                      0x00000000   Number         0  hguard.o ABSOLUTE
    ../clib/heapalloc.c                      0x00000000   Number         0  hrguard.o ABSOLUTE
    ../clib/heapalloc.c                      0x00000000   Number         0  init_alloc.o ABSOLUTE
    ../clib/heapalloc.c                      0x00000000   Number         0  malloc.o ABSOLUTE
    ../clib/heapalloc.c                      0x00000000   Number         0  term_alloc.o ABSOLUTE
    ../clib/heapalloc.c                      0x00000000   Number         0  heapstubs.o ABSOLUTE
    ../clib/heapalloc.c                      0x00000000   Number         0  maybetermalloc1.o ABSOLUTE
    ../clib/heapalloc.c                      0x00000000   Number         0  free.o ABSOLUTE
    ../clib/heapalloc.c                      0x00000000   Number         0  maybetermalloc2.o ABSOLUTE
    ../clib/heapalloc.c                      0x00000000   Number         0  maybetermalloc2.o ABSOLUTE
    ../clib/heapalloc.c                      0x00000000   Number         0  maybetermalloc1.o ABSOLUTE
    ../clib/heapaux.c                        0x00000000   Number         0  heapauxi.o ABSOLUTE
    ../clib/heapaux.c                        0x00000000   Number         0  heapauxa.o ABSOLUTE
    ../clib/libinit.s                        0x00000000   Number         0  libshutdown.o ABSOLUTE
    ../clib/libinit.s                        0x00000000   Number         0  libshutdown2.o ABSOLUTE
    ../clib/libinit.s                        0x00000000   Number         0  libinit2.o ABSOLUTE
    ../clib/libinit.s                        0x00000000   Number         0  libinit.o ABSOLUTE
    ../clib/libinit.s                        0x00000000   Number         0  libinit3.o ABSOLUTE
    ../clib/memcpset.s                       0x00000000   Number         0  rt_memcpy_w.o ABSOLUTE
    ../clib/memcpset.s                       0x00000000   Number         0  rt_memcpy_v6.o ABSOLUTE
    ../clib/memcpset.s                       0x00000000   Number         0  strcmpv7m.o ABSOLUTE
    ../clib/memcpset.s                       0x00000000   Number         0  rt_memclr_w.o ABSOLUTE
    ../clib/printf.c                         0x00000000   Number         0  __printf_ss.o ABSOLUTE
    ../clib/printf.c                         0x00000000   Number         0  __printf_flags_ss.o ABSOLUTE
    ../clib/printf.c                         0x00000000   Number         0  __printf_wp.o ABSOLUTE
    ../clib/printf.c                         0x00000000   Number         0  __printf_flags_wp.o ABSOLUTE
    ../clib/printf.c                         0x00000000   Number         0  __printf_ss_wp.o ABSOLUTE
    ../clib/printf.c                         0x00000000   Number         0  _printf_intcommon.o ABSOLUTE
    ../clib/printf.c                         0x00000000   Number         0  __printf.o ABSOLUTE
    ../clib/printf.c                         0x00000000   Number         0  _printf_char_file.o ABSOLUTE
    ../clib/printf.c                         0x00000000   Number         0  _printf_char_file_locked.o ABSOLUTE
    ../clib/printf.c                         0x00000000   Number         0  __2printf.o ABSOLUTE
    ../clib/printf.c                         0x00000000   Number         0  _printf_char_common.o ABSOLUTE
    ../clib/printf.c                         0x00000000   Number         0  __printf_flags_ss_wp.o ABSOLUTE
    ../clib/printf.c                         0x00000000   Number         0  noretval__2printf.o ABSOLUTE
    ../clib/printf.c                         0x00000000   Number         0  _printf_dec.o ABSOLUTE
    ../clib/printf.c                         0x00000000   Number         0  __printf_nopercent.o ABSOLUTE
    ../clib/printf.c                         0x00000000   Number         0  _printf_hex_ll.o ABSOLUTE
    ../clib/printf.c                         0x00000000   Number         0  _printf_hex_int.o ABSOLUTE
    ../clib/printf.c                         0x00000000   Number         0  _printf_hex_int_ll.o ABSOLUTE
    ../clib/printf.c                         0x00000000   Number         0  _printf_hex_ptr.o ABSOLUTE
    ../clib/printf.c                         0x00000000   Number         0  _printf_hex_int_ptr.o ABSOLUTE
    ../clib/printf.c                         0x00000000   Number         0  _printf_hex_ll_ptr.o ABSOLUTE
    ../clib/printf.c                         0x00000000   Number         0  _printf_hex_int_ll_ptr.o ABSOLUTE
    ../clib/printf.c                         0x00000000   Number         0  __printf_flags.o ABSOLUTE
    ../clib/printf_percent.s                 0x00000000   Number         0  _printf_d.o ABSOLUTE
    ../clib/printf_percent.s                 0x00000000   Number         0  _printf_x.o ABSOLUTE
    ../clib/printf_percent.s                 0x00000000   Number         0  _printf_percent.o ABSOLUTE
    ../clib/printf_percent.s                 0x00000000   Number         0  _printf_percent_end.o ABSOLUTE
    ../clib/signal.c                         0x00000000   Number         0  defsig_rtmem_formal.o ABSOLUTE
    ../clib/signal.c                         0x00000000   Number         0  defsig_fpe_inner.o ABSOLUTE
    ../clib/signal.c                         0x00000000   Number         0  defsig_stak_inner.o ABSOLUTE
    ../clib/signal.c                         0x00000000   Number         0  defsig_rtred_formal.o ABSOLUTE
    ../clib/signal.c                         0x00000000   Number         0  defsig_rtred_outer.o ABSOLUTE
    ../clib/signal.c                         0x00000000   Number         0  defsig_rtmem_outer.o ABSOLUTE
    ../clib/signal.c                         0x00000000   Number         0  defsig_pvfn_inner.o ABSOLUTE
    ../clib/signal.c                         0x00000000   Number         0  defsig_rtred_inner.o ABSOLUTE
    ../clib/signal.c                         0x00000000   Number         0  defsig_other.o ABSOLUTE
    ../clib/signal.c                         0x00000000   Number         0  defsig_general.o ABSOLUTE
    ../clib/signal.c                         0x00000000   Number         0  defsig_segv_inner.o ABSOLUTE
    ../clib/signal.c                         0x00000000   Number         0  defsig_rtmem_inner.o ABSOLUTE
    ../clib/signal.c                         0x00000000   Number         0  __raise.o ABSOLUTE
    ../clib/signal.c                         0x00000000   Number         0  defsig_cppl_inner.o ABSOLUTE
    ../clib/signal.c                         0x00000000   Number         0  defsig_abrt_inner.o ABSOLUTE
    ../clib/signal.c                         0x00000000   Number         0  defsig_exit.o ABSOLUTE
    ../clib/signal.s                         0x00000000   Number         0  defsig.o ABSOLUTE
    ../clib/stdio.c                          0x00000000   Number         0  fseek.o ABSOLUTE
    ../clib/stdio.c                          0x00000000   Number         0  ferror_locked.o ABSOLUTE
    ../clib/stdio.c                          0x00000000   Number         0  fflush.o ABSOLUTE
    ../clib/stdio.c                          0x00000000   Number         0  fputs.o ABSOLUTE
    ../clib/stdio.c                          0x00000000   Number         0  ftell.o ABSOLUTE
    ../clib/stdio.c                          0x00000000   Number         0  fputs_locked.o ABSOLUTE
    ../clib/stdio.c                          0x00000000   Number         0  fflush_locked.o ABSOLUTE
    ../clib/stdio.c                          0x00000000   Number         0  fopen_locked.o ABSOLUTE
    ../clib/stdio.c                          0x00000000   Number         0  setvbuf_locked.o ABSOLUTE
    ../clib/stdio.c                          0x00000000   Number         0  fwritefast_locked.o ABSOLUTE
    ../clib/stdio.c                          0x00000000   Number         0  fclose.o ABSOLUTE
    ../clib/stdio.c                          0x00000000   Number         0  fopen.o ABSOLUTE
    ../clib/stdio.c                          0x00000000   Number         0  ferror.o ABSOLUTE
    ../clib/stdio.c                          0x00000000   Number         0  streamlock.o ABSOLUTE
    ../clib/stdio.c                          0x00000000   Number         0  fputc.o ABSOLUTE
    ../clib/stdio.c                          0x00000000   Number         0  setvbuf.o ABSOLUTE
    ../clib/stdio.c                          0x00000000   Number         0  initio.o ABSOLUTE
    ../clib/stdio.c                          0x00000000   Number         0  flsbuf.o ABSOLUTE
    ../clib/stdio.c                          0x00000000   Number         0  fputc_locked.o ABSOLUTE
    ../clib/stdio.c                          0x00000000   Number         0  stdio_streams.o ABSOLUTE
    ../clib/stdio.c                          0x00000000   Number         0  initio_locked.o ABSOLUTE
    ../clib/stdio.c                          0x00000000   Number         0  fwritefast.o ABSOLUTE
    ../clib/stdio.c                          0x00000000   Number         0  stdio.o ABSOLUTE
    ../clib/stdlib.c                         0x00000000   Number         0  exit.o ABSOLUTE
    ../clib/stdlib.c                         0x00000000   Number         0  rand.o ABSOLUTE
    ../clib/stdlib.c                         0x00000000   Number         0  rand.o ABSOLUTE
    ../clib/wchar.c                          0x00000000   Number         0  flsbuf_fwide.o ABSOLUTE
    ../fplib/fpinit.s                        0x00000000   Number         0  fpinit.o ABSOLUTE
    C:\Keil_v5\ARM\PACK\Keil\ARM_Compiler\1.6.0\Source\retarget_io.c 0x00000000   Number         0  retarget_io.o ABSOLUTE
    RTE\Device\ARMCM4_FP\startup_ARMCM4.s    0x00000000   Number         0  startup_armcm4.o ABSOLUTE
    RTE\Device\ARMCM4_FP\system_ARMCM4.c     0x00000000   Number         0  system_armcm4.o ABSOLUTE
    RTE\\Device\\ARMCM4_FP\\system_ARMCM4.c  0x00000000   Number         0  system_armcm4.o ABSOLUTE
    dc.s                                     0x00000000   Number         0  dc.o ABSOLUTE
    source\lab10_asm_functions_prob.s        0x00000000   Number         0  lab10_asm_functions_prob.o ABSOLUTE
    source\lab10_c_functions.c               0x00000000   Number         0  lab10_c_functions.o ABSOLUTE
    source\lab10_main_prob.c                 0x00000000   Number         0  lab10_main_prob.o ABSOLUTE
    !!!main                                  0x000003c0   Section        8  __main.o(!!!main)
    !!!scatter                               0x000003c8   Section       52  __scatter.o(!!!scatter)
    !!handler_copy                           0x000003fc   Section       26  __scatter_copy.o(!!handler_copy)
    !!handler_zi                             0x00000418   Section       28  __scatter_zi.o(!!handler_zi)
    .ARM.Collect$$_printf_percent$$00000000  0x00000434   Section        0  _printf_percent.o(.ARM.Collect$$_printf_percent$$00000000)
    .ARM.Collect$$_printf_percent$$00000009  0x00000434   Section        6  _printf_d.o(.ARM.Collect$$_printf_percent$$00000009)
    .ARM.Collect$$_printf_percent$$0000000C  0x0000043a   Section        6  _printf_x.o(.ARM.Collect$$_printf_percent$$0000000C)
    .ARM.Collect$$_printf_percent$$00000017  0x00000440   Section        4  _printf_percent_end.o(.ARM.Collect$$_printf_percent$$00000017)
    .ARM.Collect$$libinit$$00000000          0x00000444   Section        2  libinit.o(.ARM.Collect$$libinit$$00000000)
    .ARM.Collect$$libinit$$00000001          0x00000446   Section        4  libinit2.o(.ARM.Collect$$libinit$$00000001)
    .ARM.Collect$$libinit$$00000004          0x0000044a   Section        0  libinit2.o(.ARM.Collect$$libinit$$00000004)
    .ARM.Collect$$libinit$$00000006          0x0000044a   Section        8  libinit3.o(.ARM.Collect$$libinit$$00000006)
    .ARM.Collect$$libinit$$0000000A          0x00000452   Section        0  libinit2.o(.ARM.Collect$$libinit$$0000000A)
    .ARM.Collect$$libinit$$0000000C          0x00000452   Section        0  libinit2.o(.ARM.Collect$$libinit$$0000000C)
    .ARM.Collect$$libinit$$0000000D          0x00000452   Section        4  libinit2.o(.ARM.Collect$$libinit$$0000000D)
    .ARM.Collect$$libinit$$0000000E          0x00000456   Section        0  libinit2.o(.ARM.Collect$$libinit$$0000000E)
    .ARM.Collect$$libinit$$00000011          0x00000456   Section        0  libinit2.o(.ARM.Collect$$libinit$$00000011)
    .ARM.Collect$$libinit$$00000013          0x00000456   Section        0  libinit2.o(.ARM.Collect$$libinit$$00000013)
    .ARM.Collect$$libinit$$00000015          0x00000456   Section        0  libinit2.o(.ARM.Collect$$libinit$$00000015)
    .ARM.Collect$$libinit$$00000017          0x00000456   Section        0  libinit2.o(.ARM.Collect$$libinit$$00000017)
    .ARM.Collect$$libinit$$00000019          0x00000456   Section        0  libinit2.o(.ARM.Collect$$libinit$$00000019)
    .ARM.Collect$$libinit$$0000001B          0x00000456   Section        0  libinit2.o(.ARM.Collect$$libinit$$0000001B)
    .ARM.Collect$$libinit$$0000001D          0x00000456   Section        0  libinit2.o(.ARM.Collect$$libinit$$0000001D)
    .ARM.Collect$$libinit$$0000001F          0x00000456   Section        0  libinit2.o(.ARM.Collect$$libinit$$0000001F)
    .ARM.Collect$$libinit$$00000021          0x00000456   Section        0  libinit2.o(.ARM.Collect$$libinit$$00000021)
    .ARM.Collect$$libinit$$00000023          0x00000456   Section        0  libinit2.o(.ARM.Collect$$libinit$$00000023)
    .ARM.Collect$$libinit$$00000024          0x00000456   Section        4  libinit2.o(.ARM.Collect$$libinit$$00000024)
    .ARM.Collect$$libinit$$00000025          0x0000045a   Section        0  libinit2.o(.ARM.Collect$$libinit$$00000025)
    .ARM.Collect$$libinit$$0000002C          0x0000045a   Section        0  libinit2.o(.ARM.Collect$$libinit$$0000002C)
    .ARM.Collect$$libinit$$0000002E          0x0000045a   Section        0  libinit2.o(.ARM.Collect$$libinit$$0000002E)
    .ARM.Collect$$libinit$$00000030          0x0000045a   Section        0  libinit2.o(.ARM.Collect$$libinit$$00000030)
    .ARM.Collect$$libinit$$00000032          0x0000045a   Section        0  libinit2.o(.ARM.Collect$$libinit$$00000032)
    .ARM.Collect$$libinit$$00000033          0x0000045a   Section        2  libinit2.o(.ARM.Collect$$libinit$$00000033)
    .ARM.Collect$$libinit$$00002717          0x0000045c   Section        8  libinit3.o(.ARM.Collect$$libinit$$00002717)
    __lit__00000000                          0x0000045c   Data           4  libinit3.o(.ARM.Collect$$libinit$$00002717)
    __lit__00000001                          0x00000460   Data           4  libinit3.o(.ARM.Collect$$libinit$$00002717)
    .ARM.Collect$$libshutdown$$00000000      0x00000464   Section        2  libshutdown.o(.ARM.Collect$$libshutdown$$00000000)
    .ARM.Collect$$libshutdown$$00000002      0x00000466   Section        0  libshutdown2.o(.ARM.Collect$$libshutdown$$00000002)
    .ARM.Collect$$libshutdown$$00000003      0x00000466   Section        4  libshutdown2.o(.ARM.Collect$$libshutdown$$00000003)
    .ARM.Collect$$libshutdown$$00000004      0x0000046a   Section        0  libshutdown2.o(.ARM.Collect$$libshutdown$$00000004)
    .ARM.Collect$$libshutdown$$00000007      0x0000046a   Section        0  libshutdown2.o(.ARM.Collect$$libshutdown$$00000007)
    .ARM.Collect$$libshutdown$$0000000A      0x0000046a   Section        0  libshutdown2.o(.ARM.Collect$$libshutdown$$0000000A)
    .ARM.Collect$$libshutdown$$0000000C      0x0000046a   Section        0  libshutdown2.o(.ARM.Collect$$libshutdown$$0000000C)
    .ARM.Collect$$libshutdown$$0000000F      0x0000046a   Section        0  libshutdown2.o(.ARM.Collect$$libshutdown$$0000000F)
    .ARM.Collect$$libshutdown$$00000010      0x0000046a   Section        2  libshutdown2.o(.ARM.Collect$$libshutdown$$00000010)
    .ARM.Collect$$rtentry$$00000000          0x0000046c   Section        0  __rtentry.o(.ARM.Collect$$rtentry$$00000000)
    .ARM.Collect$$rtentry$$00000002          0x0000046c   Section        0  __rtentry2.o(.ARM.Collect$$rtentry$$00000002)
    .ARM.Collect$$rtentry$$00000005          0x0000046c   Section        4  __rtentry5.o(.ARM.Collect$$rtentry$$00000005)
    .ARM.Collect$$rtentry$$00000009          0x00000470   Section        0  __rtentry2.o(.ARM.Collect$$rtentry$$00000009)
    .ARM.Collect$$rtentry$$0000000A          0x00000470   Section        4  __rtentry2.o(.ARM.Collect$$rtentry$$0000000A)
    .ARM.Collect$$rtentry$$0000000C          0x00000474   Section        0  __rtentry2.o(.ARM.Collect$$rtentry$$0000000C)
    .ARM.Collect$$rtentry$$0000000D          0x00000474   Section        8  __rtentry2.o(.ARM.Collect$$rtentry$$0000000D)
    .ARM.Collect$$rtentry$$00002716          0x0000047c   Section        4  __rtentry5.o(.ARM.Collect$$rtentry$$00002716)
    __lit__00000000                          0x0000047c   Data           4  __rtentry5.o(.ARM.Collect$$rtentry$$00002716)
    .ARM.Collect$$rtexit$$00000000           0x00000480   Section        2  rtexit.o(.ARM.Collect$$rtexit$$00000000)
    .ARM.Collect$$rtexit$$00000002           0x00000482   Section        0  rtexit2.o(.ARM.Collect$$rtexit$$00000002)
    .ARM.Collect$$rtexit$$00000003           0x00000482   Section        4  rtexit2.o(.ARM.Collect$$rtexit$$00000003)
    .ARM.Collect$$rtexit$$00000004           0x00000486   Section        6  rtexit2.o(.ARM.Collect$$rtexit$$00000004)
    .emb_text                                0x0000048c   Section       52  rand.o(.emb_text)
    .emb_text                                0x000004c0   Section        0  maybetermalloc1.o(.emb_text)
    .text                                    0x000004c0   Section       56  startup_armcm4.o(.text)
    $v0                                      0x000004c0   Number         0  startup_armcm4.o(.text)
    .text                                    0x000004f8   Section        0  noretval__2printf.o(.text)
    .text                                    0x00000510   Section        0  __printf.o(.text)
    .text                                    0x00000578   Section        0  _printf_dec.o(.text)
    .text                                    0x000005f0   Section        0  _printf_hex_int.o(.text)
    .text                                    0x00000648   Section        0  rand.o(.text)
    .text                                    0x00000684   Section      128  strcmpv7m.o(.text)
    .text                                    0x00000704   Section        0  _printf_intcommon.o(.text)
    .text                                    0x000007b8   Section        0  _printf_char_file.o(.text)
    .text                                    0x000007dc   Section        0  _printf_char_common.o(.text)
    _printf_input_char                       0x000007dd   Thumb Code    10  _printf_char_common.o(.text)
    .text                                    0x0000080c   Section        0  ferror.o(.text)
    .text                                    0x00000814   Section        0  initio.o(.text)
    .text                                    0x0000094c   Section        0  h1_free.o(.text)
    .text                                    0x0000099a   Section        0  flsbuf.o(.text)
    .text                                    0x00000b70   Section        0  setvbuf.o(.text)
    .text                                    0x00000bb8   Section        0  fopen.o(.text)
    _freopen_locked                          0x00000bb9   Thumb Code     0  fopen.o(.text)
    .text                                    0x00000ca4   Section        0  fclose.o(.text)
    .text                                    0x00000cf0   Section        0  exit.o(.text)
    .text                                    0x00000d02   Section        0  defsig_rtred_outer.o(.text)
    .text                                    0x00000d10   Section       78  rt_memclr_w.o(.text)
    .text                                    0x00000d60   Section        8  rt_heap_descriptor_intlibspace.o(.text)
    .text                                    0x00000d68   Section        0  hguard.o(.text)
    .text                                    0x00000d6c   Section        0  init_alloc.o(.text)
    .text                                    0x00000df6   Section        0  h1_alloc.o(.text)
    .text                                    0x00000e54   Section        0  fseek.o(.text)
    .text                                    0x00000f4c   Section        0  stdio.o(.text)
    .text                                    0x0000103c   Section        0  defsig_exit.o(.text)
    .text                                    0x00001048   Section        0  defsig_rtred_inner.o(.text)
    .text                                    0x0000107c   Section        0  defsig_rtmem_outer.o(.text)
    .text                                    0x0000108c   Section        0  sys_exit.o(.text)
    .text                                    0x00001098   Section        2  use_no_semi.o(.text)
    .text                                    0x0000109a   Section        0  indicate_semi.o(.text)
    .text                                    0x0000109a   Section        0  h1_init.o(.text)
    .text                                    0x000010a8   Section        0  h1_extend.o(.text)
    .text                                    0x000010dc   Section        0  ftell.o(.text)
    .text                                    0x0000111e   Section        0  defsig_general.o(.text)
    .text                                    0x00001150   Section        0  defsig_rtmem_inner.o(.text)
    .text                                    0x000011a0   Section        0  heapauxa.o(.text)
    .text                                    0x000011f0   Section        0  sys_wrch.o(.text)
    .text                                    0x00001200   Section        8  rt_errno_addr_intlibspace.o(.text)
    i.C_number_of_1s_alg1                    0x00001208   Section        0  lab10_c_functions.o(i.C_number_of_1s_alg1)
    i.C_number_of_1s_alg2                    0x0000121a   Section        0  lab10_c_functions.o(i.C_number_of_1s_alg2)
    i.C_number_of_1s_alg3                    0x0000123c   Section        0  lab10_c_functions.o(i.C_number_of_1s_alg3)
    i.ITM_SendChar                           0x00001250   Section        0  retarget_io.o(i.ITM_SendChar)
    i.SystemInit                             0x00001280   Section        0  system_armcm4.o(i.SystemInit)
    i._sys_close                             0x000012b0   Section        0  retarget_io.o(i._sys_close)
    i._sys_flen                              0x000012d6   Section        0  retarget_io.o(i._sys_flen)
    i._sys_istty                             0x000012fa   Section        0  retarget_io.o(i._sys_istty)
    i._sys_open                              0x00001320   Section        0  retarget_io.o(i._sys_open)
    i._sys_seek                              0x00001388   Section        0  retarget_io.o(i._sys_seek)
    i._sys_write                             0x000013b4   Section        0  retarget_io.o(i._sys_write)
    i.fputc                                  0x000013fa   Section        0  fputc.o(i.fputc)
    i.main                                   0x00001414   Section        0  lab10_main_prob.o(i.main)
    i.stdout_putchar                         0x000017a4   Section        0  retarget_io.o(i.stdout_putchar)
    stdout_putchar                           0x000017a5   Thumb Code    12  retarget_io.o(i.stdout_putchar)
    my_asm_code                              0x000017b0   Section      134  lab10_asm_functions_prob.o(my_asm_code)
    $v0                                      0x000017b0   Number         0  lab10_asm_functions_prob.o(my_asm_code)
    x$fpl$fpinit                             0x00001836   Section       10  fpinit.o(x$fpl$fpinit)
    $v0                                      0x00001836   Number         0  fpinit.o(x$fpl$fpinit)
    .constdata                               0x00001840   Section       23  retarget_io.o(.constdata)
    .constdata                               0x00001857   Section       40  _printf_hex_int.o(.constdata)
    uc_hextab                                0x00001857   Data          20  _printf_hex_int.o(.constdata)
    lc_hextab                                0x0000186b   Data          20  _printf_hex_int.o(.constdata)
    .data                                    0x20000000   Section       16  lab10_main_prob.o(.data)
    .data                                    0x20000010   Section        4  system_armcm4.o(.data)
    .data                                    0x20000014   Section        4  stdio_streams.o(.data)
    .data                                    0x20000018   Section        4  stdio_streams.o(.data)
    .data                                    0x2000001c   Section        4  stdio_streams.o(.data)
    .data                                    0x20000020   Section        4  heapauxa.o(.data)
    __rt_heap_escrow_base                    0x20000020   Data           4  heapauxa.o(.data)
    .bss                                     0x20000024   Section      200  lab10_main_prob.o(.bss)
    .bss                                     0x200000ec   Section      228  rand.o(.bss)
    .bss                                     0x200001d0   Section       84  stdio_streams.o(.bss)
    .bss                                     0x20000224   Section       84  stdio_streams.o(.bss)
    .bss                                     0x20000278   Section       84  stdio_streams.o(.bss)
    .bss                                     0x200002cc   Section       96  libspace.o(.bss)
    HEAP                                     0x20000330   Section     3072  startup_armcm4.o(HEAP)
    STACK                                    0x20000f30   Section     1024  startup_armcm4.o(STACK)

    Global Symbols

    Symbol Name                              Value     Ov Type        Size  Object(Section)

    BuildAttributes$$THM_ISAv4$E$P$D$K$B$S$7EM$VFPi3$EXTD16$VFPS$VFMA$PE$A:L22UL41UL21$X:L11$S22US41US21$IEEE1$IW$USESV6$~STKCKD$USESV7$~SHL$OTIME$ROPI$EBA8$UX$STANDARDLIB$REQ8$EABIv2 0x00000000   Number         0  anon$$obj.o ABSOLUTE
    __ARM_use_no_argv                        0x00000000   Number         0  lab10_main_prob.o ABSOLUTE
    __Vectors                                0x00000000   Data           4  startup_armcm4.o(RESET)
    Image$$ZI$$Limit                          - Undefined Weak Reference
    __ARM_exceptions_init                     - Undefined Weak Reference
    __alloca_initialize                       - Undefined Weak Reference
    __arm_preinit_                            - Undefined Weak Reference
    __cpp_initialize__aeabi_                  - Undefined Weak Reference
    __cxa_finalize                            - Undefined Weak Reference
    __rt_locale                               - Undefined Weak Reference
    __sigvec_lookup                           - Undefined Weak Reference
    __user_heap_extent                        - Undefined Weak Reference
    _atexit_init                              - Undefined Weak Reference
    _call_atexit_fns                          - Undefined Weak Reference
    _clock_init                               - Undefined Weak Reference
    _fp_trap_init                             - Undefined Weak Reference
    _fp_trap_shutdown                         - Undefined Weak Reference
    _get_lc_collate                           - Undefined Weak Reference
    _get_lc_ctype                             - Undefined Weak Reference
    _get_lc_monetary                          - Undefined Weak Reference
    _get_lc_numeric                           - Undefined Weak Reference
    _get_lc_time                              - Undefined Weak Reference
    _getenv_init                              - Undefined Weak Reference
    _handle_redirection                       - Undefined Weak Reference
    _mutex_acquire                            - Undefined Weak Reference
    _mutex_free                               - Undefined Weak Reference
    _mutex_release                            - Undefined Weak Reference
    _printf_post_padding                      - Undefined Weak Reference
    _printf_pre_padding                       - Undefined Weak Reference
    _printf_truncate_signed                   - Undefined Weak Reference
    _printf_truncate_unsigned                 - Undefined Weak Reference
    _signal_finish                            - Undefined Weak Reference
    _signal_init                              - Undefined Weak Reference
    __Vectors_End                            0x000003c0   Data           0  startup_armcm4.o(RESET)
    __Vectors_Size                           0x000003c0   Number         0  startup_armcm4.o ABSOLUTE
    __main                                   0x000003c1   Thumb Code     8  __main.o(!!!main)
    __scatterload                            0x000003c9   Thumb Code     0  __scatter.o(!!!scatter)
    __scatterload_rt2                        0x000003c9   Thumb Code    44  __scatter.o(!!!scatter)
    __scatterload_rt2_thumb_only             0x000003c9   Thumb Code     0  __scatter.o(!!!scatter)
    __scatterload_null                       0x000003d7   Thumb Code     0  __scatter.o(!!!scatter)
    __scatterload_copy                       0x000003fd   Thumb Code    26  __scatter_copy.o(!!handler_copy)
    __scatterload_zeroinit                   0x00000419   Thumb Code    28  __scatter_zi.o(!!handler_zi)
    _printf_d                                0x00000435   Thumb Code     0  _printf_d.o(.ARM.Collect$$_printf_percent$$00000009)
    _printf_percent                          0x00000435   Thumb Code     0  _printf_percent.o(.ARM.Collect$$_printf_percent$$00000000)
    _printf_x                                0x0000043b   Thumb Code     0  _printf_x.o(.ARM.Collect$$_printf_percent$$0000000C)
    _printf_percent_end                      0x00000441   Thumb Code     0  _printf_percent_end.o(.ARM.Collect$$_printf_percent$$00000017)
    __rt_lib_init                            0x00000445   Thumb Code     0  libinit.o(.ARM.Collect$$libinit$$00000000)
    __rt_lib_init_fp_1                       0x00000447   Thumb Code     0  libinit2.o(.ARM.Collect$$libinit$$00000001)
    __rt_lib_init_heap_2                     0x0000044b   Thumb Code     0  libinit3.o(.ARM.Collect$$libinit$$00000006)
    __rt_lib_init_preinit_1                  0x0000044b   Thumb Code     0  libinit2.o(.ARM.Collect$$libinit$$00000004)
    __rt_lib_init_heap_1                     0x00000453   Thumb Code     0  libinit2.o(.ARM.Collect$$libinit$$0000000A)
    __rt_lib_init_rand_2                     0x00000453   Thumb Code     0  libinit2.o(.ARM.Collect$$libinit$$0000000D)
    __rt_lib_init_user_alloc_1               0x00000453   Thumb Code     0  libinit2.o(.ARM.Collect$$libinit$$0000000C)
    __rt_lib_init_atexit_1                   0x00000457   Thumb Code     0  libinit2.o(.ARM.Collect$$libinit$$0000001B)
    __rt_lib_init_clock_1                    0x00000457   Thumb Code     0  libinit2.o(.ARM.Collect$$libinit$$00000021)
    __rt_lib_init_fp_trap_1                  0x00000457   Thumb Code     0  libinit2.o(.ARM.Collect$$libinit$$0000001F)
    __rt_lib_init_getenv_1                   0x00000457   Thumb Code     0  libinit2.o(.ARM.Collect$$libinit$$00000023)
    __rt_lib_init_lc_collate_1               0x00000457   Thumb Code     0  libinit2.o(.ARM.Collect$$libinit$$00000011)
    __rt_lib_init_lc_ctype_1                 0x00000457   Thumb Code     0  libinit2.o(.ARM.Collect$$libinit$$00000013)
    __rt_lib_init_lc_monetary_1              0x00000457   Thumb Code     0  libinit2.o(.ARM.Collect$$libinit$$00000015)
    __rt_lib_init_lc_numeric_1               0x00000457   Thumb Code     0  libinit2.o(.ARM.Collect$$libinit$$00000017)
    __rt_lib_init_lc_time_1                  0x00000457   Thumb Code     0  libinit2.o(.ARM.Collect$$libinit$$00000019)
    __rt_lib_init_rand_1                     0x00000457   Thumb Code     0  libinit2.o(.ARM.Collect$$libinit$$0000000E)
    __rt_lib_init_signal_1                   0x00000457   Thumb Code     0  libinit2.o(.ARM.Collect$$libinit$$0000001D)
    __rt_lib_init_stdio_2                    0x00000457   Thumb Code     0  libinit2.o(.ARM.Collect$$libinit$$00000024)
    __rt_lib_init_alloca_1                   0x0000045b   Thumb Code     0  libinit2.o(.ARM.Collect$$libinit$$0000002E)
    __rt_lib_init_argv_1                     0x0000045b   Thumb Code     0  libinit2.o(.ARM.Collect$$libinit$$0000002C)
    __rt_lib_init_cpp_1                      0x0000045b   Thumb Code     0  libinit2.o(.ARM.Collect$$libinit$$00000032)
    __rt_lib_init_exceptions_1               0x0000045b   Thumb Code     0  libinit2.o(.ARM.Collect$$libinit$$00000030)
    __rt_lib_init_return                     0x0000045b   Thumb Code     0  libinit2.o(.ARM.Collect$$libinit$$00000033)
    __rt_lib_init_stdio_1                    0x0000045b   Thumb Code     0  libinit2.o(.ARM.Collect$$libinit$$00000025)
    __rt_lib_shutdown                        0x00000465   Thumb Code     0  libshutdown.o(.ARM.Collect$$libshutdown$$00000000)
    __rt_lib_shutdown_cpp_1                  0x00000467   Thumb Code     0  libshutdown2.o(.ARM.Collect$$libshutdown$$00000002)
    __rt_lib_shutdown_stdio_2                0x00000467   Thumb Code     0  libshutdown2.o(.ARM.Collect$$libshutdown$$00000003)
    __rt_lib_shutdown_fp_trap_1              0x0000046b   Thumb Code     0  libshutdown2.o(.ARM.Collect$$libshutdown$$00000007)
    __rt_lib_shutdown_heap_1                 0x0000046b   Thumb Code     0  libshutdown2.o(.ARM.Collect$$libshutdown$$0000000F)
    __rt_lib_shutdown_return                 0x0000046b   Thumb Code     0  libshutdown2.o(.ARM.Collect$$libshutdown$$00000010)
    __rt_lib_shutdown_signal_1               0x0000046b   Thumb Code     0  libshutdown2.o(.ARM.Collect$$libshutdown$$0000000A)
    __rt_lib_shutdown_stdio_1                0x0000046b   Thumb Code     0  libshutdown2.o(.ARM.Collect$$libshutdown$$00000004)
    __rt_lib_shutdown_user_alloc_1           0x0000046b   Thumb Code     0  libshutdown2.o(.ARM.Collect$$libshutdown$$0000000C)
    __rt_entry                               0x0000046d   Thumb Code     0  __rtentry.o(.ARM.Collect$$rtentry$$00000000)
    __rt_entry_presh_1                       0x0000046d   Thumb Code     0  __rtentry2.o(.ARM.Collect$$rtentry$$00000002)
    __rt_entry_sh                            0x0000046d   Thumb Code     0  __rtentry5.o(.ARM.Collect$$rtentry$$00000005)
    __rt_entry_li                            0x00000471   Thumb Code     0  __rtentry2.o(.ARM.Collect$$rtentry$$0000000A)
    __rt_entry_postsh_1                      0x00000471   Thumb Code     0  __rtentry2.o(.ARM.Collect$$rtentry$$00000009)
    __rt_entry_main                          0x00000475   Thumb Code     0  __rtentry2.o(.ARM.Collect$$rtentry$$0000000D)
    __rt_entry_postli_1                      0x00000475   Thumb Code     0  __rtentry2.o(.ARM.Collect$$rtentry$$0000000C)
    __rt_exit                                0x00000481   Thumb Code     0  rtexit.o(.ARM.Collect$$rtexit$$00000000)
    __rt_exit_ls                             0x00000483   Thumb Code     0  rtexit2.o(.ARM.Collect$$rtexit$$00000003)
    __rt_exit_prels_1                        0x00000483   Thumb Code     0  rtexit2.o(.ARM.Collect$$rtexit$$00000002)
    __rt_exit_exit                           0x00000487   Thumb Code     0  rtexit2.o(.ARM.Collect$$rtexit$$00000004)
    rand                                     0x0000048d   Thumb Code    48  rand.o(.emb_text)
    Reset_Handler                            0x000004c1   Thumb Code     8  startup_armcm4.o(.text)
    _maybe_terminate_alloc                   0x000004c1   Thumb Code     0  maybetermalloc1.o(.emb_text)
    NMI_Handler                              0x000004c9   Thumb Code     2  startup_armcm4.o(.text)
    HardFault_Handler                        0x000004cb   Thumb Code     2  startup_armcm4.o(.text)
    MemManage_Handler                        0x000004cd   Thumb Code     2  startup_armcm4.o(.text)
    BusFault_Handler                         0x000004cf   Thumb Code     2  startup_armcm4.o(.text)
    UsageFault_Handler                       0x000004d1   Thumb Code     2  startup_armcm4.o(.text)
    SVC_Handler                              0x000004d3   Thumb Code     2  startup_armcm4.o(.text)
    DebugMon_Handler                         0x000004d5   Thumb Code     2  startup_armcm4.o(.text)
    PendSV_Handler                           0x000004d7   Thumb Code     2  startup_armcm4.o(.text)
    SysTick_Handler                          0x000004d9   Thumb Code     2  startup_armcm4.o(.text)
    Interrupt0_Handler                       0x000004db   Thumb Code     2  startup_armcm4.o(.text)
    Interrupt1_Handler                       0x000004dd   Thumb Code     2  startup_armcm4.o(.text)
    Interrupt2_Handler                       0x000004df   Thumb Code     2  startup_armcm4.o(.text)
    Interrupt3_Handler                       0x000004e1   Thumb Code     2  startup_armcm4.o(.text)
    Interrupt4_Handler                       0x000004e3   Thumb Code     2  startup_armcm4.o(.text)
    Interrupt5_Handler                       0x000004e5   Thumb Code     2  startup_armcm4.o(.text)
    Interrupt6_Handler                       0x000004e7   Thumb Code     2  startup_armcm4.o(.text)
    Interrupt7_Handler                       0x000004e9   Thumb Code     2  startup_armcm4.o(.text)
    Interrupt8_Handler                       0x000004eb   Thumb Code     2  startup_armcm4.o(.text)
    Interrupt9_Handler                       0x000004ed   Thumb Code     2  startup_armcm4.o(.text)
    __2printf                                0x000004f9   Thumb Code    20  noretval__2printf.o(.text)
    __printf                                 0x00000511   Thumb Code   104  __printf.o(.text)
    _printf_int_dec                          0x00000579   Thumb Code   104  _printf_dec.o(.text)
    _printf_int_hex                          0x000005f1   Thumb Code    84  _printf_hex_int.o(.text)
    _printf_longlong_hex                     0x000005f1   Thumb Code     0  _printf_hex_int.o(.text)
    srand                                    0x00000649   Thumb Code    42  rand.o(.text)
    _rand_init                               0x00000673   Thumb Code     4  rand.o(.text)
    strcmp                                   0x00000685   Thumb Code   128  strcmpv7m.o(.text)
    _printf_int_common                       0x00000705   Thumb Code   178  _printf_intcommon.o(.text)
    _printf_char_file                        0x000007b9   Thumb Code    32  _printf_char_file.o(.text)
    _printf_char_common                      0x000007e7   Thumb Code    32  _printf_char_common.o(.text)
    ferror                                   0x0000080d   Thumb Code     8  ferror.o(.text)
    _initio                                  0x00000815   Thumb Code   210  initio.o(.text)
    _terminateio                             0x000008e7   Thumb Code    56  initio.o(.text)
    free                                     0x0000094d   Thumb Code    78  h1_free.o(.text)
    __flsbuf                                 0x0000099b   Thumb Code   470  flsbuf.o(.text)
    __flsbuf_byte                            0x0000099b   Thumb Code     0  flsbuf.o(.text)
    __flsbuf_wide                            0x0000099b   Thumb Code     0  flsbuf.o(.text)
    setvbuf                                  0x00000b71   Thumb Code    70  setvbuf.o(.text)
    freopen                                  0x00000bb9   Thumb Code   158  fopen.o(.text)
    fopen                                    0x00000c57   Thumb Code    74  fopen.o(.text)
    _fclose_internal                         0x00000ca5   Thumb Code    76  fclose.o(.text)
    fclose                                   0x00000ca5   Thumb Code     0  fclose.o(.text)
    exit                                     0x00000cf1   Thumb Code    18  exit.o(.text)
    __rt_SIGRTRED                            0x00000d03   Thumb Code    14  defsig_rtred_outer.o(.text)
    __aeabi_memclr4                          0x00000d11   Thumb Code     0  rt_memclr_w.o(.text)
    __aeabi_memclr8                          0x00000d11   Thumb Code     0  rt_memclr_w.o(.text)
    __rt_memclr_w                            0x00000d11   Thumb Code    78  rt_memclr_w.o(.text)
    _memset_w                                0x00000d15   Thumb Code     0  rt_memclr_w.o(.text)
    __rt_heap_descriptor                     0x00000d61   Thumb Code     8  rt_heap_descriptor_intlibspace.o(.text)
    __use_no_heap                            0x00000d69   Thumb Code     2  hguard.o(.text)
    __heap$guard                             0x00000d6b   Thumb Code     2  hguard.o(.text)
    _terminate_user_alloc                    0x00000d6d   Thumb Code     2  init_alloc.o(.text)
    _init_user_alloc                         0x00000d6f   Thumb Code     2  init_alloc.o(.text)
    __Heap_Full                              0x00000d71   Thumb Code    34  init_alloc.o(.text)
    __Heap_Broken                            0x00000d93   Thumb Code     6  init_alloc.o(.text)
    _init_alloc                              0x00000d99   Thumb Code    94  init_alloc.o(.text)
    malloc                                   0x00000df7   Thumb Code    94  h1_alloc.o(.text)
    _fseek                                   0x00000e55   Thumb Code   242  fseek.o(.text)
    fseek                                    0x00000e55   Thumb Code     0  fseek.o(.text)
    _seterr                                  0x00000f4d   Thumb Code    20  stdio.o(.text)
    _writebuf                                0x00000f61   Thumb Code    84  stdio.o(.text)
    _fflush                                  0x00000fb5   Thumb Code    70  stdio.o(.text)
    _deferredlazyseek                        0x00000ffb   Thumb Code    60  stdio.o(.text)
    __sig_exit                               0x0000103d   Thumb Code    10  defsig_exit.o(.text)
    __rt_SIGRTRED_inner                      0x00001049   Thumb Code    14  defsig_rtred_inner.o(.text)
    __rt_SIGRTMEM                            0x0000107d   Thumb Code    14  defsig_rtmem_outer.o(.text)
    _sys_exit                                0x0000108d   Thumb Code     8  sys_exit.o(.text)
    __I$use$semihosting                      0x00001099   Thumb Code     0  use_no_semi.o(.text)
    __use_no_semihosting_swi                 0x00001099   Thumb Code     2  use_no_semi.o(.text)
    __Heap_Initialize                        0x0000109b   Thumb Code    10  h1_init.o(.text)
    __semihosting_library_function           0x0000109b   Thumb Code     0  indicate_semi.o(.text)
    __Heap_DescSize                          0x000010a5   Thumb Code     4  h1_init.o(.text)
    __Heap_ProvideMemory                     0x000010a9   Thumb Code    52  h1_extend.o(.text)
    _ftell_internal                          0x000010dd   Thumb Code    66  ftell.o(.text)
    ftell                                    0x000010dd   Thumb Code     0  ftell.o(.text)
    __default_signal_display                 0x0000111f   Thumb Code    50  defsig_general.o(.text)
    __rt_SIGRTMEM_inner                      0x00001151   Thumb Code    22  defsig_rtmem_inner.o(.text)
    __rt_heap_escrow                         0x000011a1   Thumb Code    22  heapauxa.o(.text)
    __rt_heap_expand                         0x000011b7   Thumb Code    52  heapauxa.o(.text)
    _ttywrch                                 0x000011f1   Thumb Code    14  sys_wrch.o(.text)
    __aeabi_errno_addr                       0x00001201   Thumb Code     8  rt_errno_addr_intlibspace.o(.text)
    __errno$intlibspace                      0x00001201   Thumb Code     0  rt_errno_addr_intlibspace.o(.text)
    __rt_errno_addr$intlibspace              0x00001201   Thumb Code     0  rt_errno_addr_intlibspace.o(.text)
    C_number_of_1s_alg1                      0x00001209   Thumb Code    18  lab10_c_functions.o(i.C_number_of_1s_alg1)
    C_number_of_1s_alg2                      0x0000121b   Thumb Code    34  lab10_c_functions.o(i.C_number_of_1s_alg2)
    C_number_of_1s_alg3                      0x0000123d   Thumb Code    18  lab10_c_functions.o(i.C_number_of_1s_alg3)
    ITM_SendChar                             0x00001251   Thumb Code    42  retarget_io.o(i.ITM_SendChar)
    SystemInit                               0x00001281   Thumb Code    30  system_armcm4.o(i.SystemInit)
    _sys_close                               0x000012b1   Thumb Code    38  retarget_io.o(i._sys_close)
    _sys_flen                                0x000012d7   Thumb Code    36  retarget_io.o(i._sys_flen)
    _sys_istty                               0x000012fb   Thumb Code    36  retarget_io.o(i._sys_istty)
    _sys_open                                0x00001321   Thumb Code    80  retarget_io.o(i._sys_open)
    _sys_seek                                0x00001389   Thumb Code    44  retarget_io.o(i._sys_seek)
    _sys_write                               0x000013b5   Thumb Code    70  retarget_io.o(i._sys_write)
    fputc                                    0x000013fb   Thumb Code    26  fputc.o(i.fputc)
    main                                     0x00001415   Thumb Code   618  lab10_main_prob.o(i.main)
    asm_number_of_1s_alg1                    0x000017b1   Thumb Code    20  lab10_asm_functions_prob.o(my_asm_code)
    asm_number_of_1s_alg2                    0x000017c5   Thumb Code    18  lab10_asm_functions_prob.o(my_asm_code)
    asm_number_of_1s_alg3                    0x000017d7   Thumb Code    24  lab10_asm_functions_prob.o(my_asm_code)
    asm_number_of_1s_alg2_asm_caller         0x000017ef   Thumb Code    36  lab10_asm_functions_prob.o(my_asm_code)
    asm_number_of_1s_alg3_asm_caller         0x00001813   Thumb Code    36  lab10_asm_functions_prob.o(my_asm_code)
    _fp_init                                 0x00001837   Thumb Code    10  fpinit.o(x$fpl$fpinit)
    __fplib_config_fpu_vfp                   0x0000183f   Thumb Code     0  fpinit.o(x$fpl$fpinit)
    __fplib_config_pureend_doubles           0x0000183f   Thumb Code     0  fpinit.o(x$fpl$fpinit)
    __stdin_name                             0x00001840   Data           7  retarget_io.o(.constdata)
    __stdout_name                            0x00001847   Data           8  retarget_io.o(.constdata)
    __stderr_name                            0x0000184f   Data           8  retarget_io.o(.constdata)
    Region$$Table$$Base                      0x00001880   Number         0  anon$$obj.o(Region$$Table)
    Region$$Table$$Limit                     0x000018a0   Number         0  anon$$obj.o(Region$$Table)
    A                                        0x20000000   Data           4  lab10_main_prob.o(.data)
    B                                        0x20000004   Data           4  lab10_main_prob.o(.data)
    C                                        0x20000008   Data           4  lab10_main_prob.o(.data)
    breakPointHere                           0x2000000c   Data           4  lab10_main_prob.o(.data)
    SystemCoreClock                          0x20000010   Data           4  system_armcm4.o(.data)
    __aeabi_stdin                            0x20000014   Data           4  stdio_streams.o(.data)
    __aeabi_stdout                           0x20000018   Data           4  stdio_streams.o(.data)
    __aeabi_stderr                           0x2000001c   Data           4  stdio_streams.o(.data)
    array_data                               0x20000024   Data          40  lab10_main_prob.o(.bss)
    array_nof1a                              0x2000004c   Data          40  lab10_main_prob.o(.bss)
    array_nof1b                              0x20000074   Data          40  lab10_main_prob.o(.bss)
    array_nof1c                              0x2000009c   Data          40  lab10_main_prob.o(.bss)
    array_nof1d                              0x200000c4   Data          40  lab10_main_prob.o(.bss)
    _random_number_data                      0x200000ec   Data         228  rand.o(.bss)
    __stdin                                  0x200001d0   Data          84  stdio_streams.o(.bss)
    __stdout                                 0x20000224   Data          84  stdio_streams.o(.bss)
    __stderr                                 0x20000278   Data          84  stdio_streams.o(.bss)
    __libspace_start                         0x200002cc   Data          96  libspace.o(.bss)
    __temporary_stack_top$libspace           0x2000032c   Data           0  libspace.o(.bss)
    __heap_base                              0x20000330   Data           0  startup_armcm4.o(HEAP)
    __heap_limit                             0x20000f30   Data           0  startup_armcm4.o(HEAP)
    __stack_limit                            0x20000f30   Data           0  startup_armcm4.o(STACK)
    __initial_sp                             0x20001330   Data           0  startup_armcm4.o(STACK)



==============================================================================

Memory Map of the image

  Image Entry point : 0x000003c1

  Load Region LR_IROM1 (Base: 0x00000000, Size: 0x000018c4, Max: 0x00040000, ABSOLUTE)

    Execution Region ER_IROM1 (Exec base: 0x00000000, Load base: 0x00000000, Size: 0x000018a0, Max: 0x00040000, ABSOLUTE)

    Exec Addr    Load Addr    Size         Type   Attr      Idx    E Section Name        Object

    0x00000000   0x00000000   0x000003c0   Data   RO          157    RESET               startup_armcm4.o
    0x000003c0   0x000003c0   0x00000008   Code   RO          279  * !!!main             c_w.l(__main.o)
    0x000003c8   0x000003c8   0x00000034   Code   RO          636    !!!scatter          c_w.l(__scatter.o)
    0x000003fc   0x000003fc   0x0000001a   Code   RO          638    !!handler_copy      c_w.l(__scatter_copy.o)
    0x00000416   0x00000416   0x00000002   PAD
    0x00000418   0x00000418   0x0000001c   Code   RO          640    !!handler_zi        c_w.l(__scatter_zi.o)
    0x00000434   0x00000434   0x00000000   Code   RO          271    .ARM.Collect$$_printf_percent$$00000000  c_w.l(_printf_percent.o)
    0x00000434   0x00000434   0x00000006   Code   RO          270    .ARM.Collect$$_printf_percent$$00000009  c_w.l(_printf_d.o)
    0x0000043a   0x0000043a   0x00000006   Code   RO          269    .ARM.Collect$$_printf_percent$$0000000C  c_w.l(_printf_x.o)
    0x00000440   0x00000440   0x00000004   Code   RO          286    .ARM.Collect$$_printf_percent$$00000017  c_w.l(_printf_percent_end.o)
    0x00000444   0x00000444   0x00000002   Code   RO          470    .ARM.Collect$$libinit$$00000000  c_w.l(libinit.o)
    0x00000446   0x00000446   0x00000004   Code   RO          293    .ARM.Collect$$libinit$$00000001  c_w.l(libinit2.o)
    0x0000044a   0x0000044a   0x00000000   Code   RO          296    .ARM.Collect$$libinit$$00000004  c_w.l(libinit2.o)
    0x0000044a   0x0000044a   0x00000008   Code   RO          551    .ARM.Collect$$libinit$$00000006  c_w.l(libinit3.o)
    0x00000452   0x00000452   0x00000000   Code   RO          299    .ARM.Collect$$libinit$$0000000A  c_w.l(libinit2.o)
    0x00000452   0x00000452   0x00000000   Code   RO          301    .ARM.Collect$$libinit$$0000000C  c_w.l(libinit2.o)
    0x00000452   0x00000452   0x00000004   Code   RO          302    .ARM.Collect$$libinit$$0000000D  c_w.l(libinit2.o)
    0x00000456   0x00000456   0x00000000   Code   RO          303    .ARM.Collect$$libinit$$0000000E  c_w.l(libinit2.o)
    0x00000456   0x00000456   0x00000000   Code   RO          306    .ARM.Collect$$libinit$$00000011  c_w.l(libinit2.o)
    0x00000456   0x00000456   0x00000000   Code   RO          308    .ARM.Collect$$libinit$$00000013  c_w.l(libinit2.o)
    0x00000456   0x00000456   0x00000000   Code   RO          310    .ARM.Collect$$libinit$$00000015  c_w.l(libinit2.o)
    0x00000456   0x00000456   0x00000000   Code   RO          312    .ARM.Collect$$libinit$$00000017  c_w.l(libinit2.o)
    0x00000456   0x00000456   0x00000000   Code   RO          314    .ARM.Collect$$libinit$$00000019  c_w.l(libinit2.o)
    0x00000456   0x00000456   0x00000000   Code   RO          316    .ARM.Collect$$libinit$$0000001B  c_w.l(libinit2.o)
    0x00000456   0x00000456   0x00000000   Code   RO          318    .ARM.Collect$$libinit$$0000001D  c_w.l(libinit2.o)
    0x00000456   0x00000456   0x00000000   Code   RO          320    .ARM.Collect$$libinit$$0000001F  c_w.l(libinit2.o)
    0x00000456   0x00000456   0x00000000   Code   RO          322    .ARM.Collect$$libinit$$00000021  c_w.l(libinit2.o)
    0x00000456   0x00000456   0x00000000   Code   RO          324    .ARM.Collect$$libinit$$00000023  c_w.l(libinit2.o)
    0x00000456   0x00000456   0x00000004   Code   RO          325    .ARM.Collect$$libinit$$00000024  c_w.l(libinit2.o)
    0x0000045a   0x0000045a   0x00000000   Code   RO          326    .ARM.Collect$$libinit$$00000025  c_w.l(libinit2.o)
    0x0000045a   0x0000045a   0x00000000   Code   RO          330    .ARM.Collect$$libinit$$0000002C  c_w.l(libinit2.o)
    0x0000045a   0x0000045a   0x00000000   Code   RO          332    .ARM.Collect$$libinit$$0000002E  c_w.l(libinit2.o)
    0x0000045a   0x0000045a   0x00000000   Code   RO          334    .ARM.Collect$$libinit$$00000030  c_w.l(libinit2.o)
    0x0000045a   0x0000045a   0x00000000   Code   RO          336    .ARM.Collect$$libinit$$00000032  c_w.l(libinit2.o)
    0x0000045a   0x0000045a   0x00000002   Code   RO          337    .ARM.Collect$$libinit$$00000033  c_w.l(libinit2.o)
    0x0000045c   0x0000045c   0x00000008   Code   RO          552    .ARM.Collect$$libinit$$00002717  c_w.l(libinit3.o)
    0x00000464   0x00000464   0x00000002   Code   RO          615    .ARM.Collect$$libshutdown$$00000000  c_w.l(libshutdown.o)
    0x00000466   0x00000466   0x00000000   Code   RO          472    .ARM.Collect$$libshutdown$$00000002  c_w.l(libshutdown2.o)
    0x00000466   0x00000466   0x00000004   Code   RO          473    .ARM.Collect$$libshutdown$$00000003  c_w.l(libshutdown2.o)
    0x0000046a   0x0000046a   0x00000000   Code   RO          474    .ARM.Collect$$libshutdown$$00000004  c_w.l(libshutdown2.o)
    0x0000046a   0x0000046a   0x00000000   Code   RO          477    .ARM.Collect$$libshutdown$$00000007  c_w.l(libshutdown2.o)
    0x0000046a   0x0000046a   0x00000000   Code   RO          480    .ARM.Collect$$libshutdown$$0000000A  c_w.l(libshutdown2.o)
    0x0000046a   0x0000046a   0x00000000   Code   RO          482    .ARM.Collect$$libshutdown$$0000000C  c_w.l(libshutdown2.o)
    0x0000046a   0x0000046a   0x00000000   Code   RO          485    .ARM.Collect$$libshutdown$$0000000F  c_w.l(libshutdown2.o)
    0x0000046a   0x0000046a   0x00000002   Code   RO          486    .ARM.Collect$$libshutdown$$00000010  c_w.l(libshutdown2.o)
    0x0000046c   0x0000046c   0x00000000   Code   RO          281    .ARM.Collect$$rtentry$$00000000  c_w.l(__rtentry.o)
    0x0000046c   0x0000046c   0x00000000   Code   RO          339    .ARM.Collect$$rtentry$$00000002  c_w.l(__rtentry2.o)
    0x0000046c   0x0000046c   0x00000004   Code   RO          353    .ARM.Collect$$rtentry$$00000005  c_w.l(__rtentry5.o)
    0x00000470   0x00000470   0x00000000   Code   RO          341    .ARM.Collect$$rtentry$$00000009  c_w.l(__rtentry2.o)
    0x00000470   0x00000470   0x00000004   Code   RO          342    .ARM.Collect$$rtentry$$0000000A  c_w.l(__rtentry2.o)
    0x00000474   0x00000474   0x00000000   Code   RO          344    .ARM.Collect$$rtentry$$0000000C  c_w.l(__rtentry2.o)
    0x00000474   0x00000474   0x00000008   Code   RO          345    .ARM.Collect$$rtentry$$0000000D  c_w.l(__rtentry2.o)
    0x0000047c   0x0000047c   0x00000004   Code   RO          354    .ARM.Collect$$rtentry$$00002716  c_w.l(__rtentry5.o)
    0x00000480   0x00000480   0x00000002   Code   RO          496    .ARM.Collect$$rtexit$$00000000  c_w.l(rtexit.o)
    0x00000482   0x00000482   0x00000000   Code   RO          561    .ARM.Collect$$rtexit$$00000002  c_w.l(rtexit2.o)
    0x00000482   0x00000482   0x00000004   Code   RO          562    .ARM.Collect$$rtexit$$00000003  c_w.l(rtexit2.o)
    0x00000486   0x00000486   0x00000006   Code   RO          563    .ARM.Collect$$rtexit$$00000004  c_w.l(rtexit2.o)
    0x0000048c   0x0000048c   0x00000034   Code   RO          272    .emb_text           c_w.l(rand.o)
    0x000004c0   0x000004c0   0x00000000   Code   RO          567    .emb_text           c_w.l(maybetermalloc1.o)
    0x000004c0   0x000004c0   0x00000038   Code   RO          158    .text               startup_armcm4.o
    0x000004f8   0x000004f8   0x00000018   Code   RO          222    .text               c_w.l(noretval__2printf.o)
    0x00000510   0x00000510   0x00000068   Code   RO          224    .text               c_w.l(__printf.o)
    0x00000578   0x00000578   0x00000078   Code   RO          226    .text               c_w.l(_printf_dec.o)
    0x000005f0   0x000005f0   0x00000058   Code   RO          231    .text               c_w.l(_printf_hex_int.o)
    0x00000648   0x00000648   0x0000003c   Code   RO          273    .text               c_w.l(rand.o)
    0x00000684   0x00000684   0x00000080   Code   RO          277    .text               c_w.l(strcmpv7m.o)
    0x00000704   0x00000704   0x000000b2   Code   RO          282    .text               c_w.l(_printf_intcommon.o)
    0x000007b6   0x000007b6   0x00000002   PAD
    0x000007b8   0x000007b8   0x00000024   Code   RO          284    .text               c_w.l(_printf_char_file.o)
    0x000007dc   0x000007dc   0x00000030   Code   RO          358    .text               c_w.l(_printf_char_common.o)
    0x0000080c   0x0000080c   0x00000008   Code   RO          360    .text               c_w.l(ferror.o)
    0x00000814   0x00000814   0x00000138   Code   RO          366    .text               c_w.l(initio.o)
    0x0000094c   0x0000094c   0x0000004e   Code   RO          384    .text               c_w.l(h1_free.o)
    0x0000099a   0x0000099a   0x000001d6   Code   RO          440    .text               c_w.l(flsbuf.o)
    0x00000b70   0x00000b70   0x00000046   Code   RO          442    .text               c_w.l(setvbuf.o)
    0x00000bb6   0x00000bb6   0x00000002   PAD
    0x00000bb8   0x00000bb8   0x000000ec   Code   RO          445    .text               c_w.l(fopen.o)
    0x00000ca4   0x00000ca4   0x0000004c   Code   RO          447    .text               c_w.l(fclose.o)
    0x00000cf0   0x00000cf0   0x00000012   Code   RO          453    .text               c_w.l(exit.o)
    0x00000d02   0x00000d02   0x0000000e   Code   RO          455    .text               c_w.l(defsig_rtred_outer.o)
    0x00000d10   0x00000d10   0x0000004e   Code   RO          459    .text               c_w.l(rt_memclr_w.o)
    0x00000d5e   0x00000d5e   0x00000002   PAD
    0x00000d60   0x00000d60   0x00000008   Code   RO          503    .text               c_w.l(rt_heap_descriptor_intlibspace.o)
    0x00000d68   0x00000d68   0x00000004   Code   RO          505    .text               c_w.l(hguard.o)
    0x00000d6c   0x00000d6c   0x0000008a   Code   RO          509    .text               c_w.l(init_alloc.o)
    0x00000df6   0x00000df6   0x0000005e   Code   RO          515    .text               c_w.l(h1_alloc.o)
    0x00000e54   0x00000e54   0x000000f8   Code   RO          531    .text               c_w.l(fseek.o)
    0x00000f4c   0x00000f4c   0x000000f0   Code   RO          533    .text               c_w.l(stdio.o)
    0x0000103c   0x0000103c   0x0000000a   Code   RO          539    .text               c_w.l(defsig_exit.o)
    0x00001046   0x00001046   0x00000002   PAD
    0x00001048   0x00001048   0x00000034   Code   RO          541    .text               c_w.l(defsig_rtred_inner.o)
    0x0000107c   0x0000107c   0x0000000e   Code   RO          543    .text               c_w.l(defsig_rtmem_outer.o)
    0x0000108a   0x0000108a   0x00000002   PAD
    0x0000108c   0x0000108c   0x0000000c   Code   RO          555    .text               c_w.l(sys_exit.o)
    0x00001098   0x00001098   0x00000002   Code   RO          557    .text               c_w.l(use_no_semi.o)
    0x0000109a   0x0000109a   0x00000000   Code   RO          559    .text               c_w.l(indicate_semi.o)
    0x0000109a   0x0000109a   0x0000000e   Code   RO          569    .text               c_w.l(h1_init.o)
    0x000010a8   0x000010a8   0x00000034   Code   RO          571    .text               c_w.l(h1_extend.o)
    0x000010dc   0x000010dc   0x00000042   Code   RO          581    .text               c_w.l(ftell.o)
    0x0000111e   0x0000111e   0x00000032   Code   RO          589    .text               c_w.l(defsig_general.o)
    0x00001150   0x00001150   0x00000050   Code   RO          591    .text               c_w.l(defsig_rtmem_inner.o)
    0x000011a0   0x000011a0   0x00000050   Code   RO          595    .text               c_w.l(heapauxa.o)
    0x000011f0   0x000011f0   0x0000000e   Code   RO          602    .text               c_w.l(sys_wrch.o)
    0x000011fe   0x000011fe   0x00000002   PAD
    0x00001200   0x00001200   0x00000008   Code   RO          607    .text               c_w.l(rt_errno_addr_intlibspace.o)
    0x00001208   0x00001208   0x00000012   Code   RO           38    i.C_number_of_1s_alg1  lab10_c_functions.o
    0x0000121a   0x0000121a   0x00000022   Code   RO           39    i.C_number_of_1s_alg2  lab10_c_functions.o
    0x0000123c   0x0000123c   0x00000012   Code   RO           40    i.C_number_of_1s_alg3  lab10_c_functions.o
    0x0000124e   0x0000124e   0x00000002   PAD
    0x00001250   0x00001250   0x00000030   Code   RO           68    i.ITM_SendChar      retarget_io.o
    0x00001280   0x00001280   0x00000030   Code   RO          166    i.SystemInit        system_armcm4.o
    0x000012b0   0x000012b0   0x00000026   Code   RO           69    i._sys_close        retarget_io.o
    0x000012d6   0x000012d6   0x00000024   Code   RO           70    i._sys_flen         retarget_io.o
    0x000012fa   0x000012fa   0x00000024   Code   RO           71    i._sys_istty        retarget_io.o
    0x0000131e   0x0000131e   0x00000002   PAD
    0x00001320   0x00001320   0x00000068   Code   RO           72    i._sys_open         retarget_io.o
    0x00001388   0x00001388   0x0000002c   Code   RO           74    i._sys_seek         retarget_io.o
    0x000013b4   0x000013b4   0x00000046   Code   RO           75    i._sys_write        retarget_io.o
    0x000013fa   0x000013fa   0x0000001a   Code   RO          363    i.fputc             c_w.l(fputc.o)
    0x00001414   0x00001414   0x00000390   Code   RO            1    i.main              lab10_main_prob.o
    0x000017a4   0x000017a4   0x0000000c   Code   RO           76    i.stdout_putchar    retarget_io.o
    0x000017b0   0x000017b0   0x00000086   Code   RO           62    my_asm_code         lab10_asm_functions_prob.o
    0x00001836   0x00001836   0x0000000a   Code   RO          376    x$fpl$fpinit        fz_wm.l(fpinit.o)
    0x00001840   0x00001840   0x00000017   Data   RO           77    .constdata          retarget_io.o
    0x00001857   0x00001857   0x00000028   Data   RO          232    .constdata          c_w.l(_printf_hex_int.o)
    0x0000187f   0x0000187f   0x00000001   PAD
    0x00001880   0x00001880   0x00000020   Data   RO          634    Region$$Table       anon$$obj.o


    Execution Region RW_IRAM1 (Exec base: 0x20000000, Load base: 0x000018a0, Size: 0x00001330, Max: 0x00010000, ABSOLUTE)

    Exec Addr    Load Addr    Size         Type   Attr      Idx    E Section Name        Object

    0x20000000   0x000018a0   0x00000010   Data   RW            3    .data               lab10_main_prob.o
    0x20000010   0x000018b0   0x00000004   Data   RW          167    .data               system_armcm4.o
    0x20000014   0x000018b4   0x00000004   Data   RW          290    .data               c_w.l(stdio_streams.o)
    0x20000018   0x000018b8   0x00000004   Data   RW          291    .data               c_w.l(stdio_streams.o)
    0x2000001c   0x000018bc   0x00000004   Data   RW          292    .data               c_w.l(stdio_streams.o)
    0x20000020   0x000018c0   0x00000004   Data   RW          596    .data               c_w.l(heapauxa.o)
    0x20000024        -       0x000000c8   Zero   RW            2    .bss                lab10_main_prob.o
    0x200000ec        -       0x000000e4   Zero   RW          274    .bss                c_w.l(rand.o)
    0x200001d0        -       0x00000054   Zero   RW          287    .bss                c_w.l(stdio_streams.o)
    0x20000224        -       0x00000054   Zero   RW          288    .bss                c_w.l(stdio_streams.o)
    0x20000278        -       0x00000054   Zero   RW          289    .bss                c_w.l(stdio_streams.o)
    0x200002cc        -       0x00000060   Zero   RW          492    .bss                c_w.l(libspace.o)
    0x2000032c   0x000018c4   0x00000004   PAD
    0x20000330        -       0x00000c00   Zero   RW          156    HEAP                startup_armcm4.o
    0x20000f30        -       0x00000400   Zero   RW          155    STACK               startup_armcm4.o


==============================================================================

Image component sizes


      Code (inc. data)   RO Data    RW Data    ZI Data      Debug   Object Name

       134          0          0          0          0        724   lab10_asm_functions_prob.o
        70          0          0          0          0       1910   lab10_c_functions.o
       912        294          0         16        200       7065   lab10_main_prob.o
       388         30         23          0          0       6918   retarget_io.o
        56         10        960          0       4096       1264   startup_armcm4.o
        48         18          0          4          0        803   system_armcm4.o

    ----------------------------------------------------------------------
      1612        352       1015         20       4296      18684   Object Totals
         0          0         32          0          0          0   (incl. Generated)
         4          0          0          0          0          0   (incl. Padding)

    ----------------------------------------------------------------------

      Code (inc. data)   RO Data    RW Data    ZI Data      Debug   Library Member Name

         8          0          0          0          0         68   __main.o
       104          0          0          0          0         84   __printf.o
         0          0          0          0          0          0   __rtentry.o
        12          0          0          0          0          0   __rtentry2.o
         8          4          0          0          0          0   __rtentry5.o
        52          8          0          0          0          0   __scatter.o
        26          0          0          0          0          0   __scatter_copy.o
        28          0          0          0          0          0   __scatter_zi.o
        48          6          0          0          0         96   _printf_char_common.o
        36          4          0          0          0         80   _printf_char_file.o
         6          0          0          0          0          0   _printf_d.o
       120         16          0          0          0         92   _printf_dec.o
        88          4         40          0          0         88   _printf_hex_int.o
       178          0          0          0          0         88   _printf_intcommon.o
         0          0          0          0          0          0   _printf_percent.o
         4          0          0          0          0          0   _printf_percent_end.o
         6          0          0          0          0          0   _printf_x.o
        10          0          0          0          0         68   defsig_exit.o
        50          0          0          0          0         88   defsig_general.o
        80         58          0          0          0         76   defsig_rtmem_inner.o
        14          0          0          0          0         80   defsig_rtmem_outer.o
        52         38          0          0          0         76   defsig_rtred_inner.o
        14          0          0          0          0         80   defsig_rtred_outer.o
        18          0          0          0          0         80   exit.o
        76          0          0          0          0         88   fclose.o
         8          0          0          0          0         68   ferror.o
       470          0          0          0          0         88   flsbuf.o
       236          4          0          0          0        128   fopen.o
        26          0          0          0          0         68   fputc.o
       248          6          0          0          0         84   fseek.o
        66          0          0          0          0         76   ftell.o
        94          0          0          0          0         80   h1_alloc.o
        52          0          0          0          0         68   h1_extend.o
        78          0          0          0          0         80   h1_free.o
        14          0          0          0          0         84   h1_init.o
        80          6          0          4          0         96   heapauxa.o
         4          0          0          0          0        136   hguard.o
         0          0          0          0          0          0   indicate_semi.o
       138          0          0          0          0        168   init_alloc.o
       312         46          0          0          0        112   initio.o
         2          0          0          0          0          0   libinit.o
        14          0          0          0          0          0   libinit2.o
        16          8          0          0          0          0   libinit3.o
         2          0          0          0          0          0   libshutdown.o
         6          0          0          0          0          0   libshutdown2.o
         0          0          0          0         96          0   libspace.o
         0          0          0          0          0          0   maybetermalloc1.o
        24          4          0          0          0         84   noretval__2printf.o
       112         18          0          0        228        160   rand.o
         8          4          0          0          0         68   rt_errno_addr_intlibspace.o
         8          4          0          0          0         68   rt_heap_descriptor_intlibspace.o
        78          0          0          0          0         80   rt_memclr_w.o
         2          0          0          0          0          0   rtexit.o
        10          0          0          0          0          0   rtexit2.o
        70          0          0          0          0         80   setvbuf.o
       240          6          0          0          0        156   stdio.o
         0          0          0         12        252          0   stdio_streams.o
       128          0          0          0          0         68   strcmpv7m.o
        12          4          0          0          0         68   sys_exit.o
        14          0          0          0          0         76   sys_wrch.o
         2          0          0          0          0         68   use_no_semi.o
        10          0          0          0          0        116   fpinit.o

    ----------------------------------------------------------------------
      3636        248         41         16        580       3660   Library Totals
        14          0          1          0          4          0   (incl. Padding)

    ----------------------------------------------------------------------

      Code (inc. data)   RO Data    RW Data    ZI Data      Debug   Library Name

      3612        248         40         16        576       3544   c_w.l
        10          0          0          0          0        116   fz_wm.l

    ----------------------------------------------------------------------
      3636        248         41         16        580       3660   Library Totals

    ----------------------------------------------------------------------

==============================================================================


      Code (inc. data)   RO Data    RW Data    ZI Data      Debug   

      5248        600       1056         36       4876      19420   Grand Totals
      5248        600       1056         36       4876      19420   ELF Image Totals
      5248        600       1056         36          0          0   ROM Totals

==============================================================================

    Total RO  Size (Code + RO Data)                 6304 (   6.16kB)
    Total RW  Size (RW Data + ZI Data)              4912 (   4.80kB)
    Total ROM Size (Code + RO Data + RW Data)       6340 (   6.19kB)

==============================================================================

