Component: ARM Compiler 6.11 Tool: armlink [5d3b3900]

==============================================================================

Section Cross References

    workshop4_main.o(.ARM.exidx.text.float2Qmpn) refers to workshop4_main.o(.text.float2Qmpn) for [Anonymous Symbol]
    workshop4_main.o(.ARM.exidx.text.Qmpn2float) refers to workshop4_main.o(.text.Qmpn2float) for [Anonymous Symbol]
    workshop4_main.o(.text.main) refers to workshop4_main.o(.bss.pint1) for pint1
    workshop4_main.o(.text.main) refers to workshop4_main.o(.bss.int_array1) for int_array1
    workshop4_main.o(.text.main) refers to workshop4_main.o(.bss.pint2) for pint2
    workshop4_main.o(.text.main) refers to workshop4_main.o(.bss.int_array2) for int_array2
    workshop4_main.o(.text.main) refers to workshop4_main.o(.bss.preal1) for preal1
    workshop4_main.o(.text.main) refers to workshop4_main.o(.data.real_array1) for real_array1
    workshop4_main.o(.text.main) refers to workshop4_main.o(.bss.preal2) for preal2
    workshop4_main.o(.text.main) refers to workshop4_main.o(.data.real_array2) for real_array2
    workshop4_main.o(.text.main) refers to workshop4_main.o(.data.n) for n
    workshop4_main.o(.text.main) refers to workshop4_main.o(.text.float2Qmpn) for float2Qmpn
    workshop4_main.o(.text.main) refers to workshop4_main.o(.bss.preal3) for preal3
    workshop4_main.o(.text.main) refers to workshop4_main.o(.bss.real_array3) for real_array3
    workshop4_main.o(.text.main) refers to workshop4_main.o(.rodata.str1.1) for .L.str
    workshop4_main.o(.text.main) refers to printf.o(.text) for printf
    workshop4_main.o(.text.main) refers to f2d.o(x$fpl$f2d) for __aeabi_f2d
    workshop4_main.o(.text.main) refers to workshop4_main.o(.bss.pint3) for pint3
    workshop4_main.o(.text.main) refers to workshop4_main.o(.bss.int_array3) for int_array3
    workshop4_main.o(.text.main) refers to workshop4_asm_functions_prob.o(my_fancy_asm_code) for aTask1
    workshop4_main.o(.text.main) refers to workshop4_main.o(.text.Qmpn2float) for Qmpn2float
    workshop4_main.o(.text.main) refers to dflt_clz.o(x$fpl$dflt) for __aeabi_i2d
    workshop4_main.o(.text.main) refers to fmod.o(i.__hardfp_fmod) for __hardfp_fmod
    workshop4_main.o(.text.main) refers to dfix.o(x$fpl$dfix) for __aeabi_d2iz
    workshop4_main.o(.ARM.exidx.text.main) refers to workshop4_main.o(.text.main) for [Anonymous Symbol]
    retarget_io.o(.ARM.exidx.text.ITM_SendChar) refers to retarget_io.o(.text.ITM_SendChar) for [Anonymous Symbol]
    retarget_io.o(.text.ITM_ReceiveChar) refers to retarget_io.o(.data.ITM_RxBuffer) for ITM_RxBuffer
    retarget_io.o(.ARM.exidx.text.ITM_ReceiveChar) refers to retarget_io.o(.text.ITM_ReceiveChar) for [Anonymous Symbol]
    retarget_io.o(.text._sys_open) refers to retarget_io.o(.rodata.str1.1) for .L.str
    retarget_io.o(.text._sys_open) refers to strcmpv7em.o(.text) for strcmp
    retarget_io.o(.ARM.exidx.text._sys_open) refers to retarget_io.o(.text._sys_open) for [Anonymous Symbol]
    retarget_io.o(.ARM.exidx.text._sys_close) refers to retarget_io.o(.text._sys_close) for [Anonymous Symbol]
    retarget_io.o(.text._sys_write) refers to retarget_io.o(.text.stdout_putchar) for stdout_putchar
    retarget_io.o(.ARM.exidx.text._sys_write) refers to retarget_io.o(.text._sys_write) for [Anonymous Symbol]
    retarget_io.o(.text.stdout_putchar) refers to retarget_io.o(.text.ITM_SendChar) for ITM_SendChar
    retarget_io.o(.ARM.exidx.text.stdout_putchar) refers to retarget_io.o(.text.stdout_putchar) for [Anonymous Symbol]
    retarget_io.o(.ARM.exidx.text._sys_read) refers to retarget_io.o(.text._sys_read) for [Anonymous Symbol]
    retarget_io.o(.ARM.exidx.text._sys_istty) refers to retarget_io.o(.text._sys_istty) for [Anonymous Symbol]
    retarget_io.o(.ARM.exidx.text._sys_seek) refers to retarget_io.o(.text._sys_seek) for [Anonymous Symbol]
    retarget_io.o(.ARM.exidx.text._sys_flen) refers to retarget_io.o(.text._sys_flen) for [Anonymous Symbol]
    startup_armcm4.o(RESET) refers to startup_armcm4.o(STACK) for __initial_sp
    startup_armcm4.o(RESET) refers to startup_armcm4.o(.text) for Reset_Handler
    startup_armcm4.o(.text) refers to system_armcm4.o(.text.SystemInit) for SystemInit
    startup_armcm4.o(.text) refers to __main.o(!!!main) for __main
    system_armcm4.o(.text.SystemCoreClockUpdate) refers to system_armcm4.o(.data.SystemCoreClock) for SystemCoreClock
    system_armcm4.o(.ARM.exidx.text.SystemCoreClockUpdate) refers to system_armcm4.o(.text.SystemCoreClockUpdate) for [Anonymous Symbol]
    system_armcm4.o(.text.SystemInit) refers to startup_armcm4.o(RESET) for __Vectors
    system_armcm4.o(.text.SystemInit) refers to system_armcm4.o(.data.SystemCoreClock) for SystemCoreClock
    system_armcm4.o(.ARM.exidx.text.SystemInit) refers to system_armcm4.o(.text.SystemInit) for [Anonymous Symbol]
[...]
    .ARM.Collect$$libinit$$00000032          0x000004fa   Section        0  libinit2.o(.ARM.Collect$$libinit$$00000032)
    .ARM.Collect$$libinit$$00000033          0x000004fa   Section        2  libinit2.o(.ARM.Collect$$libinit$$00000033)
    __lit__00000000                          0x000004fc   Data           4  libinit3.o(.ARM.Collect$$libinit$$00002717)
    .ARM.Collect$$libinit$$00002717          0x000004fc   Section        8  libinit3.o(.ARM.Collect$$libinit$$00002717)
    __lit__00000001                          0x00000500   Data           4  libinit3.o(.ARM.Collect$$libinit$$00002717)
    .ARM.Collect$$libshutdown$$00000000      0x00000504   Section        2  libshutdown.o(.ARM.Collect$$libshutdown$$00000000)
    .ARM.Collect$$libshutdown$$00000002      0x00000506   Section        0  libshutdown2.o(.ARM.Collect$$libshutdown$$00000002)
    .ARM.Collect$$libshutdown$$00000003      0x00000506   Section        4  libshutdown2.o(.ARM.Collect$$libshutdown$$00000003)
    .ARM.Collect$$libshutdown$$00000004      0x0000050a   Section        0  libshutdown2.o(.ARM.Collect$$libshutdown$$00000004)
    .ARM.Collect$$libshutdown$$00000007      0x0000050a   Section        0  libshutdown2.o(.ARM.Collect$$libshutdown$$00000007)
    .ARM.Collect$$libshutdown$$0000000A      0x0000050a   Section        0  libshutdown2.o(.ARM.Collect$$libshutdown$$0000000A)
    .ARM.Collect$$libshutdown$$0000000C      0x0000050a   Section        0  libshutdown2.o(.ARM.Collect$$libshutdown$$0000000C)
    .ARM.Collect$$libshutdown$$0000000F      0x0000050a   Section        0  libshutdown2.o(.ARM.Collect$$libshutdown$$0000000F)
    .ARM.Collect$$libshutdown$$00000010      0x0000050a   Section        2  libshutdown2.o(.ARM.Collect$$libshutdown$$00000010)
    .ARM.Collect$$rtentry$$00000000          0x0000050c   Section        0  __rtentry.o(.ARM.Collect$$rtentry$$00000000)
    .ARM.Collect$$rtentry$$00000002          0x0000050c   Section        0  __rtentry2.o(.ARM.Collect$$rtentry$$00000002)
    .ARM.Collect$$rtentry$$00000005          0x0000050c   Section        4  __rtentry5.o(.ARM.Collect$$rtentry$$00000005)
    .ARM.Collect$$rtentry$$00000009          0x00000510   Section        0  __rtentry2.o(.ARM.Collect$$rtentry$$00000009)
    .ARM.Collect$$rtentry$$0000000A          0x00000510   Section        4  __rtentry2.o(.ARM.Collect$$rtentry$$0000000A)
    .ARM.Collect$$rtentry$$0000000C          0x00000514   Section        0  __rtentry2.o(.ARM.Collect$$rtentry$$0000000C)
    .ARM.Collect$$rtentry$$0000000D          0x00000514   Section        8  __rtentry2.o(.ARM.Collect$$rtentry$$0000000D)
    __lit__00000000                          0x0000051c   Data           4  __rtentry5.o(.ARM.Collect$$rtentry$$00002716)
    .ARM.Collect$$rtentry$$00002716          0x0000051c   Section        4  __rtentry5.o(.ARM.Collect$$rtentry$$00002716)
    .ARM.Collect$$rtexit$$00000000           0x00000520   Section        2  rtexit.o(.ARM.Collect$$rtexit$$00000000)
    .ARM.Collect$$rtexit$$00000002           0x00000522   Section        0  rtexit2.o(.ARM.Collect$$rtexit$$00000002)
    .ARM.Collect$$rtexit$$00000003           0x00000522   Section        4  rtexit2.o(.ARM.Collect$$rtexit$$00000003)
    .ARM.Collect$$rtexit$$00000004           0x00000526   Section        6  rtexit2.o(.ARM.Collect$$rtexit$$00000004)
    .emb_text                                0x0000052c   Section        4  argv_veneer.o(.emb_text)
    $v0                                      0x00000530   Number         0  startup_armcm4.o(.text)
    .text                                    0x00000530   Section       56  startup_armcm4.o(.text)
    .text                                    0x00000568   Section        0  printf.o(.text)
    .text                                    0x00000580   Section      124  strcmpv7em.o(.text)
    .text                                    0x000005fc   Section        0  _rserrno.o(.text)
    .text                                    0x00000612   Section        0  _printf_pad.o(.text)
    .text                                    0x00000660   Section        0  _printf_truncate.o(.text)
    .text                                    0x00000684   Section        0  _printf_str.o(.text)
    .text                                    0x000006d8   Section        0  _printf_dec.o(.text)
    .text                                    0x00000750   Section        0  _printf_charcount.o(.text)
    .text                                    0x00000778   Section        0  _printf_char_file.o(.text)
    .text                                    0x0000079c   Section        0  _printf_wctomb.o(.text)
    .text                                    0x00000858   Section        0  _printf_longlong_dec.o(.text)
    _printf_longlong_oct_internal            0x000008d5   Thumb Code     0  _printf_oct_int_ll.o(.text)
    .text                                    0x000008d4   Section        0  _printf_oct_int_ll.o(.text)
    _printf_hex_common                       0x00000945   Thumb Code     0  _printf_hex_int_ll_ptr.o(.text)
    .text                                    0x00000944   Section        0  _printf_hex_int_ll_ptr.o(.text)
    .text                                    0x000009d8   Section        0  __printf_flags_ss_wp.o(.text)
    .text                                    0x00000b60   Section        8  rt_errno_addr_intlibspace.o(.text)
    .text                                    0x00000b68   Section      138  lludiv10.o(.text)
    .text                                    0x00000bf2   Section        0  _printf_intcommon.o(.text)
    _fp_digits                               0x00000ca5   Thumb Code   432  _printf_fp_dec.o(.text)
    .text                                    0x00000ca4   Section        0  _printf_fp_dec.o(.text)
    .text                                    0x000010c0   Section        0  _printf_fp_hex.o(.text)
    _printf_input_char                       0x000013bd   Thumb Code    10  _printf_char_common.o(.text)
    .text                                    0x000013bc   Section        0  _printf_char_common.o(.text)
    .text                                    0x000013ec   Section        0  _printf_char.o(.text)
    .text                                    0x00001418   Section        0  _printf_wchar.o(.text)
    .text                                    0x00001444   Section        0  ferror.o(.text)
    .text                                    0x0000144c   Section        0  initio.o(.text)
    .text                                    0x00001584   Section        0  _c16rtomb.o(.text)
    .text                                    0x000015cc   Section       16  rt_ctype_table.o(.text)
    .text                                    0x000015dc   Section        8  rt_locale_intlibspace.o(.text)
    .text                                    0x000015e4   Section        0  h1_free.o(.text)
    .text                                    0x00001634   Section        0  _printf_fp_infnan.o(.text)
    .text                                    0x000016b4   Section        0  bigflt0.o(.text)
    .text                                    0x00001798   Section        0  flsbuf.o(.text)
    .text                                    0x0000196e   Section        0  setvbuf.o(.text)
    _freopen_locked                          0x000019b5   Thumb Code     0  fopen.o(.text)
    .text                                    0x000019b4   Section        0  fopen.o(.text)
    .text                                    0x00001aa0   Section        0  fclose.o(.text)
    .text                                    0x00001aec   Section        0  exit.o(.text)
    .text                                    0x00001afe   Section        0  defsig_rtred_outer.o(.text)
    .text                                    0x00001b0c   Section       78  rt_memclr_w.o(.text)
    .text                                    0x00001b5c   Section        8  rt_heap_descriptor_intlibspace.o(.text)
    .text                                    0x00001b64   Section        0  hguard.o(.text)
    .text                                    0x00001b68   Section        0  init_alloc.o(.text)
    .text                                    0x00001bf2   Section        0  h1_alloc.o(.text)
    .text                                    0x00001c50   Section        0  fseek.o(.text)
    .text                                    0x00001d48   Section        0  stdio.o(.text)
    .text                                    0x00001e38   Section        0  defsig_exit.o(.text)
    .text                                    0x00001e44   Section        0  defsig_rtred_inner.o(.text)
    .text                                    0x00001e78   Section        0  sys_exit.o(.text)
    .text                                    0x00001e84   Section        2  use_no_semi.o(.text)
    .text                                    0x00001e86   Section        0  indicate_semi.o(.text)
    .text                                    0x00001e86   Section        0  maybetermalloc1.o(.text)
    .text                                    0x00001e86   Section        0  h1_init.o(.text)
    .text                                    0x00001e94   Section        0  h1_extend.o(.text)
    .text                                    0x00001ec8   Section        0  ftell.o(.text)
    .text                                    0x00001f0a   Section        0  defsig_general.o(.text)
    .text                                    0x00001f3c   Section        0  defsig_rtmem_outer.o(.text)
    .text                                    0x00001f4c   Section        0  heapauxa.o(.text)
    .text                                    0x00001f9c   Section        0  _get_argv.o(.text)
    .text                                    0x000020a4   Section        0  sys_wrch.o(.text)
    .text                                    0x000020b2   Section        0  sys_command.o(.text)
    .text                                    0x000020ca   Section        0  hrguard.o(.text)
    .text                                    0x000020d0   Section        0  defsig_rtmem_inner.o(.text)
    [Anonymous Symbol]                       0x00002120   Section        0  retarget_io.o(.text.ITM_SendChar)
    [Anonymous Symbol]                       0x0000216c   Section        0  workshop4_main.o(.text.Qmpn2float)
    [Anonymous Symbol]                       0x0000219c   Section        0  system_armcm4.o(.text.SystemInit)
    [Anonymous Symbol]                       0x000021d4   Section        0  retarget_io.o(.text._sys_close)
    [Anonymous Symbol]                       0x00002224   Section        0  retarget_io.o(.text._sys_flen)
    [Anonymous Symbol]                       0x00002270   Section        0  retarget_io.o(.text._sys_istty)
    [Anonymous Symbol]                       0x000022bc   Section        0  retarget_io.o(.text._sys_open)
    [Anonymous Symbol]                       0x00002350   Section        0  retarget_io.o(.text._sys_seek)
    [Anonymous Symbol]                       0x000023ac   Section        0  retarget_io.o(.text._sys_write)
    [Anonymous Symbol]                       0x0000243c   Section        0  workshop4_main.o(.text.float2Qmpn)
    [Anonymous Symbol]                       0x0000248c   Section        0  workshop4_main.o(.text.main)
    stdout_putchar                           0x00002bc1   Thumb Code    20  retarget_io.o(.text.stdout_putchar)
    [Anonymous Symbol]                       0x00002bc0   Section        0  retarget_io.o(.text.stdout_putchar)
    CL$$btod_d2e                             0x00002bd4   Section       62  btod.o(CL$$btod_d2e)
    CL$$btod_d2e_denorm_low                  0x00002c12   Section       70  btod.o(CL$$btod_d2e_denorm_low)
    CL$$btod_d2e_norm_op1                    0x00002c58   Section       96  btod.o(CL$$btod_d2e_norm_op1)
    CL$$btod_div_common                      0x00002cb8   Section      824  btod.o(CL$$btod_div_common)
    CL$$btod_e2e                             0x00002ff0   Section      220  btod.o(CL$$btod_e2e)
    CL$$btod_ediv                            0x000030cc   Section       42  btod.o(CL$$btod_ediv)
    CL$$btod_emul                            0x000030f6   Section       42  btod.o(CL$$btod_emul)
    CL$$btod_mult_common                     0x00003120   Section      580  btod.o(CL$$btod_mult_common)
    i.__ARM_fpclassify                       0x00003364   Section        0  fpclassify.o(i.__ARM_fpclassify)
    i.__hardfp_fmod                          0x00003394   Section        0  fmod.o(i.__hardfp_fmod)
    i.__mathlib_dbl_invalid                  0x00003498   Section        0  dunder.o(i.__mathlib_dbl_invalid)
    i._is_digit                              0x000034b8   Section        0  __printf_wp.o(i._is_digit)
    i.fputc                                  0x000034c6   Section        0  fputc.o(i.fputc)
    locale$$code                             0x000034e0   Section       44  lc_numeric_c.o(locale$$code)
    locale$$code                             0x0000350c   Section       44  lc_ctype_c.o(locale$$code)
    $v0                                      0x00003538   Number         0  workshop4_asm_functions_prob.o(my_fancy_asm_code)
    my_fancy_asm_code                        0x00003538   Section      188  workshop4_asm_functions_prob.o(my_fancy_asm_code)
    $v0                                      0x000035f4   Number         0  daddsub_clz.o(x$fpl$dadd)
    x$fpl$dadd                               0x000035f4   Section      336  daddsub_clz.o(x$fpl$dadd)
    _dadd1                                   0x00003605   Thumb Code     0  daddsub_clz.o(x$fpl$dadd)
    $v0                                      0x00003744   Number         0  ddiv.o(x$fpl$ddiv)
    x$fpl$ddiv                               0x00003744   Section      688  ddiv.o(x$fpl$ddiv)
    ddiv_entry                               0x0000374b   Thumb Code     0  ddiv.o(x$fpl$ddiv)
    $v0                                      0x000039f4   Number         0  dfix.o(x$fpl$dfix)
    x$fpl$dfix                               0x000039f4   Section       94  dfix.o(x$fpl$dfix)
    $v0                                      0x00003a52   Number         0  dflt_clz.o(x$fpl$dflt)
    x$fpl$dflt                               0x00003a52   Section       46  dflt_clz.o(x$fpl$dflt)
    $v0                                      0x00003a80   Number         0  dnaninf.o(x$fpl$dnaninf)
    x$fpl$dnaninf                            0x00003a80   Section      156  dnaninf.o(x$fpl$dnaninf)
    $v0                                      0x00003b1c   Number         0  drem_clz.o(x$fpl$drem)
    x$fpl$drem                               0x00003b1c   Section      336  drem_clz.o(x$fpl$drem)
    $v0                                      0x00003c6c   Number         0  dretinf.o(x$fpl$dretinf)
    x$fpl$dretinf                            0x00003c6c   Section       12  dretinf.o(x$fpl$dretinf)
    $v0                                      0x00003c78   Number         0  daddsub_clz.o(x$fpl$drsb)
    x$fpl$drsb                               0x00003c78   Section       22  daddsub_clz.o(x$fpl$drsb)
    $v0                                      0x00003c90   Number         0  daddsub_clz.o(x$fpl$dsub)
    x$fpl$dsub                               0x00003c90   Section      468  daddsub_clz.o(x$fpl$dsub)
    _dsub1                                   0x00003ca1   Thumb Code     0  daddsub_clz.o(x$fpl$dsub)
    $v0                                      0x00003e64   Number         0  f2d.o(x$fpl$f2d)
    x$fpl$f2d                                0x00003e64   Section       86  f2d.o(x$fpl$f2d)
    $v0                                      0x00003eba   Number         0  fnaninf.o(x$fpl$fnaninf)
    x$fpl$fnaninf                            0x00003eba   Section      140  fnaninf.o(x$fpl$fnaninf)
    $v0                                      0x00003f46   Number         0  fpinit.o(x$fpl$fpinit)
    x$fpl$fpinit                             0x00003f46   Section       26  fpinit.o(x$fpl$fpinit)
    $v0                                      0x00003f60   Number         0  printf1.o(x$fpl$printf1)
    x$fpl$printf1                            0x00003f60   Section        4  printf1.o(x$fpl$printf1)
    $v0                                      0x00003f64   Number         0  printf2.o(x$fpl$printf2)
    x$fpl$printf2                            0x00003f64   Section        4  printf2.o(x$fpl$printf2)
    initial_mbstate                          0x00003f68   Data           8  _printf_wctomb.o(.constdata)
    .constdata                               0x00003f68   Section        8  _printf_wctomb.o(.constdata)
    x$fpl$usenofp                            0x00003f68   Section        0  usenofp.o(x$fpl$usenofp)
    uc_hextab                                0x00003f70   Data          20  _printf_hex_int_ll_ptr.o(.constdata)
    .constdata                               0x00003f70   Section       40  _printf_hex_int_ll_ptr.o(.constdata)
    lc_hextab                                0x00003f84   Data          20  _printf_hex_int_ll_ptr.o(.constdata)
    maptable                                 0x00003f98   Data          17  __printf_flags_ss_wp.o(.constdata)
    .constdata                               0x00003f98   Section       17  __printf_flags_ss_wp.o(.constdata)
    lc_hextab                                0x00003fa9   Data          19  _printf_fp_hex.o(.constdata)
    .constdata                               0x00003fa9   Section       38  _printf_fp_hex.o(.constdata)
    uc_hextab                                0x00003fbc   Data          19  _printf_fp_hex.o(.constdata)
    tenpwrs_x                                0x00003fd0   Data          60  bigflt0.o(.constdata)
    .constdata                               0x00003fd0   Section      148  bigflt0.o(.constdata)
    tenpwrs_i                                0x0000400c   Data          64  bigflt0.o(.constdata)
    .L.str.2                                 0x0000407b   Data           2  workshop4_main.o(.rodata.str1.1)
    [Anonymous Symbol]                       0x0000407b   Section        0  workshop4_main.o(.rodata.str1.1)
    .L.str.3                                 0x0000407d   Data          11  workshop4_main.o(.rodata.str1.1)
    .L.str                                   0x00004088   Data          11  workshop4_main.o(.rodata.str1.1)
    .L.str.5                                 0x00004093   Data          11  workshop4_main.o(.rodata.str1.1)
    .L.str.4                                 0x0000409e   Data          11  workshop4_main.o(.rodata.str1.1)
    .L.str.7                                 0x000040a9   Data          11  workshop4_main.o(.rodata.str1.1)
    .L.str.6                                 0x000040b4   Data          11  workshop4_main.o(.rodata.str1.1)
    .L.str.9                                 0x000040bf   Data          11  workshop4_main.o(.rodata.str1.1)
    .L.str.8                                 0x000040ca   Data          11  workshop4_main.o(.rodata.str1.1)
    .L.str.1                                 0x000040d5   Data           7  workshop4_main.o(.rodata.str1.1)
    .L.str                                   0x000040dc   Data           7  retarget_io.o(.rodata.str1.1)
    [Anonymous Symbol]                       0x000040dc   Section        0  retarget_io.o(.rodata.str1.1)
    .L.str.2                                 0x000040e3   Data           8  retarget_io.o(.rodata.str1.1)
    .L.str.1                                 0x000040eb   Data           8  retarget_io.o(.rodata.str1.1)
    locale$$data                             0x00004114   Section       28  lc_numeric_c.o(locale$$data)
    __lcnum_c_name                           0x00004118   Data           2  lc_numeric_c.o(locale$$data)
    __lcnum_c_start                          0x00004120   Data           0  lc_numeric_c.o(locale$$data)
    __lcnum_c_point                          0x0000412c   Data           0  lc_numeric_c.o(locale$$data)
    __lcnum_c_thousands                      0x0000412e   Data           0  lc_numeric_c.o(locale$$data)
    __lcnum_c_grouping                       0x0000412f   Data           0  lc_numeric_c.o(locale$$data)
    __lcnum_c_end                            0x00004130   Data           0  lc_numeric_c.o(locale$$data)
    locale$$data                             0x00004130   Section      272  lc_ctype_c.o(locale$$data)
    __lcctype_c_name                         0x00004134   Data           2  lc_ctype_c.o(locale$$data)
    __lcctype_c_start                        0x0000413c   Data           0  lc_ctype_c.o(locale$$data)
    __lcctype_c_end                          0x00004240   Data           0  lc_ctype_c.o(locale$$data)
    .data                                    0x20000000   Section        4  stdio_streams.o(.data)
    .data                                    0x20000004   Section        4  stdio_streams.o(.data)
    .data                                    0x20000008   Section        4  stdio_streams.o(.data)
    __rt_heap_escrow_base                    0x2000000c   Data           4  heapauxa.o(.data)
    .data                                    0x2000000c   Section        4  heapauxa.o(.data)
    .bss                                     0x20000058   Section       84  stdio_streams.o(.bss)
    .bss                                     0x200000ac   Section       84  stdio_streams.o(.bss)
    .bss                                     0x20000100   Section       84  stdio_streams.o(.bss)
    .bss                                     0x20000154   Section       96  libspace.o(.bss)
    HEAP                                     0x20000250   Section     3072  startup_armcm4.o(HEAP)
    STACK                                    0x20000e50   Section     1024  startup_armcm4.o(STACK)

    Global Symbols

    Symbol Name                              Value     Ov Type        Size  Object(Section)

    BuildAttributes$$THM_ISAv4$E$P$D$K$B$S$7EM$VFPi3$EXTD16$VFPS$VFMA$PE$A:L22UL41UL21$X:L11$S22US41US21$IEEE1$IW$~IW$USESV6$~STKCKD$USESV7$~SHL$OTIME$ROPI$IEEEX$EBA8$UX$STANDARDLIB$REQ8$EABIv2 0x00000000   Number         0  anon$$obj.o ABSOLUTE
    __Vectors                                0x00000000   Data           4  startup_armcm4.o(RESET)
    _printf_flags                            0x00000000   Number         0  printf_stubs.o ABSOLUTE
    _printf_return_value                     0x00000000   Number         0  printf_stubs.o ABSOLUTE
    _printf_sizespec                         0x00000000   Number         0  printf_stubs.o ABSOLUTE
    _printf_widthprec                        0x00000000   Number         0  printf_stubs.o ABSOLUTE
    Image$$ZI$$Limit                          - Undefined Weak Reference
    __ARM_exceptions_init                     - Undefined Weak Reference
    __alloca_initialize                       - Undefined Weak Reference
    __arm_preinit_                            - Undefined Weak Reference
    __cpp_initialize__aeabi_                  - Undefined Weak Reference
    __cxa_finalize                            - Undefined Weak Reference
    __sigvec_lookup                           - Undefined Weak Reference
    __user_heap_extent                        - Undefined Weak Reference
    _atexit_init                              - Undefined Weak Reference
    _call_atexit_fns                          - Undefined Weak Reference
    _clock_init                               - Undefined Weak Reference
    _fp_trap_init                             - Undefined Weak Reference
    _fp_trap_shutdown                         - Undefined Weak Reference
    _get_lc_collate                           - Undefined Weak Reference
    _get_lc_monetary                          - Undefined Weak Reference
    _get_lc_time                              - Undefined Weak Reference
    _getenv_init                              - Undefined Weak Reference
    _handle_redirection                       - Undefined Weak Reference
    _mutex_acquire                            - Undefined Weak Reference
    _mutex_free                               - Undefined Weak Reference
    _mutex_release                            - Undefined Weak Reference
    _printf_mbtowc                            - Undefined Weak Reference
    _printf_wc                                - Undefined Weak Reference
    _rand_init                                - Undefined Weak Reference
    _signal_finish                            - Undefined Weak Reference
    _signal_init                              - Undefined Weak Reference
    __Vectors_End                            0x000003c0   Data           0  startup_armcm4.o(RESET)
    __Vectors_Size                           0x000003c0   Number         0  startup_armcm4.o ABSOLUTE
    __main                                   0x000003c1   Thumb Code     8  __main.o(!!!main)
    __scatterload                            0x000003c9   Thumb Code     0  __scatter.o(!!!scatter)
    __scatterload_rt2                        0x000003c9   Thumb Code    44  __scatter.o(!!!scatter)
    __scatterload_rt2_thumb_only             0x000003c9   Thumb Code     0  __scatter.o(!!!scatter)
    __scatterload_null                       0x000003d7   Thumb Code     0  __scatter.o(!!!scatter)
    __scatterload_copy                       0x000003fd   Thumb Code    26  __scatter_copy.o(!!handler_copy)
    __scatterload_zeroinit                   0x00000419   Thumb Code    28  __scatter_zi.o(!!handler_zi)
    _printf_n                                0x00000435   Thumb Code     0  _printf_n.o(.ARM.Collect$$_printf_percent$$00000001)
    _printf_percent                          0x00000435   Thumb Code     0  _printf_percent.o(.ARM.Collect$$_printf_percent$$00000000)
    _printf_p                                0x0000043b   Thumb Code     0  _printf_p.o(.ARM.Collect$$_printf_percent$$00000002)
    _printf_f                                0x00000441   Thumb Code     0  _printf_f.o(.ARM.Collect$$_printf_percent$$00000003)
    _printf_e                                0x00000447   Thumb Code     0  _printf_e.o(.ARM.Collect$$_printf_percent$$00000004)
    _printf_g                                0x0000044d   Thumb Code     0  _printf_g.o(.ARM.Collect$$_printf_percent$$00000005)
    _printf_a                                0x00000453   Thumb Code     0  _printf_a.o(.ARM.Collect$$_printf_percent$$00000006)
    _printf_ll                               0x00000459   Thumb Code     0  _printf_ll.o(.ARM.Collect$$_printf_percent$$00000007)
    _printf_i                                0x00000463   Thumb Code     0  _printf_i.o(.ARM.Collect$$_printf_percent$$00000008)
    _printf_d                                0x00000469   Thumb Code     0  _printf_d.o(.ARM.Collect$$_printf_percent$$00000009)
    _printf_u                                0x0000046f   Thumb Code     0  _printf_u.o(.ARM.Collect$$_printf_percent$$0000000A)
    _printf_o                                0x00000475   Thumb Code     0  _printf_o.o(.ARM.Collect$$_printf_percent$$0000000B)
    _printf_x                                0x0000047b   Thumb Code     0  _printf_x.o(.ARM.Collect$$_printf_percent$$0000000C)
    _printf_lli                              0x00000481   Thumb Code     0  _printf_lli.o(.ARM.Collect$$_printf_percent$$0000000D)
    _printf_lld                              0x00000487   Thumb Code     0  _printf_lld.o(.ARM.Collect$$_printf_percent$$0000000E)
    _printf_llu                              0x0000048d   Thumb Code     0  _printf_llu.o(.ARM.Collect$$_printf_percent$$0000000F)
    _printf_llo                              0x00000493   Thumb Code     0  _printf_llo.o(.ARM.Collect$$_printf_percent$$00000010)
    _printf_llx                              0x00000499   Thumb Code     0  _printf_llx.o(.ARM.Collect$$_printf_percent$$00000011)
    _printf_l                                0x0000049f   Thumb Code     0  _printf_l.o(.ARM.Collect$$_printf_percent$$00000012)
    _printf_c                                0x000004a9   Thumb Code     0  _printf_c.o(.ARM.Collect$$_printf_percent$$00000013)
    _printf_s                                0x000004af   Thumb Code     0  _printf_s.o(.ARM.Collect$$_printf_percent$$00000014)
    _printf_lc                               0x000004b5   Thumb Code     0  _printf_lc.o(.ARM.Collect$$_printf_percent$$00000015)
    _printf_ls                               0x000004bb   Thumb Code     0  _printf_ls.o(.ARM.Collect$$_printf_percent$$00000016)
    _printf_percent_end                      0x000004c1   Thumb Code     0  _printf_percent_end.o(.ARM.Collect$$_printf_percent$$00000017)
    __rt_lib_init                            0x000004c5   Thumb Code     0  libinit.o(.ARM.Collect$$libinit$$00000000)
    __rt_lib_init_fp_1                       0x000004c7   Thumb Code     0  libinit2.o(.ARM.Collect$$libinit$$00000001)
    __rt_lib_init_heap_2                     0x000004cb   Thumb Code     0  libinit3.o(.ARM.Collect$$libinit$$00000006)
    __rt_lib_init_preinit_1                  0x000004cb   Thumb Code     0  libinit2.o(.ARM.Collect$$libinit$$00000004)
    __rt_lib_init_heap_1                     0x000004d3   Thumb Code     0  libinit2.o(.ARM.Collect$$libinit$$0000000A)
    __rt_lib_init_lc_common                  0x000004d3   Thumb Code     0  libinit2.o(.ARM.Collect$$libinit$$0000000F)
    __rt_lib_init_rand_1                     0x000004d3   Thumb Code     0  libinit2.o(.ARM.Collect$$libinit$$0000000E)
    __rt_lib_init_user_alloc_1               0x000004d3   Thumb Code     0  libinit2.o(.ARM.Collect$$libinit$$0000000C)
    __rt_lib_init_lc_collate_1               0x000004d9   Thumb Code     0  libinit2.o(.ARM.Collect$$libinit$$00000011)
    __rt_lib_init_lc_ctype_2                 0x000004d9   Thumb Code     0  libinit2.o(.ARM.Collect$$libinit$$00000012)
    __rt_lib_init_lc_ctype_1                 0x000004e5   Thumb Code     0  libinit2.o(.ARM.Collect$$libinit$$00000013)
    __rt_lib_init_lc_monetary_1              0x000004e5   Thumb Code     0  libinit2.o(.ARM.Collect$$libinit$$00000015)
    __rt_lib_init_lc_numeric_2               0x000004e5   Thumb Code     0  libinit2.o(.ARM.Collect$$libinit$$00000016)
    __rt_lib_init_atexit_1                   0x000004ef   Thumb Code     0  libinit2.o(.ARM.Collect$$libinit$$0000001B)
    __rt_lib_init_clock_1                    0x000004ef   Thumb Code     0  libinit2.o(.ARM.Collect$$libinit$$00000021)
    __rt_lib_init_fp_trap_1                  0x000004ef   Thumb Code     0  libinit2.o(.ARM.Collect$$libinit$$0000001F)
    __rt_lib_init_getenv_1                   0x000004ef   Thumb Code     0  libinit2.o(.ARM.Collect$$libinit$$00000023)
    __rt_lib_init_lc_numeric_1               0x000004ef   Thumb Code     0  libinit2.o(.ARM.Collect$$libinit$$00000017)
    __rt_lib_init_lc_time_1                  0x000004ef   Thumb Code     0  libinit2.o(.ARM.Collect$$libinit$$00000019)
    __rt_lib_init_signal_1                   0x000004ef   Thumb Code     0  libinit2.o(.ARM.Collect$$libinit$$0000001D)
    __rt_lib_init_stdio_2                    0x000004ef   Thumb Code     0  libinit2.o(.ARM.Collect$$libinit$$00000024)
    __rt_lib_init_argv_1                     0x000004f3   Thumb Code     0  libinit2.o(.ARM.Collect$$libinit$$00000026)
    __rt_lib_init_stdio_1                    0x000004f3   Thumb Code     0  libinit2.o(.ARM.Collect$$libinit$$00000025)
    __rt_lib_init_alloca_1                   0x000004fb   Thumb Code     0  libinit2.o(.ARM.Collect$$libinit$$0000002E)
    __rt_lib_init_cpp_1                      0x000004fb   Thumb Code     0  libinit2.o(.ARM.Collect$$libinit$$00000032)
    __rt_lib_init_exceptions_1               0x000004fb   Thumb Code     0  libinit2.o(.ARM.Collect$$libinit$$00000030)
    __rt_lib_init_return                     0x000004fb   Thumb Code     0  libinit2.o(.ARM.Collect$$libinit$$00000033)
    __rt_lib_shutdown                        0x00000505   Thumb Code     0  libshutdown.o(.ARM.Collect$$libshutdown$$00000000)
    __rt_lib_shutdown_cpp_1                  0x00000507   Thumb Code     0  libshutdown2.o(.ARM.Collect$$libshutdown$$00000002)
    __rt_lib_shutdown_stdio_2                0x00000507   Thumb Code     0  libshutdown2.o(.ARM.Collect$$libshutdown$$00000003)
    __rt_lib_shutdown_fp_trap_1              0x0000050b   Thumb Code     0  libshutdown2.o(.ARM.Collect$$libshutdown$$00000007)
    __rt_lib_shutdown_heap_1                 0x0000050b   Thumb Code     0  libshutdown2.o(.ARM.Collect$$libshutdown$$0000000F)
    __rt_lib_shutdown_return                 0x0000050b   Thumb Code     0  libshutdown2.o(.ARM.Collect$$libshutdown$$00000010)
    __rt_lib_shutdown_signal_1               0x0000050b   Thumb Code     0  libshutdown2.o(.ARM.Collect$$libshutdown$$0000000A)
    __rt_lib_shutdown_stdio_1                0x0000050b   Thumb Code     0  libshutdown2.o(.ARM.Collect$$libshutdown$$00000004)
    __rt_lib_shutdown_user_alloc_1           0x0000050b   Thumb Code     0  libshutdown2.o(.ARM.Collect$$libshutdown$$0000000C)
    __rt_entry                               0x0000050d   Thumb Code     0  __rtentry.o(.ARM.Collect$$rtentry$$00000000)
    __rt_entry_presh_1                       0x0000050d   Thumb Code     0  __rtentry2.o(.ARM.Collect$$rtentry$$00000002)
    __rt_entry_sh                            0x0000050d   Thumb Code     0  __rtentry5.o(.ARM.Collect$$rtentry$$00000005)
    __rt_entry_li                            0x00000511   Thumb Code     0  __rtentry2.o(.ARM.Collect$$rtentry$$0000000A)
    __rt_entry_postsh_1                      0x00000511   Thumb Code     0  __rtentry2.o(.ARM.Collect$$rtentry$$00000009)
    __rt_entry_main                          0x00000515   Thumb Code     0  __rtentry2.o(.ARM.Collect$$rtentry$$0000000D)
    __rt_entry_postli_1                      0x00000515   Thumb Code     0  __rtentry2.o(.ARM.Collect$$rtentry$$0000000C)
    __rt_exit                                0x00000521   Thumb Code     0  rtexit.o(.ARM.Collect$$rtexit$$00000000)
    __rt_exit_ls                             0x00000523   Thumb Code     0  rtexit2.o(.ARM.Collect$$rtexit$$00000003)
    __rt_exit_prels_1                        0x00000523   Thumb Code     0  rtexit2.o(.ARM.Collect$$rtexit$$00000002)
    __rt_exit_exit                           0x00000527   Thumb Code     0  rtexit2.o(.ARM.Collect$$rtexit$$00000004)
    __ARM_argv_veneer                        0x0000052d   Thumb Code     4  argv_veneer.o(.emb_text)
    Reset_Handler                            0x00000531   Thumb Code     8  startup_armcm4.o(.text)
    NMI_Handler                              0x00000539   Thumb Code     2  startup_armcm4.o(.text)
    HardFault_Handler                        0x0000053b   Thumb Code     2  startup_armcm4.o(.text)
    MemManage_Handler                        0x0000053d   Thumb Code     2  startup_armcm4.o(.text)
    BusFault_Handler                         0x0000053f   Thumb Code     2  startup_armcm4.o(.text)
    UsageFault_Handler                       0x00000541   Thumb Code     2  startup_armcm4.o(.text)
    SVC_Handler                              0x00000543   Thumb Code     2  startup_armcm4.o(.text)
    DebugMon_Handler                         0x00000545   Thumb Code     2  startup_armcm4.o(.text)
    PendSV_Handler                           0x00000547   Thumb Code     2  startup_armcm4.o(.text)
    SysTick_Handler                          0x00000549   Thumb Code     2  startup_armcm4.o(.text)
    Interrupt0_Handler                       0x0000054b   Thumb Code     2  startup_armcm4.o(.text)
    Interrupt1_Handler                       0x0000054d   Thumb Code     2  startup_armcm4.o(.text)
    Interrupt2_Handler                       0x0000054f   Thumb Code     2  startup_armcm4.o(.text)
    Interrupt3_Handler                       0x00000551   Thumb Code     2  startup_armcm4.o(.text)
    Interrupt4_Handler                       0x00000553   Thumb Code     2  startup_armcm4.o(.text)
    Interrupt5_Handler                       0x00000555   Thumb Code     2  startup_armcm4.o(.text)
    Interrupt6_Handler                       0x00000557   Thumb Code     2  startup_armcm4.o(.text)
    Interrupt7_Handler                       0x00000559   Thumb Code     2  startup_armcm4.o(.text)
    Interrupt8_Handler                       0x0000055b   Thumb Code     2  startup_armcm4.o(.text)
    Interrupt9_Handler                       0x0000055d   Thumb Code     2  startup_armcm4.o(.text)
    printf                                   0x00000569   Thumb Code    20  printf.o(.text)
    strcmp                                   0x00000581   Thumb Code   124  strcmpv7em.o(.text)
    __read_errno                             0x000005fd   Thumb Code    10  _rserrno.o(.text)
    __set_errno                              0x00000607   Thumb Code    12  _rserrno.o(.text)
    _printf_pre_padding                      0x00000613   Thumb Code    44  _printf_pad.o(.text)
    _printf_post_padding                     0x0000063f   Thumb Code    34  _printf_pad.o(.text)
    _printf_truncate_signed                  0x00000661   Thumb Code    18  _printf_truncate.o(.text)
    _printf_truncate_unsigned                0x00000673   Thumb Code    18  _printf_truncate.o(.text)
    _printf_str                              0x00000685   Thumb Code    82  _printf_str.o(.text)
    _printf_int_dec                          0x000006d9   Thumb Code   104  _printf_dec.o(.text)
    _printf_charcount                        0x00000751   Thumb Code    40  _printf_charcount.o(.text)
    _printf_char_file                        0x00000779   Thumb Code    32  _printf_char_file.o(.text)
    _printf_wctomb                           0x0000079d   Thumb Code   182  _printf_wctomb.o(.text)
    _printf_longlong_dec                     0x00000859   Thumb Code   108  _printf_longlong_dec.o(.text)
    _printf_longlong_oct                     0x000008d5   Thumb Code    68  _printf_oct_int_ll.o(.text)
    _printf_int_oct                          0x00000919   Thumb Code    24  _printf_oct_int_ll.o(.text)
    _printf_ll_oct                           0x00000931   Thumb Code    12  _printf_oct_int_ll.o(.text)
    _printf_longlong_hex                     0x00000945   Thumb Code    86  _printf_hex_int_ll_ptr.o(.text)
    _printf_int_hex                          0x0000099b   Thumb Code    28  _printf_hex_int_ll_ptr.o(.text)
    _printf_ll_hex                           0x000009b7   Thumb Code    12  _printf_hex_int_ll_ptr.o(.text)
    _printf_hex_ptr                          0x000009c3   Thumb Code    18  _printf_hex_int_ll_ptr.o(.text)
    __printf                                 0x000009d9   Thumb Code   388  __printf_flags_ss_wp.o(.text)
    __aeabi_errno_addr                       0x00000b61   Thumb Code     8  rt_errno_addr_intlibspace.o(.text)
    __errno$intlibspace                      0x00000b61   Thumb Code     0  rt_errno_addr_intlibspace.o(.text)
    __rt_errno_addr$intlibspace              0x00000b61   Thumb Code     0  rt_errno_addr_intlibspace.o(.text)
    _ll_udiv10                               0x00000b69   Thumb Code   138  lludiv10.o(.text)
    _printf_int_common                       0x00000bf3   Thumb Code   178  _printf_intcommon.o(.text)
    _printf_fp_dec_real                      0x00000e55   Thumb Code   620  _printf_fp_dec.o(.text)
    _printf_fp_hex_real                      0x000010c1   Thumb Code   756  _printf_fp_hex.o(.text)
    _printf_char_common                      0x000013c7   Thumb Code    32  _printf_char_common.o(.text)
    _printf_cs_common                        0x000013ed   Thumb Code    20  _printf_char.o(.text)
    _printf_char                             0x00001401   Thumb Code    16  _printf_char.o(.text)
    _printf_string                           0x00001411   Thumb Code     8  _printf_char.o(.text)
    _printf_lcs_common                       0x00001419   Thumb Code    20  _printf_wchar.o(.text)
    _printf_wchar                            0x0000142d   Thumb Code    16  _printf_wchar.o(.text)
    _printf_wstring                          0x0000143d   Thumb Code     8  _printf_wchar.o(.text)
    ferror                                   0x00001445   Thumb Code     8  ferror.o(.text)
    _initio                                  0x0000144d   Thumb Code   210  initio.o(.text)
    _terminateio                             0x0000151f   Thumb Code    56  initio.o(.text)
    _c16rtomb                                0x00001585   Thumb Code    72  _c16rtomb.o(.text)
    _wcrtomb                                 0x00001585   Thumb Code     0  _c16rtomb.o(.text)
    __rt_ctype_table                         0x000015cd   Thumb Code    16  rt_ctype_table.o(.text)
    __rt_locale                              0x000015dd   Thumb Code     8  rt_locale_intlibspace.o(.text)
    free                                     0x000015e5   Thumb Code    78  h1_free.o(.text)
    _printf_fp_infnan                        0x00001635   Thumb Code   112  _printf_fp_infnan.o(.text)
    _btod_etento                             0x000016b5   Thumb Code   224  bigflt0.o(.text)
    __flsbuf                                 0x00001799   Thumb Code   470  flsbuf.o(.text)
    __flsbuf_byte                            0x00001799   Thumb Code     0  flsbuf.o(.text)
    __flsbuf_wide                            0x00001799   Thumb Code     0  flsbuf.o(.text)
    setvbuf                                  0x0000196f   Thumb Code    70  setvbuf.o(.text)
    freopen                                  0x000019b5   Thumb Code   158  fopen.o(.text)
    fopen                                    0x00001a53   Thumb Code    74  fopen.o(.text)
    _fclose_internal                         0x00001aa1   Thumb Code    76  fclose.o(.text)
    fclose                                   0x00001aa1   Thumb Code     0  fclose.o(.text)
    exit                                     0x00001aed   Thumb Code    18  exit.o(.text)
    __rt_SIGRTRED                            0x00001aff   Thumb Code    14  defsig_rtred_outer.o(.text)
    __aeabi_memclr4                          0x00001b0d   Thumb Code     0  rt_memclr_w.o(.text)
    __aeabi_memclr8                          0x00001b0d   Thumb Code     0  rt_memclr_w.o(.text)
    __rt_memclr_w                            0x00001b0d   Thumb Code    78  rt_memclr_w.o(.text)
    _memset_w                                0x00001b11   Thumb Code     0  rt_memclr_w.o(.text)
    __rt_heap_descriptor                     0x00001b5d   Thumb Code     8  rt_heap_descriptor_intlibspace.o(.text)
    __use_no_heap                            0x00001b65   Thumb Code     2  hguard.o(.text)
    __heap$guard                             0x00001b67   Thumb Code     2  hguard.o(.text)
    _terminate_user_alloc                    0x00001b69   Thumb Code     2  init_alloc.o(.text)
    _init_user_alloc                         0x00001b6b   Thumb Code     2  init_alloc.o(.text)
    __Heap_Full                              0x00001b6d   Thumb Code    34  init_alloc.o(.text)
    __Heap_Broken                            0x00001b8f   Thumb Code     6  init_alloc.o(.text)
    _init_alloc                              0x00001b95   Thumb Code    94  init_alloc.o(.text)
    malloc                                   0x00001bf3   Thumb Code    94  h1_alloc.o(.text)
    _fseek                                   0x00001c51   Thumb Code   242  fseek.o(.text)
    fseek                                    0x00001c51   Thumb Code     0  fseek.o(.text)
    _seterr                                  0x00001d49   Thumb Code    20  stdio.o(.text)
    _writebuf                                0x00001d5d   Thumb Code    84  stdio.o(.text)
    _fflush                                  0x00001db1   Thumb Code    70  stdio.o(.text)
    _deferredlazyseek                        0x00001df7   Thumb Code    60  stdio.o(.text)
    __sig_exit                               0x00001e39   Thumb Code    10  defsig_exit.o(.text)
    __rt_SIGRTRED_inner                      0x00001e45   Thumb Code    14  defsig_rtred_inner.o(.text)
    _sys_exit                                0x00001e79   Thumb Code     8  sys_exit.o(.text)
    __I$use$semihosting                      0x00001e85   Thumb Code     0  use_no_semi.o(.text)
    __use_no_semihosting_swi                 0x00001e85   Thumb Code     2  use_no_semi.o(.text)
    __Heap_Initialize                        0x00001e87   Thumb Code    10  h1_init.o(.text)
    __semihosting_library_function           0x00001e87   Thumb Code     0  indicate_semi.o(.text)
    _maybe_terminate_alloc                   0x00001e87   Thumb Code     0  maybetermalloc1.o(.text)
    __Heap_DescSize                          0x00001e91   Thumb Code     4  h1_init.o(.text)
    __Heap_ProvideMemory                     0x00001e95   Thumb Code    52  h1_extend.o(.text)
    _ftell_internal                          0x00001ec9   Thumb Code    66  ftell.o(.text)
    ftell                                    0x00001ec9   Thumb Code     0  ftell.o(.text)
    __default_signal_display                 0x00001f0b   Thumb Code    50  defsig_general.o(.text)
    __rt_SIGRTMEM                            0x00001f3d   Thumb Code    14  defsig_rtmem_outer.o(.text)
    __rt_heap_escrow                         0x00001f4d   Thumb Code    22  heapauxa.o(.text)
    __rt_heap_expand                         0x00001f63   Thumb Code    52  heapauxa.o(.text)
    __ARM_get_argv                           0x00001f9d   Thumb Code   264  _get_argv.o(.text)
    _ttywrch                                 0x000020a5   Thumb Code    14  sys_wrch.o(.text)
    _sys_command_string                      0x000020b3   Thumb Code    24  sys_command.o(.text)
    __use_no_heap_region                     0x000020cb   Thumb Code     2  hrguard.o(.text)
    __heap_region$guard                      0x000020cd   Thumb Code     2  hrguard.o(.text)
    __rt_SIGRTMEM_inner                      0x000020d1   Thumb Code    22  defsig_rtmem_inner.o(.text)
    ITM_SendChar                             0x00002121   Thumb Code    76  retarget_io.o(.text.ITM_SendChar)
    Qmpn2float                               0x0000216d   Thumb Code    46  workshop4_main.o(.text.Qmpn2float)
    SystemInit                               0x0000219d   Thumb Code    54  system_armcm4.o(.text.SystemInit)
    _sys_close                               0x000021d5   Thumb Code    78  retarget_io.o(.text._sys_close)
    _sys_flen                                0x00002225   Thumb Code    76  retarget_io.o(.text._sys_flen)
    _sys_istty                               0x00002271   Thumb Code    76  retarget_io.o(.text._sys_istty)
    _sys_open                                0x000022bd   Thumb Code   148  retarget_io.o(.text._sys_open)
    _sys_seek                                0x00002351   Thumb Code    90  retarget_io.o(.text._sys_seek)
    _sys_write                               0x000023ad   Thumb Code   142  retarget_io.o(.text._sys_write)
    float2Qmpn                               0x0000243d   Thumb Code    78  workshop4_main.o(.text.float2Qmpn)
    main                                     0x0000248d   Thumb Code  1842  workshop4_main.o(.text.main)
    _btod_d2e                                0x00002bd5   Thumb Code    62  btod.o(CL$$btod_d2e)
    _d2e_denorm_low                          0x00002c13   Thumb Code    70  btod.o(CL$$btod_d2e_denorm_low)
    _d2e_norm_op1                            0x00002c59   Thumb Code    96  btod.o(CL$$btod_d2e_norm_op1)
    __btod_div_common                        0x00002cb9   Thumb Code   696  btod.o(CL$$btod_div_common)
    _e2e                                     0x00002ff1   Thumb Code   220  btod.o(CL$$btod_e2e)
    _btod_ediv                               0x000030cd   Thumb Code    42  btod.o(CL$$btod_ediv)
    _btod_emul                               0x000030f7   Thumb Code    42  btod.o(CL$$btod_emul)
    __btod_mult_common                       0x00003121   Thumb Code   580  btod.o(CL$$btod_mult_common)
    __ARM_fpclassify                         0x00003365   Thumb Code    48  fpclassify.o(i.__ARM_fpclassify)
    __hardfp_fmod                            0x00003395   Thumb Code   254  fmod.o(i.__hardfp_fmod)
    __mathlib_dbl_invalid                    0x00003499   Thumb Code    24  dunder.o(i.__mathlib_dbl_invalid)
    _is_digit                                0x000034b9   Thumb Code    14  __printf_wp.o(i._is_digit)
    fputc                                    0x000034c7   Thumb Code    26  fputc.o(i.fputc)
    _get_lc_numeric                          0x000034e1   Thumb Code    44  lc_numeric_c.o(locale$$code)
    _get_lc_ctype                            0x0000350d   Thumb Code    44  lc_ctype_c.o(locale$$code)
    aTask1                                   0x00003539   Thumb Code    32  workshop4_asm_functions_prob.o(my_fancy_asm_code)
    aTask2                                   0x00003559   Thumb Code    52  workshop4_asm_functions_prob.o(my_fancy_asm_code)
    aTask3                                   0x0000358d   Thumb Code    48  workshop4_asm_functions_prob.o(my_fancy_asm_code)
    aTask4                                   0x000035bd   Thumb Code    56  workshop4_asm_functions_prob.o(my_fancy_asm_code)
    __aeabi_dadd                             0x000035f5   Thumb Code     0  daddsub_clz.o(x$fpl$dadd)
    _dadd                                    0x000035f5   Thumb Code   332  daddsub_clz.o(x$fpl$dadd)
    __aeabi_ddiv                             0x00003745   Thumb Code     0  ddiv.o(x$fpl$ddiv)
    _ddiv                                    0x00003745   Thumb Code   552  ddiv.o(x$fpl$ddiv)
    __aeabi_d2iz                             0x000039f5   Thumb Code     0  dfix.o(x$fpl$dfix)
    _dfix                                    0x000039f5   Thumb Code    94  dfix.o(x$fpl$dfix)
    __aeabi_i2d                              0x00003a53   Thumb Code     0  dflt_clz.o(x$fpl$dflt)
    _dflt                                    0x00003a53   Thumb Code    46  dflt_clz.o(x$fpl$dflt)
    __fpl_dnaninf                            0x00003a81   Thumb Code   156  dnaninf.o(x$fpl$dnaninf)
    _drem                                    0x00003b1d   Thumb Code   328  drem_clz.o(x$fpl$drem)
    __fpl_dretinf                            0x00003c6d   Thumb Code    12  dretinf.o(x$fpl$dretinf)
    __aeabi_drsub                            0x00003c79   Thumb Code     0  daddsub_clz.o(x$fpl$drsb)
    _drsb                                    0x00003c79   Thumb Code    22  daddsub_clz.o(x$fpl$drsb)
    __aeabi_dsub                             0x00003c91   Thumb Code     0  daddsub_clz.o(x$fpl$dsub)
    _dsub                                    0x00003c91   Thumb Code   464  daddsub_clz.o(x$fpl$dsub)
    __aeabi_f2d                              0x00003e65   Thumb Code     0  f2d.o(x$fpl$f2d)
    _f2d                                     0x00003e65   Thumb Code    86  f2d.o(x$fpl$f2d)
    __fpl_fnaninf                            0x00003ebb   Thumb Code   140  fnaninf.o(x$fpl$fnaninf)
    _fp_init                                 0x00003f47   Thumb Code    26  fpinit.o(x$fpl$fpinit)
    __fplib_config_fpu_vfp                   0x00003f5f   Thumb Code     0  fpinit.o(x$fpl$fpinit)
    __fplib_config_pureend_doubles           0x00003f5f   Thumb Code     0  fpinit.o(x$fpl$fpinit)
    _printf_fp_dec                           0x00003f61   Thumb Code     4  printf1.o(x$fpl$printf1)
    _printf_fp_hex                           0x00003f65   Thumb Code     4  printf2.o(x$fpl$printf2)
    __I$use$fp                               0x00003f68   Number         0  usenofp.o(x$fpl$usenofp)
    __stderr_name                            0x00004064   Data           8  retarget_io.o(.rodata.__stderr_name)
    __stdin_name                             0x0000406c   Data           7  retarget_io.o(.rodata.__stdin_name)
    __stdout_name                            0x00004073   Data           8  retarget_io.o(.rodata.__stdout_name)
    Region$$Table$$Base                      0x000040f4   Number         0  anon$$obj.o(Region$$Table)
    Region$$Table$$Limit                     0x00004114   Number         0  anon$$obj.o(Region$$Table)
    __ctype                                  0x0000413d   Data           0  lc_ctype_c.o(locale$$data)
    __aeabi_stdin                            0x20000000   Data           4  stdio_streams.o(.data)
    __aeabi_stdout                           0x20000004   Data           4  stdio_streams.o(.data)
    __aeabi_stderr                           0x20000008   Data           4  stdio_streams.o(.data)
    SystemCoreClock                          0x20000010   Data           4  system_armcm4.o(.data.SystemCoreClock)
    n                                        0x20000014   Data           4  workshop4_main.o(.data.n)
    real_array1                              0x20000018   Data          32  workshop4_main.o(.data.real_array1)
    real_array2                              0x20000038   Data          32  workshop4_main.o(.data.real_array2)
    __stdin                                  0x20000058   Data          84  stdio_streams.o(.bss)
    __stdout                                 0x200000ac   Data          84  stdio_streams.o(.bss)
    __stderr                                 0x20000100   Data          84  stdio_streams.o(.bss)
    __libspace_start                         0x20000154   Data          96  libspace.o(.bss)
    __temporary_stack_top$libspace           0x200001b4   Data           0  libspace.o(.bss)
    int_array1                               0x200001b4   Data          32  workshop4_main.o(.bss.int_array1)
    int_array2                               0x200001d4   Data          32  workshop4_main.o(.bss.int_array2)
    int_array3                               0x200001f4   Data          32  workshop4_main.o(.bss.int_array3)
    pint1                                    0x20000214   Data           4  workshop4_main.o(.bss.pint1)
    pint2                                    0x20000218   Data           4  workshop4_main.o(.bss.pint2)
    pint3                                    0x2000021c   Data           4  workshop4_main.o(.bss.pint3)
    preal1                                   0x20000220   Data           4  workshop4_main.o(.bss.preal1)
    preal2                                   0x20000224   Data           4  workshop4_main.o(.bss.preal2)
    preal3                                   0x20000228   Data           4  workshop4_main.o(.bss.preal3)
    real_array3                              0x2000022c   Data          32  workshop4_main.o(.bss.real_array3)
    __heap_base                              0x20000250   Data           0  startup_armcm4.o(HEAP)
    __heap_limit                             0x20000e50   Data           0  startup_armcm4.o(HEAP)
    __stack_limit                            0x20000e50   Data           0  startup_armcm4.o(STACK)
    __initial_sp                             0x20001250   Data           0  startup_armcm4.o(STACK)



==============================================================================

Memory Map of the image

  Image Entry point : 0x000003c1

  Load Region LR_IROM1 (Base: 0x00000000, Size: 0x00004298, Max: 0x00040000, ABSOLUTE)

    Execution Region ER_IROM1 (Exec base: 0x00000000, Load base: 0x00000000, Size: 0x00004240, Max: 0x00040000, ABSOLUTE)

    Exec Addr    Load Addr    Size         Type   Attr      Idx    E Section Name        Object

    0x00000000   0x00000000   0x000003c0   Data   RO           70    RESET               startup_armcm4.o
    0x000003c0   0x000003c0   0x00000008   Code   RO           94  * !!!main             c_w.l(__main.o)
    0x000003c8   0x000003c8   0x00000034   Code   RO          680    !!!scatter          c_w.l(__scatter.o)
    0x000003fc   0x000003fc   0x0000001a   Code   RO          682    !!handler_copy      c_w.l(__scatter_copy.o)
    0x00000416   0x00000416   0x00000002   PAD
    0x00000418   0x00000418   0x0000001c   Code   RO          684    !!handler_zi        c_w.l(__scatter_zi.o)
    0x00000434   0x00000434   0x00000000   Code   RO          202    .ARM.Collect$$_printf_percent$$00000000  c_w.l(_printf_percent.o)
    0x00000434   0x00000434   0x00000006   Code   RO          191    .ARM.Collect$$_printf_percent$$00000001  c_w.l(_printf_n.o)
    0x0000043a   0x0000043a   0x00000006   Code   RO          193    .ARM.Collect$$_printf_percent$$00000002  c_w.l(_printf_p.o)
    0x00000440   0x00000440   0x00000006   Code   RO          198    .ARM.Collect$$_printf_percent$$00000003  c_w.l(_printf_f.o)
    0x00000446   0x00000446   0x00000006   Code   RO          199    .ARM.Collect$$_printf_percent$$00000004  c_w.l(_printf_e.o)
    0x0000044c   0x0000044c   0x00000006   Code   RO          200    .ARM.Collect$$_printf_percent$$00000005  c_w.l(_printf_g.o)
    0x00000452   0x00000452   0x00000006   Code   RO          201    .ARM.Collect$$_printf_percent$$00000006  c_w.l(_printf_a.o)
    0x00000458   0x00000458   0x0000000a   Code   RO          206    .ARM.Collect$$_printf_percent$$00000007  c_w.l(_printf_ll.o)
    0x00000462   0x00000462   0x00000006   Code   RO          195    .ARM.Collect$$_printf_percent$$00000008  c_w.l(_printf_i.o)
    0x00000468   0x00000468   0x00000006   Code   RO          196    .ARM.Collect$$_printf_percent$$00000009  c_w.l(_printf_d.o)
    0x0000046e   0x0000046e   0x00000006   Code   RO          197    .ARM.Collect$$_printf_percent$$0000000A  c_w.l(_printf_u.o)
    0x00000474   0x00000474   0x00000006   Code   RO          194    .ARM.Collect$$_printf_percent$$0000000B  c_w.l(_printf_o.o)
    0x0000047a   0x0000047a   0x00000006   Code   RO          192    .ARM.Collect$$_printf_percent$$0000000C  c_w.l(_printf_x.o)
    0x00000480   0x00000480   0x00000006   Code   RO          203    .ARM.Collect$$_printf_percent$$0000000D  c_w.l(_printf_lli.o)
    0x00000486   0x00000486   0x00000006   Code   RO          204    .ARM.Collect$$_printf_percent$$0000000E  c_w.l(_printf_lld.o)
    0x0000048c   0x0000048c   0x00000006   Code   RO          205    .ARM.Collect$$_printf_percent$$0000000F  c_w.l(_printf_llu.o)
    0x00000492   0x00000492   0x00000006   Code   RO          210    .ARM.Collect$$_printf_percent$$00000010  c_w.l(_printf_llo.o)
    0x00000498   0x00000498   0x00000006   Code   RO          211    .ARM.Collect$$_printf_percent$$00000011  c_w.l(_printf_llx.o)
    0x0000049e   0x0000049e   0x0000000a   Code   RO          207    .ARM.Collect$$_printf_percent$$00000012  c_w.l(_printf_l.o)
    0x000004a8   0x000004a8   0x00000006   Code   RO          189    .ARM.Collect$$_printf_percent$$00000013  c_w.l(_printf_c.o)
    0x000004ae   0x000004ae   0x00000006   Code   RO          190    .ARM.Collect$$_printf_percent$$00000014  c_w.l(_printf_s.o)
    0x000004b4   0x000004b4   0x00000006   Code   RO          208    .ARM.Collect$$_printf_percent$$00000015  c_w.l(_printf_lc.o)
    0x000004ba   0x000004ba   0x00000006   Code   RO          209    .ARM.Collect$$_printf_percent$$00000016  c_w.l(_printf_ls.o)
    0x000004c0   0x000004c0   0x00000004   Code   RO          297    .ARM.Collect$$_printf_percent$$00000017  c_w.l(_printf_percent_end.o)
    0x000004c4   0x000004c4   0x00000002   Code   RO          450    .ARM.Collect$$libinit$$00000000  c_w.l(libinit.o)
    0x000004c6   0x000004c6   0x00000004   Code   RO          451    .ARM.Collect$$libinit$$00000001  c_w.l(libinit2.o)
    0x000004ca   0x000004ca   0x00000000   Code   RO          454    .ARM.Collect$$libinit$$00000004  c_w.l(libinit2.o)
    0x000004ca   0x000004ca   0x00000008   Code   RO          578    .ARM.Collect$$libinit$$00000006  c_w.l(libinit3.o)
    0x000004d2   0x000004d2   0x00000000   Code   RO          457    .ARM.Collect$$libinit$$0000000A  c_w.l(libinit2.o)
    0x000004d2   0x000004d2   0x00000000   Code   RO          459    .ARM.Collect$$libinit$$0000000C  c_w.l(libinit2.o)
    0x000004d2   0x000004d2   0x00000000   Code   RO          461    .ARM.Collect$$libinit$$0000000E  c_w.l(libinit2.o)
    0x000004d2   0x000004d2   0x00000006   Code   RO          462    .ARM.Collect$$libinit$$0000000F  c_w.l(libinit2.o)
    0x000004d8   0x000004d8   0x00000000   Code   RO          464    .ARM.Collect$$libinit$$00000011  c_w.l(libinit2.o)
    0x000004d8   0x000004d8   0x0000000c   Code   RO          465    .ARM.Collect$$libinit$$00000012  c_w.l(libinit2.o)
    0x000004e4   0x000004e4   0x00000000   Code   RO          466    .ARM.Collect$$libinit$$00000013  c_w.l(libinit2.o)
    0x000004e4   0x000004e4   0x00000000   Code   RO          468    .ARM.Collect$$libinit$$00000015  c_w.l(libinit2.o)
    0x000004e4   0x000004e4   0x0000000a   Code   RO          469    .ARM.Collect$$libinit$$00000016  c_w.l(libinit2.o)
    0x000004ee   0x000004ee   0x00000000   Code   RO          470    .ARM.Collect$$libinit$$00000017  c_w.l(libinit2.o)
    0x000004ee   0x000004ee   0x00000000   Code   RO          472    .ARM.Collect$$libinit$$00000019  c_w.l(libinit2.o)
    0x000004ee   0x000004ee   0x00000000   Code   RO          474    .ARM.Collect$$libinit$$0000001B  c_w.l(libinit2.o)
    0x000004ee   0x000004ee   0x00000000   Code   RO          476    .ARM.Collect$$libinit$$0000001D  c_w.l(libinit2.o)
    0x000004ee   0x000004ee   0x00000000   Code   RO          478    .ARM.Collect$$libinit$$0000001F  c_w.l(libinit2.o)
    0x000004ee   0x000004ee   0x00000000   Code   RO          480    .ARM.Collect$$libinit$$00000021  c_w.l(libinit2.o)
    0x000004ee   0x000004ee   0x00000000   Code   RO          482    .ARM.Collect$$libinit$$00000023  c_w.l(libinit2.o)
    0x000004ee   0x000004ee   0x00000004   Code   RO          483    .ARM.Collect$$libinit$$00000024  c_w.l(libinit2.o)
    0x000004f2   0x000004f2   0x00000000   Code   RO          484    .ARM.Collect$$libinit$$00000025  c_w.l(libinit2.o)
    0x000004f2   0x000004f2   0x00000008   Code   RO          485    .ARM.Collect$$libinit$$00000026  c_w.l(libinit2.o)
    0x000004fa   0x000004fa   0x00000000   Code   RO          490    .ARM.Collect$$libinit$$0000002E  c_w.l(libinit2.o)
    0x000004fa   0x000004fa   0x00000000   Code   RO          492    .ARM.Collect$$libinit$$00000030  c_w.l(libinit2.o)
    0x000004fa   0x000004fa   0x00000000   Code   RO          494    .ARM.Collect$$libinit$$00000032  c_w.l(libinit2.o)
    0x000004fa   0x000004fa   0x00000002   Code   RO          495    .ARM.Collect$$libinit$$00000033  c_w.l(libinit2.o)
    0x000004fc   0x000004fc   0x00000008   Code   RO          579    .ARM.Collect$$libinit$$00002717  c_w.l(libinit3.o)
    0x00000504   0x00000504   0x00000002   Code   RO          659    .ARM.Collect$$libshutdown$$00000000  c_w.l(libshutdown.o)
    0x00000506   0x00000506   0x00000000   Code   RO          497    .ARM.Collect$$libshutdown$$00000002  c_w.l(libshutdown2.o)
    0x00000506   0x00000506   0x00000004   Code   RO          498    .ARM.Collect$$libshutdown$$00000003  c_w.l(libshutdown2.o)
    0x0000050a   0x0000050a   0x00000000   Code   RO          499    .ARM.Collect$$libshutdown$$00000004  c_w.l(libshutdown2.o)
    0x0000050a   0x0000050a   0x00000000   Code   RO          502    .ARM.Collect$$libshutdown$$00000007  c_w.l(libshutdown2.o)
    0x0000050a   0x0000050a   0x00000000   Code   RO          505    .ARM.Collect$$libshutdown$$0000000A  c_w.l(libshutdown2.o)
    0x0000050a   0x0000050a   0x00000000   Code   RO          507    .ARM.Collect$$libshutdown$$0000000C  c_w.l(libshutdown2.o)
    0x0000050a   0x0000050a   0x00000000   Code   RO          510    .ARM.Collect$$libshutdown$$0000000F  c_w.l(libshutdown2.o)
    0x0000050a   0x0000050a   0x00000002   Code   RO          511    .ARM.Collect$$libshutdown$$00000010  c_w.l(libshutdown2.o)
    0x0000050c   0x0000050c   0x00000000   Code   RO          120    .ARM.Collect$$rtentry$$00000000  c_w.l(__rtentry.o)
    0x0000050c   0x0000050c   0x00000000   Code   RO          256    .ARM.Collect$$rtentry$$00000002  c_w.l(__rtentry2.o)
    0x0000050c   0x0000050c   0x00000004   Code   RO          270    .ARM.Collect$$rtentry$$00000005  c_w.l(__rtentry5.o)
    0x00000510   0x00000510   0x00000000   Code   RO          258    .ARM.Collect$$rtentry$$00000009  c_w.l(__rtentry2.o)
    0x00000510   0x00000510   0x00000004   Code   RO          259    .ARM.Collect$$rtentry$$0000000A  c_w.l(__rtentry2.o)
    0x00000514   0x00000514   0x00000000   Code   RO          261    .ARM.Collect$$rtentry$$0000000C  c_w.l(__rtentry2.o)
    0x00000514   0x00000514   0x00000008   Code   RO          262    .ARM.Collect$$rtentry$$0000000D  c_w.l(__rtentry2.o)
    0x0000051c   0x0000051c   0x00000004   Code   RO          271    .ARM.Collect$$rtentry$$00002716  c_w.l(__rtentry5.o)
    0x00000520   0x00000520   0x00000002   Code   RO          522    .ARM.Collect$$rtexit$$00000000  c_w.l(rtexit.o)
    0x00000522   0x00000522   0x00000000   Code   RO          592    .ARM.Collect$$rtexit$$00000002  c_w.l(rtexit2.o)
    0x00000522   0x00000522   0x00000004   Code   RO          593    .ARM.Collect$$rtexit$$00000003  c_w.l(rtexit2.o)
    0x00000526   0x00000526   0x00000006   Code   RO          594    .ARM.Collect$$rtexit$$00000004  c_w.l(rtexit2.o)
    0x0000052c   0x0000052c   0x00000004   Code   RO          576    .emb_text           c_w.l(argv_veneer.o)
    0x00000530   0x00000530   0x00000038   Code   RO           71    .text               startup_armcm4.o
    0x00000568   0x00000568   0x00000018   Code   RO           90    .text               c_w.l(printf.o)
    0x00000580   0x00000580   0x0000007c   Code   RO           92    .text               c_w.l(strcmpv7em.o)
    0x000005fc   0x000005fc   0x00000016   Code   RO          121    .text               c_w.l(_rserrno.o)
    0x00000612   0x00000612   0x0000004e   Code   RO          125    .text               c_w.l(_printf_pad.o)
    0x00000660   0x00000660   0x00000024   Code   RO          127    .text               c_w.l(_printf_truncate.o)
    0x00000684   0x00000684   0x00000052   Code   RO          129    .text               c_w.l(_printf_str.o)
    0x000006d6   0x000006d6   0x00000002   PAD
    0x000006d8   0x000006d8   0x00000078   Code   RO          131    .text               c_w.l(_printf_dec.o)
    0x00000750   0x00000750   0x00000028   Code   RO          133    .text               c_w.l(_printf_charcount.o)
    0x00000778   0x00000778   0x00000024   Code   RO          135    .text               c_w.l(_printf_char_file.o)
    0x0000079c   0x0000079c   0x000000bc   Code   RO          137    .text               c_w.l(_printf_wctomb.o)
    0x00000858   0x00000858   0x0000007c   Code   RO          140    .text               c_w.l(_printf_longlong_dec.o)
    0x000008d4   0x000008d4   0x00000070   Code   RO          146    .text               c_w.l(_printf_oct_int_ll.o)
    0x00000944   0x00000944   0x00000094   Code   RO          166    .text               c_w.l(_printf_hex_int_ll_ptr.o)
    0x000009d8   0x000009d8   0x00000188   Code   RO          186    .text               c_w.l(__printf_flags_ss_wp.o)
    0x00000b60   0x00000b60   0x00000008   Code   RO          278    .text               c_w.l(rt_errno_addr_intlibspace.o)
    0x00000b68   0x00000b68   0x0000008a   Code   RO          280    .text               c_w.l(lludiv10.o)
    0x00000bf2   0x00000bf2   0x000000b2   Code   RO          282    .text               c_w.l(_printf_intcommon.o)
    0x00000ca4   0x00000ca4   0x0000041c   Code   RO          284    .text               c_w.l(_printf_fp_dec.o)
    0x000010c0   0x000010c0   0x000002fc   Code   RO          288    .text               c_w.l(_printf_fp_hex.o)
    0x000013bc   0x000013bc   0x00000030   Code   RO          291    .text               c_w.l(_printf_char_common.o)
    0x000013ec   0x000013ec   0x0000002c   Code   RO          293    .text               c_w.l(_printf_char.o)
    0x00001418   0x00001418   0x0000002c   Code   RO          295    .text               c_w.l(_printf_wchar.o)
    0x00001444   0x00001444   0x00000008   Code   RO          298    .text               c_w.l(ferror.o)
    0x0000144c   0x0000144c   0x00000138   Code   RO          304    .text               c_w.l(initio.o)
    0x00001584   0x00001584   0x00000048   Code   RO          312    .text               c_w.l(_c16rtomb.o)
    0x000015cc   0x000015cc   0x00000010   Code   RO          327    .text               c_w.l(rt_ctype_table.o)
    0x000015dc   0x000015dc   0x00000008   Code   RO          332    .text               c_w.l(rt_locale_intlibspace.o)
    0x000015e4   0x000015e4   0x0000004e   Code   RO          336    .text               c_w.l(h1_free.o)
    0x00001632   0x00001632   0x00000002   PAD
    0x00001634   0x00001634   0x00000080   Code   RO          390    .text               c_w.l(_printf_fp_infnan.o)
    0x000016b4   0x000016b4   0x000000e4   Code   RO          394    .text               c_w.l(bigflt0.o)
    0x00001798   0x00001798   0x000001d6   Code   RO          421    .text               c_w.l(flsbuf.o)
    0x0000196e   0x0000196e   0x00000046   Code   RO          423    .text               c_w.l(setvbuf.o)
    0x000019b4   0x000019b4   0x000000ec   Code   RO          426    .text               c_w.l(fopen.o)
    0x00001aa0   0x00001aa0   0x0000004c   Code   RO          428    .text               c_w.l(fclose.o)
    0x00001aec   0x00001aec   0x00000012   Code   RO          437    .text               c_w.l(exit.o)
    0x00001afe   0x00001afe   0x0000000e   Code   RO          439    .text               c_w.l(defsig_rtred_outer.o)
    0x00001b0c   0x00001b0c   0x0000004e   Code   RO          443    .text               c_w.l(rt_memclr_w.o)
    0x00001b5a   0x00001b5a   0x00000002   PAD
    0x00001b5c   0x00001b5c   0x00000008   Code   RO          529    .text               c_w.l(rt_heap_descriptor_intlibspace.o)
    0x00001b64   0x00001b64   0x00000004   Code   RO          531    .text               c_w.l(hguard.o)
    0x00001b68   0x00001b68   0x0000008a   Code   RO          533    .text               c_w.l(init_alloc.o)
    0x00001bf2   0x00001bf2   0x0000005e   Code   RO          539    .text               c_w.l(h1_alloc.o)
    0x00001c50   0x00001c50   0x000000f8   Code   RO          557    .text               c_w.l(fseek.o)
    0x00001d48   0x00001d48   0x000000f0   Code   RO          559    .text               c_w.l(stdio.o)
    0x00001e38   0x00001e38   0x0000000a   Code   RO          568    .text               c_w.l(defsig_exit.o)
    0x00001e42   0x00001e42   0x00000002   PAD
    0x00001e44   0x00001e44   0x00000034   Code   RO          570    .text               c_w.l(defsig_rtred_inner.o)
    0x00001e78   0x00001e78   0x0000000c   Code   RO          584    .text               c_w.l(sys_exit.o)
    0x00001e84   0x00001e84   0x00000002   Code   RO          588    .text               c_w.l(use_no_semi.o)
    0x00001e86   0x00001e86   0x00000000   Code   RO          590    .text               c_w.l(indicate_semi.o)
    0x00001e86   0x00001e86   0x00000000   Code   RO          598    .text               c_w.l(maybetermalloc1.o)
    0x00001e86   0x00001e86   0x0000000e   Code   RO          600    .text               c_w.l(h1_init.o)
    0x00001e94   0x00001e94   0x00000034   Code   RO          602    .text               c_w.l(h1_extend.o)
    0x00001ec8   0x00001ec8   0x00000042   Code   RO          614    .text               c_w.l(ftell.o)
    0x00001f0a   0x00001f0a   0x00000032   Code   RO          622    .text               c_w.l(defsig_general.o)
    0x00001f3c   0x00001f3c   0x0000000e   Code   RO          624    .text               c_w.l(defsig_rtmem_outer.o)
    0x00001f4a   0x00001f4a   0x00000002   PAD
    0x00001f4c   0x00001f4c   0x00000050   Code   RO          630    .text               c_w.l(heapauxa.o)
    0x00001f9c   0x00001f9c   0x00000108   Code   RO          635    .text               c_w.l(_get_argv.o)
    0x000020a4   0x000020a4   0x0000000e   Code   RO          641    .text               c_w.l(sys_wrch.o)
    0x000020b2   0x000020b2   0x00000018   Code   RO          643    .text               c_w.l(sys_command.o)
    0x000020ca   0x000020ca   0x00000004   Code   RO          649    .text               c_w.l(hrguard.o)
    0x000020ce   0x000020ce   0x00000002   PAD
    0x000020d0   0x000020d0   0x00000050   Code   RO          653    .text               c_w.l(defsig_rtmem_inner.o)
    0x00002120   0x00002120   0x0000004c   Code   RO           36    .text.ITM_SendChar  retarget_io.o
    0x0000216c   0x0000216c   0x0000002e   Code   RO            4    .text.Qmpn2float    workshop4_main.o
    0x0000219a   0x0000219a   0x00000002   PAD
    0x0000219c   0x0000219c   0x00000036   Code   RO           78    .text.SystemInit    system_armcm4.o
    0x000021d2   0x000021d2   0x00000002   PAD
    0x000021d4   0x000021d4   0x0000004e   Code   RO           42    .text._sys_close    retarget_io.o
    0x00002222   0x00002222   0x00000002   PAD
    0x00002224   0x00002224   0x0000004c   Code   RO           54    .text._sys_flen     retarget_io.o
    0x00002270   0x00002270   0x0000004c   Code   RO           50    .text._sys_istty    retarget_io.o
    0x000022bc   0x000022bc   0x00000094   Code   RO           40    .text._sys_open     retarget_io.o
    0x00002350   0x00002350   0x0000005a   Code   RO           52    .text._sys_seek     retarget_io.o
    0x000023aa   0x000023aa   0x00000002   PAD
    0x000023ac   0x000023ac   0x0000008e   Code   RO           44    .text._sys_write    retarget_io.o
    0x0000243a   0x0000243a   0x00000002   PAD
    0x0000243c   0x0000243c   0x0000004e   Code   RO            2    .text.float2Qmpn    workshop4_main.o
    0x0000248a   0x0000248a   0x00000002   PAD
    0x0000248c   0x0000248c   0x00000732   Code   RO            6    .text.main          workshop4_main.o
    0x00002bbe   0x00002bbe   0x00000002   PAD
    0x00002bc0   0x00002bc0   0x00000014   Code   RO           46    .text.stdout_putchar  retarget_io.o
    0x00002bd4   0x00002bd4   0x0000003e   Code   RO          397    CL$$btod_d2e        c_w.l(btod.o)
    0x00002c12   0x00002c12   0x00000046   Code   RO          399    CL$$btod_d2e_denorm_low  c_w.l(btod.o)
    0x00002c58   0x00002c58   0x00000060   Code   RO          398    CL$$btod_d2e_norm_op1  c_w.l(btod.o)
    0x00002cb8   0x00002cb8   0x00000338   Code   RO          407    CL$$btod_div_common  c_w.l(btod.o)
    0x00002ff0   0x00002ff0   0x000000dc   Code   RO          404    CL$$btod_e2e        c_w.l(btod.o)
    0x000030cc   0x000030cc   0x0000002a   Code   RO          401    CL$$btod_ediv       c_w.l(btod.o)
    0x000030f6   0x000030f6   0x0000002a   Code   RO          400    CL$$btod_emul       c_w.l(btod.o)
    0x00003120   0x00003120   0x00000244   Code   RO          406    CL$$btod_mult_common  c_w.l(btod.o)
    0x00003364   0x00003364   0x00000030   Code   RO          516    i.__ARM_fpclassify  m_wm.l(fpclassify.o)
    0x00003394   0x00003394   0x00000104   Code   RO          108    i.__hardfp_fmod     m_wm.l(fmod.o)
    0x00003498   0x00003498   0x00000020   Code   RO          244    i.__mathlib_dbl_invalid  m_wm.l(dunder.o)
    0x000034b8   0x000034b8   0x0000000e   Code   RO          179    i._is_digit         c_w.l(__printf_wp.o)
    0x000034c6   0x000034c6   0x0000001a   Code   RO          301    i.fputc             c_w.l(fputc.o)
    0x000034e0   0x000034e0   0x0000002c   Code   RO          435    locale$$code        c_w.l(lc_numeric_c.o)
    0x0000350c   0x0000350c   0x0000002c   Code   RO          566    locale$$code        c_w.l(lc_ctype_c.o)
    0x00003538   0x00003538   0x000000bc   Code   RO           29    my_fancy_asm_code   workshop4_asm_functions_prob.o
    0x000035f4   0x000035f4   0x00000150   Code   RO          218    x$fpl$dadd          fz_wm.l(daddsub_clz.o)
    0x00003744   0x00003744   0x000002b0   Code   RO          315    x$fpl$ddiv          fz_wm.l(ddiv.o)
    0x000039f4   0x000039f4   0x0000005e   Code   RO           96    x$fpl$dfix          fz_wm.l(dfix.o)
    0x00003a52   0x00003a52   0x0000002e   Code   RO          101    x$fpl$dflt          fz_wm.l(dflt_clz.o)
    0x00003a80   0x00003a80   0x0000009c   Code   RO          224    x$fpl$dnaninf       fz_wm.l(dnaninf.o)
    0x00003b1c   0x00003b1c   0x00000150   Code   RO          226    x$fpl$drem          fz_wm.l(drem_clz.o)
    0x00003c6c   0x00003c6c   0x0000000c   Code   RO          228    x$fpl$dretinf       fz_wm.l(dretinf.o)
    0x00003c78   0x00003c78   0x00000016   Code   RO          219    x$fpl$drsb          fz_wm.l(daddsub_clz.o)
    0x00003c8e   0x00003c8e   0x00000002   PAD
    0x00003c90   0x00003c90   0x000001d4   Code   RO          220    x$fpl$dsub          fz_wm.l(daddsub_clz.o)
    0x00003e64   0x00003e64   0x00000056   Code   RO          106    x$fpl$f2d           fz_wm.l(f2d.o)
    0x00003eba   0x00003eba   0x0000008c   Code   RO          230    x$fpl$fnaninf       fz_wm.l(fnaninf.o)
    0x00003f46   0x00003f46   0x0000001a   Code   RO          582    x$fpl$fpinit        fz_wm.l(fpinit.o)
    0x00003f60   0x00003f60   0x00000004   Code   RO          232    x$fpl$printf1       fz_wm.l(printf1.o)
    0x00003f64   0x00003f64   0x00000004   Code   RO          234    x$fpl$printf2       fz_wm.l(printf2.o)
    0x00003f68   0x00003f68   0x00000000   Code   RO          240    x$fpl$usenofp       fz_wm.l(usenofp.o)
    0x00003f68   0x00003f68   0x00000008   Data   RO          138    .constdata          c_w.l(_printf_wctomb.o)
    0x00003f70   0x00003f70   0x00000028   Data   RO          167    .constdata          c_w.l(_printf_hex_int_ll_ptr.o)
    0x00003f98   0x00003f98   0x00000011   Data   RO          187    .constdata          c_w.l(__printf_flags_ss_wp.o)
    0x00003fa9   0x00003fa9   0x00000026   Data   RO          289    .constdata          c_w.l(_printf_fp_hex.o)
    0x00003fcf   0x00003fcf   0x00000001   PAD
    0x00003fd0   0x00003fd0   0x00000094   Data   RO          395    .constdata          c_w.l(bigflt0.o)
    0x00004064   0x00004064   0x00000008   Data   RO           59    .rodata.__stderr_name  retarget_io.o
    0x0000406c   0x0000406c   0x00000007   Data   RO           57    .rodata.__stdin_name  retarget_io.o
    0x00004073   0x00004073   0x00000008   Data   RO           58    .rodata.__stdout_name  retarget_io.o
    0x0000407b   0x0000407b   0x00000061   Data   RO           19    .rodata.str1.1      workshop4_main.o
    0x000040dc   0x000040dc   0x00000017   Data   RO           60    .rodata.str1.1      retarget_io.o
    0x000040f3   0x000040f3   0x00000001   PAD
    0x000040f4   0x000040f4   0x00000020   Data   RO          679    Region$$Table       anon$$obj.o
    0x00004114   0x00004114   0x0000001c   Data   RO          434    locale$$data        c_w.l(lc_numeric_c.o)
    0x00004130   0x00004130   0x00000110   Data   RO          565    locale$$data        c_w.l(lc_ctype_c.o)


    Execution Region RW_IRAM1 (Exec base: 0x20000000, Load base: 0x00004240, Size: 0x00001250, Max: 0x00010000, ABSOLUTE)

    Exec Addr    Load Addr    Size         Type   Attr      Idx    E Section Name        Object

    0x20000000   0x00004240   0x00000004   Data   RW          215    .data               c_w.l(stdio_streams.o)
    0x20000004   0x00004244   0x00000004   Data   RW          216    .data               c_w.l(stdio_streams.o)
    0x20000008   0x00004248   0x00000004   Data   RW          217    .data               c_w.l(stdio_streams.o)
    0x2000000c   0x0000424c   0x00000004   Data   RW          631    .data               c_w.l(heapauxa.o)
    0x20000010   0x00004250   0x00000004   Data   RW           80    .data.SystemCoreClock  system_armcm4.o
    0x20000014   0x00004254   0x00000004   Data   RW            8    .data.n             workshop4_main.o
    0x20000018   0x00004258   0x00000020   Data   RW            9    .data.real_array1   workshop4_main.o
    0x20000038   0x00004278   0x00000020   Data   RW           10    .data.real_array2   workshop4_main.o
    0x20000058        -       0x00000054   Zero   RW          212    .bss                c_w.l(stdio_streams.o)
    0x200000ac        -       0x00000054   Zero   RW          213    .bss                c_w.l(stdio_streams.o)
    0x20000100        -       0x00000054   Zero   RW          214    .bss                c_w.l(stdio_streams.o)
    0x20000154        -       0x00000060   Zero   RW          321    .bss                c_w.l(libspace.o)
    0x200001b4        -       0x00000020   Zero   RW           11    .bss.int_array1     workshop4_main.o
    0x200001d4        -       0x00000020   Zero   RW           13    .bss.int_array2     workshop4_main.o
    0x200001f4        -       0x00000020   Zero   RW           20    .bss.int_array3     workshop4_main.o
    0x20000214        -       0x00000004   Zero   RW           12    .bss.pint1          workshop4_main.o
    0x20000218        -       0x00000004   Zero   RW           14    .bss.pint2          workshop4_main.o
    0x2000021c        -       0x00000004   Zero   RW           21    .bss.pint3          workshop4_main.o
    0x20000220        -       0x00000004   Zero   RW           15    .bss.preal1         workshop4_main.o
    0x20000224        -       0x00000004   Zero   RW           16    .bss.preal2         workshop4_main.o
    0x20000228        -       0x00000004   Zero   RW           18    .bss.preal3         workshop4_main.o
    0x2000022c        -       0x00000020   Zero   RW           17    .bss.real_array3    workshop4_main.o
    0x2000024c   0x00004298   0x00000004   PAD
    0x20000250        -       0x00000c00   Zero   RW           69    HEAP                startup_armcm4.o
    0x20000e50        -       0x00000400   Zero   RW           68    STACK               startup_armcm4.o


==============================================================================

Image component sizes


      Code (inc. data)   RO Data    RW Data    ZI Data      Debug   Object Name

       706          0         46          0          0       2858   retarget_io.o
        56         10        960          0       4096       1172   startup_armcm4.o
        54          0          0          4          0       1325   system_armcm4.o
       188          0          0          0          0        544   workshop4_asm_functions_prob.o
      1966          0         97         68        152       2061   workshop4_main.o

    ----------------------------------------------------------------------
      2984         10       1136         72       4252       7960   Object Totals
         0          0         32          0          0          0   (incl. Generated)
        14          0          1          0          4          0   (incl. Padding)

    ----------------------------------------------------------------------

      Code (inc. data)   RO Data    RW Data    ZI Data      Debug   Library Member Name

         8          0          0          0          0         68   __main.o
       392          4         17          0          0         92   __printf_flags_ss_wp.o
        14          0          0          0          0         68   __printf_wp.o
         0          0          0          0          0          0   __rtentry.o
        12          0          0          0          0          0   __rtentry2.o
         8          4          0          0          0          0   __rtentry5.o
        52          8          0          0          0          0   __scatter.o
        26          0          0          0          0          0   __scatter_copy.o
        28          0          0          0          0          0   __scatter_zi.o
        72          0          0          0          0         96   _c16rtomb.o
       264          0          0          0          0         96   _get_argv.o
         6          0          0          0          0          0   _printf_a.o
         6          0          0          0          0          0   _printf_c.o
        44          0          0          0          0        108   _printf_char.o
        48          6          0          0          0         96   _printf_char_common.o
        36          4          0          0          0         80   _printf_char_file.o
        40          0          0          0          0         68   _printf_charcount.o
         6          0          0          0          0          0   _printf_d.o
       120         16          0          0          0         92   _printf_dec.o
         6          0          0          0          0          0   _printf_e.o
         6          0          0          0          0          0   _printf_f.o
      1052          0          0          0          0        148   _printf_fp_dec.o
       764          8         38          0          0        100   _printf_fp_hex.o
       128         16          0          0          0         84   _printf_fp_infnan.o
         6          0          0          0          0          0   _printf_g.o
       148          4         40          0          0        160   _printf_hex_int_ll_ptr.o
         6          0          0          0          0          0   _printf_i.o
       178          0          0          0          0         88   _printf_intcommon.o
        10          0          0          0          0          0   _printf_l.o
         6          0          0          0          0          0   _printf_lc.o
        10          0          0          0          0          0   _printf_ll.o
         6          0          0          0          0          0   _printf_lld.o
         6          0          0          0          0          0   _printf_lli.o
         6          0          0          0          0          0   _printf_llo.o
         6          0          0          0          0          0   _printf_llu.o
         6          0          0          0          0          0   _printf_llx.o
       124         16          0          0          0         92   _printf_longlong_dec.o
         6          0          0          0          0          0   _printf_ls.o
         6          0          0          0          0          0   _printf_n.o
         6          0          0          0          0          0   _printf_o.o
       112          8          0          0          0        124   _printf_oct_int_ll.o
         6          0          0          0          0          0   _printf_p.o
        78          0          0          0          0        108   _printf_pad.o
         0          0          0          0          0          0   _printf_percent.o
         4          0          0          0          0          0   _printf_percent_end.o
         6          0          0          0          0          0   _printf_s.o
        82          0          0          0          0         80   _printf_str.o
        36          0          0          0          0         84   _printf_truncate.o
         6          0          0          0          0          0   _printf_u.o
        44          0          0          0          0        108   _printf_wchar.o
       188          6          8          0          0         92   _printf_wctomb.o
         6          0          0          0          0          0   _printf_x.o
        22          0          0          0          0        100   _rserrno.o
         4          0          0          0          0         68   argv_veneer.o
       228          4        148          0          0         96   bigflt0.o
      1936        128          0          0          0        672   btod.o
        10          0          0          0          0         68   defsig_exit.o
        50          0          0          0          0         88   defsig_general.o
        80         58          0          0          0         76   defsig_rtmem_inner.o
        14          0          0          0          0         80   defsig_rtmem_outer.o
        52         38          0          0          0         76   defsig_rtred_inner.o
        14          0          0          0          0         80   defsig_rtred_outer.o
        18          0          0          0          0         80   exit.o
        76          0          0          0          0         88   fclose.o
         8          0          0          0          0         68   ferror.o
       470          0          0          0          0         88   flsbuf.o
       236          4          0          0          0        128   fopen.o
        26          0          0          0          0         68   fputc.o
       248          6          0          0          0         84   fseek.o
        66          0          0          0          0         76   ftell.o
        94          0          0          0          0         80   h1_alloc.o
        52          0          0          0          0         68   h1_extend.o
        78          0          0          0          0         80   h1_free.o
        14          0          0          0          0         84   h1_init.o
        80          6          0          4          0         96   heapauxa.o
         4          0          0          0          0        136   hguard.o
         4          0          0          0          0        136   hrguard.o
         0          0          0          0          0          0   indicate_semi.o
       138          0          0          0          0        168   init_alloc.o
       312         46          0          0          0        112   initio.o
        44         10        272          0          0         76   lc_ctype_c.o
        44         10         28          0          0         76   lc_numeric_c.o
         2          0          0          0          0          0   libinit.o
        46          0          0          0          0          0   libinit2.o
        16          8          0          0          0          0   libinit3.o
         2          0          0          0          0          0   libshutdown.o
         6          0          0          0          0          0   libshutdown2.o
         0          0          0          0         96          0   libspace.o
       138          0          0          0          0         80   lludiv10.o
         0          0          0          0          0          0   maybetermalloc1.o
        24          4          0          0          0         84   printf.o
        16          4          0          0          0         76   rt_ctype_table.o
         8          4          0          0          0         68   rt_errno_addr_intlibspace.o
         8          4          0          0          0         68   rt_heap_descriptor_intlibspace.o
         8          4          0          0          0         68   rt_locale_intlibspace.o
        78          0          0          0          0         80   rt_memclr_w.o
         2          0          0          0          0          0   rtexit.o
        10          0          0          0          0          0   rtexit2.o
        70          0          0          0          0         80   setvbuf.o
       240          6          0          0          0        156   stdio.o
         0          0          0         12        252          0   stdio_streams.o
       124          0          0          0          0         88   strcmpv7em.o
        24          0          0          0          0         76   sys_command.o
        12          4          0          0          0         68   sys_exit.o
        14          0          0          0          0         76   sys_wrch.o
         2          0          0          0          0         68   use_no_semi.o
       826         16          0          0          0        500   daddsub_clz.o
       688        140          0          0          0        264   ddiv.o
        94          4          0          0          0        140   dfix.o
        46          0          0          0          0        116   dflt_clz.o
       156          4          0          0          0        140   dnaninf.o
       336         12          0          0          0        136   drem_clz.o
        12          0          0          0          0        116   dretinf.o
        86          4          0          0          0        132   f2d.o
       140          4          0          0          0        132   fnaninf.o
        26          0          0          0          0        116   fpinit.o
         4          0          0          0          0        116   printf1.o
         4          0          0          0          0        116   printf2.o
         0          0          0          0          0          0   usenofp.o
        32          8          0          0          0        124   dunder.o
       260          6          0          0          0        144   fmod.o
        48          0          0          0          0        124   fpclassify.o

    ----------------------------------------------------------------------
     12288        646        552         16        348       8880   Library Totals
        16          0          1          0          0          0   (incl. Padding)

    ----------------------------------------------------------------------

      Code (inc. data)   RO Data    RW Data    ZI Data      Debug   Library Name

      9514        448        551         16        348       6464   c_w.l
      2418        184          0          0          0       2024   fz_wm.l
       340         14          0          0          0        392   m_wm.l

    ----------------------------------------------------------------------
     12288        646        552         16        348       8880   Library Totals

    ----------------------------------------------------------------------

==============================================================================


      Code (inc. data)   RO Data    RW Data    ZI Data      Debug   

     15272        656       1688         88       4600      11620   Grand Totals
     15272        656       1688         88       4600      11620   ELF Image Totals
     15272        656       1688         88          0          0   ROM Totals

==============================================================================

    Total RO  Size (Code + RO Data)                16960 (  16.56kB)
    Total RW  Size (RW Data + ZI Data)              4688 (   4.58kB)
    Total ROM Size (Code + RO Data + RW Data)      17048 (  16.65kB)

==============================================================================

